Component: ARM Compiler 5.06 update 2 (build 183) Tool: armlink [4d35b7]

==============================================================================

Section Cross References

    main.o(i.main) refers to delay.o(i.delay_init) for delay_init
    main.o(i.main) refers to led.o(i.gpio_Init) for gpio_Init
    main.o(i.main) refers to delay.o(i.delay_ms) for delay_ms
    main.o(i.main) refers to at24c02.o(i.AT24C02_Init) for AT24C02_Init
    main.o(i.main) refers to at24c02.o(i.GetDeviceInformation) for GetDeviceInformation
    main.o(i.main) refers to sm2200.o(i.SM2200_Init) for SM2200_Init
    main.o(i.main) refers to time.o(i.TIM3_Init) for TIM3_Init
    main.o(i.main) refers to uart.o(i.uart_init) for uart_init
    main.o(i.main) refers to w5200.o(i.RJ45_1_Init) for RJ45_1_Init
    main.o(i.main) refers to w5200.o(i.RJ45_1_TCP_ServiceInit) for RJ45_1_TCP_ServiceInit
    main.o(i.main) refers to w5200.o(i.RJ45_2_Init) for RJ45_2_Init
    main.o(i.main) refers to w5200.o(i.RJ45_2_TCP_Init) for RJ45_2_TCP_Init
    main.o(i.main) refers to main.o(.data) for Voltage
    main.o(i.main) refers to main.o(.bss) for ChannelFrenquence
    system_stm32f4xx.o(i.SystemCoreClockUpdate) refers to system_stm32f4xx.o(.data) for SystemCoreClock
    system_stm32f4xx.o(i.SystemInit) refers to system_stm32f4xx.o(i.SetSysClock) for SetSysClock
    startup_stm32f40_41xxx.o(STACK) refers (Special) to heapauxi.o(.text) for __use_two_region_memory
    startup_stm32f40_41xxx.o(HEAP) refers (Special) to heapauxi.o(.text) for __use_two_region_memory
    startup_stm32f40_41xxx.o(RESET) refers (Special) to heapauxi.o(.text) for __use_two_region_memory
    startup_stm32f40_41xxx.o(RESET) refers to startup_stm32f40_41xxx.o(STACK) for __initial_sp
    startup_stm32f40_41xxx.o(RESET) refers to startup_stm32f40_41xxx.o(.text) for Reset_Handler
    startup_stm32f40_41xxx.o(RESET) refers to wwdg.o(i.WWDG_IRQHandler) for WWDG_IRQHandler
    startup_stm32f40_41xxx.o(RESET) refers to sm2200.o(i.EXTI0_IRQHandler) for EXTI0_IRQHandler
    startup_stm32f40_41xxx.o(RESET) refers to w5200.o(i.EXTI9_5_IRQHandler) for EXTI9_5_IRQHandler
    startup_stm32f40_41xxx.o(RESET) refers to time.o(i.TIM3_IRQHandler) for TIM3_IRQHandler
    startup_stm32f40_41xxx.o(RESET) refers to uart.o(i.USART1_IRQHandler) for USART1_IRQHandler
    startup_stm32f40_41xxx.o(RESET) refers to w5200.o(i.EXTI15_10_IRQHandler) for EXTI15_10_IRQHandler
    startup_stm32f40_41xxx.o(.text) refers (Special) to heapauxi.o(.text) for __use_two_region_memory
    startup_stm32f40_41xxx.o(.text) refers to system_stm32f4xx.o(i.SystemInit) for SystemInit
    startup_stm32f40_41xxx.o(.text) refers to __main.o(!!!main) for __main
    startup_stm32f40_41xxx.o(.text) refers to startup_stm32f40_41xxx.o(HEAP) for Heap_Mem
    startup_stm32f40_41xxx.o(.text) refers to startup_stm32f40_41xxx.o(STACK) for Stack_Mem
    stm32f4xx_gpio.o(i.GPIO_DeInit) refers to stm32f4xx_rcc.o(i.RCC_AHB1PeriphResetCmd) for RCC_AHB1PeriphResetCmd
    stm32f4xx_rcc.o(i.RCC_GetClocksFreq) refers to stm32f4xx_rcc.o(.data) for APBAHBPrescTable
    stm32f4xx_rcc.o(i.RCC_WaitForHSEStartUp) refers to stm32f4xx_rcc.o(i.RCC_GetFlagStatus) for RCC_GetFlagStatus
    stm32f4xx_fsmc.o(i.FSMC_NORSRAMStructInit) refers to stm32f4xx_fsmc.o(.constdata) for FSMC_DefaultTimingStruct
    stm32f4xx_spi.o(i.SPI_I2S_DeInit) refers to stm32f4xx_rcc.o(i.RCC_APB2PeriphResetCmd) for RCC_APB2PeriphResetCmd
    stm32f4xx_spi.o(i.SPI_I2S_DeInit) refers to stm32f4xx_rcc.o(i.RCC_APB1PeriphResetCmd) for RCC_APB1PeriphResetCmd
    stm32f4xx_syscfg.o(i.SYSCFG_DeInit) refers to stm32f4xx_rcc.o(i.RCC_APB2PeriphResetCmd) for RCC_APB2PeriphResetCmd
    stm32f4xx_tim.o(i.TIM_DeInit) refers to stm32f4xx_rcc.o(i.RCC_APB2PeriphResetCmd) for RCC_APB2PeriphResetCmd
    stm32f4xx_tim.o(i.TIM_DeInit) refers to stm32f4xx_rcc.o(i.RCC_APB1PeriphResetCmd) for RCC_APB1PeriphResetCmd
    stm32f4xx_tim.o(i.TIM_ETRClockMode1Config) refers to stm32f4xx_tim.o(i.TIM_ETRConfig) for TIM_ETRConfig
    stm32f4xx_tim.o(i.TIM_ETRClockMode2Config) refers to stm32f4xx_tim.o(i.TIM_ETRConfig) for TIM_ETRConfig
    stm32f4xx_tim.o(i.TIM_ICInit) refers to stm32f4xx_tim.o(i.TI1_Config) for TI1_Config
    stm32f4xx_tim.o(i.TIM_ICInit) refers to stm32f4xx_tim.o(i.TIM_SetIC1Prescaler) for TIM_SetIC1Prescaler
    stm32f4xx_tim.o(i.TIM_ICInit) refers to stm32f4xx_tim.o(i.TI2_Config) for TI2_Config
    stm32f4xx_tim.o(i.TIM_ICInit) refers to stm32f4xx_tim.o(i.TIM_SetIC2Prescaler) for TIM_SetIC2Prescaler
    stm32f4xx_tim.o(i.TIM_ICInit) refers to stm32f4xx_tim.o(i.TI3_Config) for TI3_Config
    stm32f4xx_tim.o(i.TIM_ICInit) refers to stm32f4xx_tim.o(i.TIM_SetIC3Prescaler) for TIM_SetIC3Prescaler
    stm32f4xx_tim.o(i.TIM_ICInit) refers to stm32f4xx_tim.o(i.TI4_Config) for TI4_Config
    stm32f4xx_tim.o(i.TIM_ICInit) refers to stm32f4xx_tim.o(i.TIM_SetIC4Prescaler) for TIM_SetIC4Prescaler
[...]
    Removing stm32f4xx_tim.o(i.TIM_SelectOutputTrigger), (18 bytes).
    Removing stm32f4xx_tim.o(i.TIM_SelectSlaveMode), (18 bytes).
    Removing stm32f4xx_tim.o(i.TIM_SetAutoreload), (4 bytes).
    Removing stm32f4xx_tim.o(i.TIM_SetClockDivision), (18 bytes).
    Removing stm32f4xx_tim.o(i.TIM_SetCompare1), (4 bytes).
    Removing stm32f4xx_tim.o(i.TIM_SetCompare2), (4 bytes).
    Removing stm32f4xx_tim.o(i.TIM_SetCompare3), (4 bytes).
    Removing stm32f4xx_tim.o(i.TIM_SetCompare4), (4 bytes).
    Removing stm32f4xx_tim.o(i.TIM_SetCounter), (4 bytes).
    Removing stm32f4xx_tim.o(i.TIM_SetIC1Prescaler), (18 bytes).
    Removing stm32f4xx_tim.o(i.TIM_SetIC2Prescaler), (26 bytes).
    Removing stm32f4xx_tim.o(i.TIM_SetIC3Prescaler), (18 bytes).
    Removing stm32f4xx_tim.o(i.TIM_SetIC4Prescaler), (26 bytes).
    Removing stm32f4xx_tim.o(i.TIM_TIxExternalClockConfig), (62 bytes).
    Removing stm32f4xx_tim.o(i.TIM_TimeBaseStructInit), (18 bytes).
    Removing stm32f4xx_tim.o(i.TIM_UpdateDisableConfig), (24 bytes).
    Removing stm32f4xx_tim.o(i.TIM_UpdateRequestConfig), (24 bytes).
    Removing stm32f4xx_usart.o(.rev16_text), (4 bytes).
    Removing stm32f4xx_usart.o(.revsh_text), (4 bytes).
    Removing stm32f4xx_usart.o(i.USART_ClearFlag), (18 bytes).
    Removing stm32f4xx_usart.o(i.USART_ClearITPendingBit), (30 bytes).
    Removing stm32f4xx_usart.o(i.USART_ClockInit), (32 bytes).
    Removing stm32f4xx_usart.o(i.USART_ClockStructInit), (12 bytes).
    Removing stm32f4xx_usart.o(i.USART_DMACmd), (18 bytes).
    Removing stm32f4xx_usart.o(i.USART_DeInit), (240 bytes).
    Removing stm32f4xx_usart.o(i.USART_GetFlagStatus), (26 bytes).
    Removing stm32f4xx_usart.o(i.USART_HalfDuplexCmd), (24 bytes).
    Removing stm32f4xx_usart.o(i.USART_IrDACmd), (24 bytes).
    Removing stm32f4xx_usart.o(i.USART_IrDAConfig), (18 bytes).
    Removing stm32f4xx_usart.o(i.USART_LINBreakDetectLengthConfig), (18 bytes).
    Removing stm32f4xx_usart.o(i.USART_LINCmd), (24 bytes).
    Removing stm32f4xx_usart.o(i.USART_OneBitMethodCmd), (24 bytes).
    Removing stm32f4xx_usart.o(i.USART_OverSampling8Cmd), (22 bytes).
    Removing stm32f4xx_usart.o(i.USART_ReceiverWakeUpCmd), (24 bytes).
    Removing stm32f4xx_usart.o(i.USART_SendBreak), (10 bytes).
    Removing stm32f4xx_usart.o(i.USART_SendData), (8 bytes).
    Removing stm32f4xx_usart.o(i.USART_SetAddress), (18 bytes).
    Removing stm32f4xx_usart.o(i.USART_SetGuardTime), (16 bytes).
    Removing stm32f4xx_usart.o(i.USART_SetPrescaler), (16 bytes).
    Removing stm32f4xx_usart.o(i.USART_SmartCardCmd), (24 bytes).
    Removing stm32f4xx_usart.o(i.USART_SmartCardNACKCmd), (24 bytes).
    Removing stm32f4xx_usart.o(i.USART_StructInit), (24 bytes).
    Removing stm32f4xx_usart.o(i.USART_WakeUpConfig), (18 bytes).
    Removing stm32f4xx_dma.o(.rev16_text), (4 bytes).
    Removing stm32f4xx_dma.o(.revsh_text), (4 bytes).
    Removing stm32f4xx_dma.o(i.DMA_ClearFlag), (52 bytes).
    Removing stm32f4xx_dma.o(i.DMA_ClearITPendingBit), (52 bytes).
    Removing stm32f4xx_dma.o(i.DMA_Cmd), (22 bytes).
    Removing stm32f4xx_dma.o(i.DMA_DeInit), (344 bytes).
    Removing stm32f4xx_dma.o(i.DMA_DoubleBufferModeCmd), (22 bytes).
    Removing stm32f4xx_dma.o(i.DMA_DoubleBufferModeConfig), (24 bytes).
    Removing stm32f4xx_dma.o(i.DMA_FlowControllerConfig), (22 bytes).
    Removing stm32f4xx_dma.o(i.DMA_GetCmdStatus), (20 bytes).
    Removing stm32f4xx_dma.o(i.DMA_GetCurrDataCounter), (8 bytes).
    Removing stm32f4xx_dma.o(i.DMA_GetCurrentMemoryTarget), (20 bytes).
    Removing stm32f4xx_dma.o(i.DMA_GetFIFOStatus), (12 bytes).
    Removing stm32f4xx_dma.o(i.DMA_GetFlagStatus), (68 bytes).
    Removing stm32f4xx_dma.o(i.DMA_GetITStatus), (100 bytes).
    Removing stm32f4xx_dma.o(i.DMA_ITConfig), (58 bytes).
    Removing stm32f4xx_dma.o(i.DMA_Init), (88 bytes).
    Removing stm32f4xx_dma.o(i.DMA_MemoryTargetConfig), (10 bytes).
    Removing stm32f4xx_dma.o(i.DMA_PeriphIncOffsetSizeConfig), (22 bytes).
    Removing stm32f4xx_dma.o(i.DMA_SetCurrDataCounter), (4 bytes).
    Removing stm32f4xx_dma.o(i.DMA_StructInit), (34 bytes).
    Removing stm32f4xx_wwdg.o(.rev16_text), (4 bytes).
    Removing stm32f4xx_wwdg.o(.revsh_text), (4 bytes).
    Removing stm32f4xx_wwdg.o(i.WWDG_DeInit), (22 bytes).
    Removing stm32f4xx_wwdg.o(i.WWDG_Enable), (16 bytes).
    Removing stm32f4xx_wwdg.o(i.WWDG_EnableIT), (12 bytes).
    Removing stm32f4xx_wwdg.o(i.WWDG_GetFlagStatus), (20 bytes).
    Removing stm32f4xx_wwdg.o(i.WWDG_SetPrescaler), (24 bytes).
    Removing stm32f4xx_wwdg.o(i.WWDG_SetWindowValue), (40 bytes).
    Removing led.o(.rev16_text), (4 bytes).
    Removing led.o(.revsh_text), (4 bytes).
    Removing led.o(i.Key_Init), (128 bytes).
    Removing lcd.o(.rev16_text), (4 bytes).
    Removing lcd.o(.revsh_text), (4 bytes).
    Removing lcd.o(i.LCD_CLS), (56 bytes).
    Removing lcd.o(i.LCD_Fill), (58 bytes).
    Removing lcd.o(i.LCD_Init), (256 bytes).
    Removing lcd.o(i.LCD_P6x8Str), (68 bytes).
    Removing lcd.o(i.LCD_Set_Pos), (40 bytes).
    Removing lcd.o(i.LCD_ShowNum), (200 bytes).
    Removing lcd.o(i.LCD_Show_M), (280 bytes).
    Removing lcd.o(i.LCD_WrCmd), (128 bytes).
    Removing lcd.o(i.LCD_WrDat), (128 bytes).
    Removing lcd.o(i.SetAddressingMode), (18 bytes).
    Removing lcd.o(i.SetContrastControl), (18 bytes).
    Removing lcd.o(i.SetStartLine), (14 bytes).
    Removing lcd.o(i.Set_Charge_Pump), (20 bytes).
    Removing lcd.o(i.Set_Common_Config), (20 bytes).
    Removing lcd.o(i.Set_Common_Remap), (14 bytes).
    Removing lcd.o(i.Set_Display_Clock), (18 bytes).
    Removing lcd.o(i.Set_Display_Offset), (18 bytes).
    Removing lcd.o(i.Set_Display_On_Off), (14 bytes).
    Removing lcd.o(i.Set_Entire_Display), (14 bytes).
    Removing lcd.o(i.Set_Inverse_Display), (14 bytes).
    Removing lcd.o(i.Set_Multiplex_Ratio), (18 bytes).
    Removing lcd.o(i.Set_Precharge_Period), (18 bytes).
    Removing lcd.o(i.Set_Segment_Remap), (14 bytes).
    Removing lcd.o(i.Set_VCOMH), (18 bytes).
    Removing lcd.o(i.adjust), (12 bytes).
    Removing lcd.o(.constdata), (552 bytes).
    Removing sm2200.o(.rev16_text), (4 bytes).
    Removing sm2200.o(.revsh_text), (4 bytes).
    Removing sm2200.o(i.NVIC_EXTI), (40 bytes).
    Removing sm2200.o(i.SM2200Respond), (332 bytes).
    Removing sm2200.o(i.SM2200_Send), (156 bytes).
    Removing sm2200.o(i.SetSm2200Frenquence), (64 bytes).
    Removing w5200.o(.rev16_text), (4 bytes).
    Removing w5200.o(.revsh_text), (4 bytes).
    Removing w5200.o(i.Message_Rece), (224 bytes).
    Removing w5200.o(i.Message_Send), (180 bytes).
    Removing w5200.o(i.RJ45_1_TCP_ClientInit), (292 bytes).
    Removing w5200.o(i.RJ45_1_TcpOpen), (76 bytes).
    Removing w5200.o(i.RJ45_1_Write), (360 bytes).
    Removing w5200.o(i.RJ45_2_Deal), (184 bytes).
    Removing w5200.o(i.RJ45_2_Write), (348 bytes).
    Removing at24c02.o(.rev16_text), (4 bytes).
    Removing at24c02.o(.revsh_text), (4 bytes).
    Removing at24c02.o(i.AT24C02_Write), (36 bytes).
    Removing at24c02.o(i.AT24C02_WriteOneByte), (64 bytes).
    Removing at24c02.o(i.SetDeviceInformation), (40 bytes).
    Removing uart.o(.rev16_text), (4 bytes).
    Removing uart.o(.revsh_text), (4 bytes).
    Removing uart.o(i.USART_Send), (44 bytes).
    Removing wwdg.o(.rev16_text), (4 bytes).
    Removing wwdg.o(.revsh_text), (4 bytes).
    Removing wwdg.o(i.WWDG_Init), (88 bytes).
    Removing delay.o(.rev16_text), (4 bytes).
    Removing delay.o(.revsh_text), (4 bytes).
    Removing delay.o(i.delay_us), (76 bytes).
    Removing time.o(.rev16_text), (4 bytes).
    Removing time.o(.revsh_text), (4 bytes).
    Removing selftest.o(.rev16_text), (4 bytes).
    Removing selftest.o(.revsh_text), (4 bytes).
    Removing selftest.o(i.SelfTest), (520 bytes).
    Removing selftest.o(.data), (1 bytes).
    Removing optest.o(.rev16_text), (4 bytes).
    Removing optest.o(.revsh_text), (4 bytes).
    Removing optest.o(i.OPTest), (684 bytes).
    Removing optest.o(.data), (1 bytes).
    Removing netcheck.o(.rev16_text), (4 bytes).
    Removing netcheck.o(.revsh_text), (4 bytes).
    Removing netcheck.o(i.NetTest), (2 bytes).
    Removing simulation.o(.rev16_text), (4 bytes).
    Removing simulation.o(.revsh_text), (4 bytes).
    Removing simulation.o(i.DealInformation_1), (828 bytes).
    Removing simulation.o(i.FindChatChannel), (1064 bytes).
    Removing simulation.o(i.MasterCheck_1), (1424 bytes).
    Removing simulation.o(i.MasterCheck_2), (1328 bytes).
    Removing simulation.o(i.MasterCheck_3), (316 bytes).
    Removing simulation.o(i.SlaveCheck_1), (484 bytes).
    Removing simulation.o(i.SlaveCheck_2), (484 bytes).
    Removing simulation.o(.bss), (126 bytes).
    Removing simulation.o(.data), (5 bytes).
    Removing sendreceive.o(.rev16_text), (4 bytes).
    Removing sendreceive.o(.revsh_text), (4 bytes).
    Removing sendreceive.o(i.SendRece), (2 bytes).
    Removing devicetodevice.o(.rev16_text), (4 bytes).
    Removing devicetodevice.o(.revsh_text), (4 bytes).
    Removing devicetodevice.o(i.DeviceToDevice), (2 bytes).

362 unused section(s) (total 21765 bytes) removed from the image.

==============================================================================

Image Symbol Table

    Local Symbols

    Symbol Name                              Value     Ov Type        Size  Object(Section)

    ../clib/angel/boardlib.s                 0x00000000   Number         0  boardinit1.o ABSOLUTE
    ../clib/angel/boardlib.s                 0x00000000   Number         0  boardshut.o ABSOLUTE
    ../clib/angel/boardlib.s                 0x00000000   Number         0  boardinit3.o ABSOLUTE
    ../clib/angel/boardlib.s                 0x00000000   Number         0  boardinit2.o ABSOLUTE
    ../clib/angel/handlers.s                 0x00000000   Number         0  __scatter_zi.o ABSOLUTE
    ../clib/angel/handlers.s                 0x00000000   Number         0  __scatter_copy.o ABSOLUTE
    ../clib/angel/kernel.s                   0x00000000   Number         0  rtexit2.o ABSOLUTE
    ../clib/angel/kernel.s                   0x00000000   Number         0  __rtentry2.o ABSOLUTE
    ../clib/angel/kernel.s                   0x00000000   Number         0  __rtentry4.o ABSOLUTE
    ../clib/angel/kernel.s                   0x00000000   Number         0  rtexit.o ABSOLUTE
    ../clib/angel/kernel.s                   0x00000000   Number         0  __rtentry.o ABSOLUTE
    ../clib/angel/rt.s                       0x00000000   Number         0  rt_raise.o ABSOLUTE
    ../clib/angel/scatter.s                  0x00000000   Number         0  __scatter.o ABSOLUTE
    ../clib/angel/startup.s                  0x00000000   Number         0  __main.o ABSOLUTE
    ../clib/angel/sys.s                      0x00000000   Number         0  sys_stackheap_outer.o ABSOLUTE
    ../clib/angel/sys.s                      0x00000000   Number         0  indicate_semi.o ABSOLUTE
    ../clib/angel/sys.s                      0x00000000   Number         0  libspace.o ABSOLUTE
    ../clib/angel/sys.s                      0x00000000   Number         0  use_no_semi.o ABSOLUTE
    ../clib/angel/sysapp.c                   0x00000000   Number         0  sys_exit.o ABSOLUTE
    ../clib/angel/sysapp.c                   0x00000000   Number         0  sys_wrch.o ABSOLUTE
    ../clib/angel/sysapp.c                   0x00000000   Number         0  sys_command.o ABSOLUTE
    ../clib/armsys.c                         0x00000000   Number         0  no_argv.o ABSOLUTE
    ../clib/armsys.c                         0x00000000   Number         0  _get_argv_nomalloc.o ABSOLUTE
    ../clib/armsys.c                         0x00000000   Number         0  argv_veneer.o ABSOLUTE
    ../clib/armsys.c                         0x00000000   Number         0  argv_veneer.o ABSOLUTE
    ../clib/heapalloc.c                      0x00000000   Number         0  hrguard.o ABSOLUTE
    ../clib/heapaux.c                        0x00000000   Number         0  heapauxi.o ABSOLUTE
    ../clib/libinit.s                        0x00000000   Number         0  libinit2.o ABSOLUTE
    ../clib/libinit.s                        0x00000000   Number         0  libinit.o ABSOLUTE
    ../clib/libinit.s                        0x00000000   Number         0  libshutdown.o ABSOLUTE
    ../clib/libinit.s                        0x00000000   Number         0  libshutdown2.o ABSOLUTE
    ../clib/signal.c                         0x00000000   Number         0  defsig_rtred_inner.o ABSOLUTE
    ../clib/signal.c                         0x00000000   Number         0  defsig_general.o ABSOLUTE
    ../clib/signal.c                         0x00000000   Number         0  __raise.o ABSOLUTE
    ../clib/signal.c                         0x00000000   Number         0  defsig_rtmem_inner.o ABSOLUTE
    ../clib/signal.c                         0x00000000   Number         0  defsig_stak_inner.o ABSOLUTE
    ../clib/signal.c                         0x00000000   Number         0  defsig_fpe_inner.o ABSOLUTE
    ../clib/signal.c                         0x00000000   Number         0  defsig_abrt_inner.o ABSOLUTE
    ../clib/signal.c                         0x00000000   Number         0  defsig_rtmem_formal.o ABSOLUTE
    ../clib/signal.c                         0x00000000   Number         0  defsig_rtmem_outer.o ABSOLUTE
    ../clib/signal.c                         0x00000000   Number         0  defsig_exit.o ABSOLUTE
    ../clib/signal.c                         0x00000000   Number         0  defsig_other.o ABSOLUTE
    ../clib/signal.c                         0x00000000   Number         0  defsig_segv_inner.o ABSOLUTE
    ../clib/signal.c                         0x00000000   Number         0  defsig_cppl_inner.o ABSOLUTE
    ../clib/signal.c                         0x00000000   Number         0  defsig_pvfn_inner.o ABSOLUTE
    ../clib/signal.s                         0x00000000   Number         0  defsig.o ABSOLUTE
    ../clib/stdlib.c                         0x00000000   Number         0  exit.o ABSOLUTE
    ../fplib/fpinit.s                        0x00000000   Number         0  fpinit.o ABSOLUTE
    ..\CORE\startup_stm32f40_41xxx.s         0x00000000   Number         0  startup_stm32f40_41xxx.o ABSOLUTE
    ..\Check\DeviceToDevice.c                0x00000000   Number         0  devicetodevice.o ABSOLUTE
    ..\Check\NetCheck.c                      0x00000000   Number         0  netcheck.o ABSOLUTE
    ..\Check\OPTest.c                        0x00000000   Number         0  optest.o ABSOLUTE
    ..\Check\SelfTest.c                      0x00000000   Number         0  selftest.o ABSOLUTE
    ..\FWLIB\src\misc.c                      0x00000000   Number         0  misc.o ABSOLUTE
    ..\FWLIB\src\stm32f4xx_dma.c             0x00000000   Number         0  stm32f4xx_dma.o ABSOLUTE
    ..\FWLIB\src\stm32f4xx_exti.c            0x00000000   Number         0  stm32f4xx_exti.o ABSOLUTE
    ..\FWLIB\src\stm32f4xx_fsmc.c            0x00000000   Number         0  stm32f4xx_fsmc.o ABSOLUTE
    ..\FWLIB\src\stm32f4xx_gpio.c            0x00000000   Number         0  stm32f4xx_gpio.o ABSOLUTE
    ..\FWLIB\src\stm32f4xx_rcc.c             0x00000000   Number         0  stm32f4xx_rcc.o ABSOLUTE
    ..\FWLIB\src\stm32f4xx_spi.c             0x00000000   Number         0  stm32f4xx_spi.o ABSOLUTE
    ..\FWLIB\src\stm32f4xx_syscfg.c          0x00000000   Number         0  stm32f4xx_syscfg.o ABSOLUTE
    ..\FWLIB\src\stm32f4xx_tim.c             0x00000000   Number         0  stm32f4xx_tim.o ABSOLUTE
    ..\FWLIB\src\stm32f4xx_usart.c           0x00000000   Number         0  stm32f4xx_usart.o ABSOLUTE
    ..\FWLIB\src\stm32f4xx_wwdg.c            0x00000000   Number         0  stm32f4xx_wwdg.o ABSOLUTE
    ..\HardWare\AT24C02\AT24C02.c            0x00000000   Number         0  at24c02.o ABSOLUTE
    ..\HardWare\LCD\LCD.c                    0x00000000   Number         0  lcd.o ABSOLUTE
    ..\HardWare\LED\LED.c                    0x00000000   Number         0  led.o ABSOLUTE
    ..\HardWare\SM2200\SM2200.c              0x00000000   Number         0  sm2200.o ABSOLUTE
    ..\HardWare\SendReceive\SendReceive.c    0x00000000   Number         0  sendreceive.o ABSOLUTE
    ..\HardWare\Simulation.c                 0x00000000   Number         0  simulation.o ABSOLUTE
    ..\HardWare\UART\UART.c                  0x00000000   Number         0  uart.o ABSOLUTE
    ..\HardWare\W5200\W5200.c                0x00000000   Number         0  w5200.o ABSOLUTE
    ..\HardWare\WWDG\wwdg.c                  0x00000000   Number         0  wwdg.o ABSOLUTE
    ..\SYSTEM\delay\delay.c                  0x00000000   Number         0  delay.o ABSOLUTE
    ..\SYSTEM\time\time.c                    0x00000000   Number         0  time.o ABSOLUTE
    ..\\Check\\DeviceToDevice.c              0x00000000   Number         0  devicetodevice.o ABSOLUTE
    ..\\Check\\NetCheck.c                    0x00000000   Number         0  netcheck.o ABSOLUTE
    ..\\Check\\OPTest.c                      0x00000000   Number         0  optest.o ABSOLUTE
    ..\\Check\\SelfTest.c                    0x00000000   Number         0  selftest.o ABSOLUTE
    ..\\FWLIB\\src\\misc.c                   0x00000000   Number         0  misc.o ABSOLUTE
    ..\\FWLIB\\src\\stm32f4xx_dma.c          0x00000000   Number         0  stm32f4xx_dma.o ABSOLUTE
    ..\\FWLIB\\src\\stm32f4xx_exti.c         0x00000000   Number         0  stm32f4xx_exti.o ABSOLUTE
    ..\\FWLIB\\src\\stm32f4xx_fsmc.c         0x00000000   Number         0  stm32f4xx_fsmc.o ABSOLUTE
    ..\\FWLIB\\src\\stm32f4xx_gpio.c         0x00000000   Number         0  stm32f4xx_gpio.o ABSOLUTE
    ..\\FWLIB\\src\\stm32f4xx_rcc.c          0x00000000   Number         0  stm32f4xx_rcc.o ABSOLUTE
    ..\\FWLIB\\src\\stm32f4xx_spi.c          0x00000000   Number         0  stm32f4xx_spi.o ABSOLUTE
    ..\\FWLIB\\src\\stm32f4xx_syscfg.c       0x00000000   Number         0  stm32f4xx_syscfg.o ABSOLUTE
    ..\\FWLIB\\src\\stm32f4xx_tim.c          0x00000000   Number         0  stm32f4xx_tim.o ABSOLUTE
    ..\\FWLIB\\src\\stm32f4xx_usart.c        0x00000000   Number         0  stm32f4xx_usart.o ABSOLUTE
    ..\\FWLIB\\src\\stm32f4xx_wwdg.c         0x00000000   Number         0  stm32f4xx_wwdg.o ABSOLUTE
    ..\\HardWare\\AT24C02\\AT24C02.c         0x00000000   Number         0  at24c02.o ABSOLUTE
    ..\\HardWare\\LCD\\LCD.c                 0x00000000   Number         0  lcd.o ABSOLUTE
    ..\\HardWare\\LED\\LED.c                 0x00000000   Number         0  led.o ABSOLUTE
    ..\\HardWare\\SM2200\\SM2200.c           0x00000000   Number         0  sm2200.o ABSOLUTE
    ..\\HardWare\\SendReceive\\SendReceive.c 0x00000000   Number         0  sendreceive.o ABSOLUTE
    ..\\HardWare\\Simulation.c               0x00000000   Number         0  simulation.o ABSOLUTE
    ..\\HardWare\\UART\\UART.c               0x00000000   Number         0  uart.o ABSOLUTE
    ..\\HardWare\\W5200\\W5200.c             0x00000000   Number         0  w5200.o ABSOLUTE
    ..\\HardWare\\WWDG\\wwdg.c               0x00000000   Number         0  wwdg.o ABSOLUTE
    ..\\SYSTEM\\delay\\delay.c               0x00000000   Number         0  delay.o ABSOLUTE
    ..\\SYSTEM\\time\\time.c                 0x00000000   Number         0  time.o ABSOLUTE
    dc.s                                     0x00000000   Number         0  dc.o ABSOLUTE
    main.c                                   0x00000000   Number         0  main.o ABSOLUTE
    main.c                                   0x00000000   Number         0  main.o ABSOLUTE
    stm32f4xx_it.c                           0x00000000   Number         0  stm32f4xx_it.o ABSOLUTE
    system_stm32f4xx.c                       0x00000000   Number         0  system_stm32f4xx.o ABSOLUTE
    system_stm32f4xx.c                       0x00000000   Number         0  system_stm32f4xx.o ABSOLUTE
    RESET                                    0x08000000   Section      392  startup_stm32f40_41xxx.o(RESET)
    !!!main                                  0x08000188   Section        8  __main.o(!!!main)
    !!!scatter                               0x08000190   Section       52  __scatter.o(!!!scatter)
    !!handler_copy                           0x080001c4   Section       26  __scatter_copy.o(!!handler_copy)
    !!handler_zi                             0x080001e0   Section       28  __scatter_zi.o(!!handler_zi)
    .ARM.Collect$$libinit$$00000000          0x080001fc   Section        2  libinit.o(.ARM.Collect$$libinit$$00000000)
    .ARM.Collect$$libinit$$00000001          0x080001fe   Section        4  libinit2.o(.ARM.Collect$$libinit$$00000001)
    .ARM.Collect$$libinit$$00000004          0x08000202   Section        0  libinit2.o(.ARM.Collect$$libinit$$00000004)
    .ARM.Collect$$libinit$$0000000A          0x08000202   Section        0  libinit2.o(.ARM.Collect$$libinit$$0000000A)
    .ARM.Collect$$libinit$$0000000C          0x08000202   Section        0  libinit2.o(.ARM.Collect$$libinit$$0000000C)
    .ARM.Collect$$libinit$$0000000E          0x08000202   Section        0  libinit2.o(.ARM.Collect$$libinit$$0000000E)
    .ARM.Collect$$libinit$$00000011          0x08000202   Section        0  libinit2.o(.ARM.Collect$$libinit$$00000011)
    .ARM.Collect$$libinit$$00000013          0x08000202   Section        0  libinit2.o(.ARM.Collect$$libinit$$00000013)
    .ARM.Collect$$libinit$$00000015          0x08000202   Section        0  libinit2.o(.ARM.Collect$$libinit$$00000015)
    .ARM.Collect$$libinit$$00000017          0x08000202   Section        0  libinit2.o(.ARM.Collect$$libinit$$00000017)
    .ARM.Collect$$libinit$$00000019          0x08000202   Section        0  libinit2.o(.ARM.Collect$$libinit$$00000019)
    .ARM.Collect$$libinit$$0000001B          0x08000202   Section        0  libinit2.o(.ARM.Collect$$libinit$$0000001B)
    .ARM.Collect$$libinit$$0000001D          0x08000202   Section        0  libinit2.o(.ARM.Collect$$libinit$$0000001D)
    .ARM.Collect$$libinit$$0000001F          0x08000202   Section        0  libinit2.o(.ARM.Collect$$libinit$$0000001F)
    .ARM.Collect$$libinit$$00000021          0x08000202   Section        0  libinit2.o(.ARM.Collect$$libinit$$00000021)
    .ARM.Collect$$libinit$$00000023          0x08000202   Section        0  libinit2.o(.ARM.Collect$$libinit$$00000023)
    .ARM.Collect$$libinit$$00000025          0x08000202   Section        0  libinit2.o(.ARM.Collect$$libinit$$00000025)
    .ARM.Collect$$libinit$$0000002C          0x08000202   Section        0  libinit2.o(.ARM.Collect$$libinit$$0000002C)
    .ARM.Collect$$libinit$$0000002E          0x08000202   Section        0  libinit2.o(.ARM.Collect$$libinit$$0000002E)
    .ARM.Collect$$libinit$$00000030          0x08000202   Section        0  libinit2.o(.ARM.Collect$$libinit$$00000030)
    .ARM.Collect$$libinit$$00000032          0x08000202   Section        0  libinit2.o(.ARM.Collect$$libinit$$00000032)
    .ARM.Collect$$libinit$$00000033          0x08000202   Section        2  libinit2.o(.ARM.Collect$$libinit$$00000033)
    .ARM.Collect$$libshutdown$$00000000      0x08000204   Section        2  libshutdown.o(.ARM.Collect$$libshutdown$$00000000)
    .ARM.Collect$$libshutdown$$00000002      0x08000206   Section        0  libshutdown2.o(.ARM.Collect$$libshutdown$$00000002)
    .ARM.Collect$$libshutdown$$00000004      0x08000206   Section        0  libshutdown2.o(.ARM.Collect$$libshutdown$$00000004)
    .ARM.Collect$$libshutdown$$00000007      0x08000206   Section        0  libshutdown2.o(.ARM.Collect$$libshutdown$$00000007)
    .ARM.Collect$$libshutdown$$0000000A      0x08000206   Section        0  libshutdown2.o(.ARM.Collect$$libshutdown$$0000000A)
    .ARM.Collect$$libshutdown$$0000000C      0x08000206   Section        0  libshutdown2.o(.ARM.Collect$$libshutdown$$0000000C)
    .ARM.Collect$$libshutdown$$0000000F      0x08000206   Section        0  libshutdown2.o(.ARM.Collect$$libshutdown$$0000000F)
    .ARM.Collect$$libshutdown$$00000010      0x08000206   Section        2  libshutdown2.o(.ARM.Collect$$libshutdown$$00000010)
    .ARM.Collect$$rtentry$$00000000          0x08000208   Section        0  __rtentry.o(.ARM.Collect$$rtentry$$00000000)
    .ARM.Collect$$rtentry$$00000002          0x08000208   Section        0  __rtentry2.o(.ARM.Collect$$rtentry$$00000002)
    .ARM.Collect$$rtentry$$00000004          0x08000208   Section        6  __rtentry4.o(.ARM.Collect$$rtentry$$00000004)
    .ARM.Collect$$rtentry$$00000009          0x0800020e   Section        0  __rtentry2.o(.ARM.Collect$$rtentry$$00000009)
    .ARM.Collect$$rtentry$$0000000A          0x0800020e   Section        4  __rtentry2.o(.ARM.Collect$$rtentry$$0000000A)
    .ARM.Collect$$rtentry$$0000000C          0x08000212   Section        0  __rtentry2.o(.ARM.Collect$$rtentry$$0000000C)
    .ARM.Collect$$rtentry$$0000000D          0x08000212   Section        8  __rtentry2.o(.ARM.Collect$$rtentry$$0000000D)
    .ARM.Collect$$rtexit$$00000000           0x0800021a   Section        2  rtexit.o(.ARM.Collect$$rtexit$$00000000)
    .ARM.Collect$$rtexit$$00000002           0x0800021c   Section        0  rtexit2.o(.ARM.Collect$$rtexit$$00000002)
    .ARM.Collect$$rtexit$$00000003           0x0800021c   Section        4  rtexit2.o(.ARM.Collect$$rtexit$$00000003)
    .ARM.Collect$$rtexit$$00000004           0x08000220   Section        6  rtexit2.o(.ARM.Collect$$rtexit$$00000004)
    .text                                    0x08000228   Section       64  startup_stm32f40_41xxx.o(.text)
    $v0                                      0x08000228   Number         0  startup_stm32f40_41xxx.o(.text)
    .text                                    0x08000268   Section        0  heapauxi.o(.text)
    .text                                    0x0800026e   Section       74  sys_stackheap_outer.o(.text)
    .text                                    0x080002b8   Section        0  exit.o(.text)
    .text                                    0x080002cc   Section        8  libspace.o(.text)
    .text                                    0x080002d4   Section        0  sys_exit.o(.text)
    .text                                    0x080002e0   Section        2  use_no_semi.o(.text)
    .text                                    0x080002e2   Section        0  indicate_semi.o(.text)
    i.AT24C02_GPIO_Init                      0x080002e4   Section        0  at24c02.o(i.AT24C02_GPIO_Init)
    i.AT24C02_IIC_Ack                        0x08000330   Section        0  at24c02.o(i.AT24C02_IIC_Ack)
    i.AT24C02_IIC_NAck                       0x08000388   Section        0  at24c02.o(i.AT24C02_IIC_NAck)
    i.AT24C02_IIC_Start                      0x080003d4   Section        0  at24c02.o(i.AT24C02_IIC_Start)
    i.AT24C02_IIC_Stop                       0x0800042c   Section        0  at24c02.o(i.AT24C02_IIC_Stop)
    i.AT24C02_IIC_Wait_Ack                   0x08000484   Section        0  at24c02.o(i.AT24C02_IIC_Wait_Ack)
    i.AT24C02_Init                           0x080004f0   Section        0  at24c02.o(i.AT24C02_Init)
    i.AT24C02_Read                           0x080004f8   Section        0  at24c02.o(i.AT24C02_Read)
    i.AT24C02_ReadOneByte                    0x0800051a   Section        0  at24c02.o(i.AT24C02_ReadOneByte)
    i.AT24C02_Read_Byte                      0x08000554   Section        0  at24c02.o(i.AT24C02_Read_Byte)
    i.AT24C02_Send_Byte                      0x080005c4   Section        0  at24c02.o(i.AT24C02_Send_Byte)
    i.EXTI0_IRQHandler                       0x08000638   Section        0  sm2200.o(i.EXTI0_IRQHandler)
    i.EXTI15_10_IRQHandler                   0x0800066c   Section        0  w5200.o(i.EXTI15_10_IRQHandler)
    i.EXTI9_5_IRQHandler                     0x080006f8   Section        0  w5200.o(i.EXTI9_5_IRQHandler)
    i.EXTI_ClearITPendingBit                 0x08000794   Section        0  stm32f4xx_exti.o(i.EXTI_ClearITPendingBit)
    i.EXTI_GetITStatus                       0x080007a0   Section        0  stm32f4xx_exti.o(i.EXTI_GetITStatus)
    i.EXTI_Init                              0x080007b8   Section        0  stm32f4xx_exti.o(i.EXTI_Init)
    i.GPIO_Init                              0x0800084c   Section        0  stm32f4xx_gpio.o(i.GPIO_Init)
    i.GPIO_PinAFConfig                       0x080008dc   Section        0  stm32f4xx_gpio.o(i.GPIO_PinAFConfig)
    i.GPIO_ResetBits                         0x08000922   Section        0  stm32f4xx_gpio.o(i.GPIO_ResetBits)
    i.GPIO_SetBits                           0x08000926   Section        0  stm32f4xx_gpio.o(i.GPIO_SetBits)
    i.GPIO_ToggleBits                        0x0800092a   Section        0  stm32f4xx_gpio.o(i.GPIO_ToggleBits)
    i.GetDeviceInformation                   0x08000934   Section        0  at24c02.o(i.GetDeviceInformation)
    i.NVIC_Init                              0x080009c0   Section        0  misc.o(i.NVIC_Init)
    i.OfdmXcvrRead                           0x08000a38   Section        0  sm2200.o(i.OfdmXcvrRead)
    i.OfdmXcvrWrite                          0x08000a8c   Section        0  sm2200.o(i.OfdmXcvrWrite)
    i.RCC_AHB1PeriphClockCmd                 0x08000ae4   Section        0  stm32f4xx_rcc.o(i.RCC_AHB1PeriphClockCmd)
    i.RCC_APB1PeriphClockCmd                 0x08000b04   Section        0  stm32f4xx_rcc.o(i.RCC_APB1PeriphClockCmd)
    i.RCC_APB1PeriphResetCmd                 0x08000b24   Section        0  stm32f4xx_rcc.o(i.RCC_APB1PeriphResetCmd)
    i.RCC_APB2PeriphClockCmd                 0x08000b44   Section        0  stm32f4xx_rcc.o(i.RCC_APB2PeriphClockCmd)
    i.RCC_APB2PeriphResetCmd                 0x08000b64   Section        0  stm32f4xx_rcc.o(i.RCC_APB2PeriphResetCmd)
    i.RCC_GetClocksFreq                      0x08000b84   Section        0  stm32f4xx_rcc.o(i.RCC_GetClocksFreq)
    i.RJ45_1_GPIO_Init                       0x08000c6c   Section        0  w5200.o(i.RJ45_1_GPIO_Init)
    i.RJ45_1_Init                            0x08000e28   Section        0  w5200.o(i.RJ45_1_Init)
    i.RJ45_1_Read                            0x08000ee8   Section        0  w5200.o(i.RJ45_1_Read)
    i.RJ45_1_ReadWriteByte                   0x08001060   Section        0  w5200.o(i.RJ45_1_ReadWriteByte)
    i.RJ45_1_Read_Register                   0x08001098   Section        0  w5200.o(i.RJ45_1_Read_Register)
    i.RJ45_1_Reset                           0x080010d8   Section        0  w5200.o(i.RJ45_1_Reset)
    i.RJ45_1_TCP_ServiceInit                 0x08001120   Section        0  w5200.o(i.RJ45_1_TCP_ServiceInit)
    i.RJ45_1_Write_Register                  0x080011d0   Section        0  w5200.o(i.RJ45_1_Write_Register)
    i.RJ45_2_GPIO_Init                       0x08001210   Section        0  w5200.o(i.RJ45_2_GPIO_Init)
    i.RJ45_2_Init                            0x080013bc   Section        0  w5200.o(i.RJ45_2_Init)
    i.RJ45_2_Read                            0x08001494   Section        0  w5200.o(i.RJ45_2_Read)
    i.RJ45_2_ReadWriteByte                   0x08001600   Section        0  w5200.o(i.RJ45_2_ReadWriteByte)
    i.RJ45_2_Read_Register                   0x08001638   Section        0  w5200.o(i.RJ45_2_Read_Register)
    i.RJ45_2_Reset                           0x08001674   Section        0  w5200.o(i.RJ45_2_Reset)
    i.RJ45_2_TCP_Init                        0x080016b8   Section        0  w5200.o(i.RJ45_2_TCP_Init)
    i.RJ45_2_Write_Register                  0x08001768   Section        0  w5200.o(i.RJ45_2_Write_Register)
    i.SM2200_GPIO                            0x080017a4   Section        0  sm2200.o(i.SM2200_GPIO)
    i.SM2200_Init                            0x08001888   Section        0  sm2200.o(i.SM2200_Init)
    i.SM2200_Receive                         0x080019b0   Section        0  sm2200.o(i.SM2200_Receive)
    i.SPI3_ReadWriteByte                     0x08001a40   Section        0  sm2200.o(i.SPI3_ReadWriteByte)
    i.SPI_CalculateCRC                       0x08001a78   Section        0  stm32f4xx_spi.o(i.SPI_CalculateCRC)
    i.SPI_Cmd                                0x08001a90   Section        0  stm32f4xx_spi.o(i.SPI_Cmd)
    i.SPI_I2S_DeInit                         0x08001aa8   Section        0  stm32f4xx_spi.o(i.SPI_I2S_DeInit)
    i.SPI_I2S_GetFlagStatus                  0x08001b58   Section        0  stm32f4xx_spi.o(i.SPI_I2S_GetFlagStatus)
    i.SPI_I2S_ReceiveData                    0x08001b6a   Section        0  stm32f4xx_spi.o(i.SPI_I2S_ReceiveData)
    i.SPI_I2S_SendData                       0x08001b70   Section        0  stm32f4xx_spi.o(i.SPI_I2S_SendData)
    i.SPI_Init                               0x08001b74   Section        0  stm32f4xx_spi.o(i.SPI_Init)
    i.SPI_SM2200                             0x08001bb0   Section        0  sm2200.o(i.SPI_SM2200)
    i.SYSCFG_EXTILineConfig                  0x08001c68   Section        0  stm32f4xx_syscfg.o(i.SYSCFG_EXTILineConfig)
    i.SetSysClock                            0x08001ca8   Section        0  system_stm32f4xx.o(i.SetSysClock)
    SetSysClock                              0x08001ca9   Thumb Code   220  system_stm32f4xx.o(i.SetSysClock)
    i.Set_WWDG                               0x08001d94   Section        0  wwdg.o(i.Set_WWDG)
    i.SysTick_CLKSourceConfig                0x08001d96   Section        0  misc.o(i.SysTick_CLKSourceConfig)
    i.SystemInit                             0x08001dc0   Section        0  system_stm32f4xx.o(i.SystemInit)
    i.TIM3_IRQHandler                        0x08001e28   Section        0  time.o(i.TIM3_IRQHandler)
    i.TIM3_Init                              0x08001e50   Section        0  time.o(i.TIM3_Init)
    i.TIM_ClearITPendingBit                  0x08001eac   Section        0  stm32f4xx_tim.o(i.TIM_ClearITPendingBit)
    i.TIM_Cmd                                0x08001eb2   Section        0  stm32f4xx_tim.o(i.TIM_Cmd)
    i.TIM_GetITStatus                        0x08001eca   Section        0  stm32f4xx_tim.o(i.TIM_GetITStatus)
    i.TIM_ITConfig                           0x08001eec   Section        0  stm32f4xx_tim.o(i.TIM_ITConfig)
    i.TIM_TimeBaseInit                       0x08001f00   Section        0  stm32f4xx_tim.o(i.TIM_TimeBaseInit)
    i.USART1_IRQHandler                      0x08001f84   Section        0  uart.o(i.USART1_IRQHandler)
    i.USART_Cmd                              0x08002030   Section        0  stm32f4xx_usart.o(i.USART_Cmd)
    i.USART_GetITStatus                      0x08002048   Section        0  stm32f4xx_usart.o(i.USART_GetITStatus)
    i.USART_ITConfig                         0x0800209c   Section        0  stm32f4xx_usart.o(i.USART_ITConfig)
    i.USART_Init                             0x080020e8   Section        0  stm32f4xx_usart.o(i.USART_Init)
    i.USART_ReceiveData                      0x080021bc   Section        0  stm32f4xx_usart.o(i.USART_ReceiveData)
    i.WWDG_ClearFlag                         0x080021c8   Section        0  stm32f4xx_wwdg.o(i.WWDG_ClearFlag)
    i.WWDG_IRQHandler                        0x080021d4   Section        0  wwdg.o(i.WWDG_IRQHandler)
    i.WWDG_SetCounter                        0x080021f4   Section        0  stm32f4xx_wwdg.o(i.WWDG_SetCounter)
    i.delay_init                             0x08002204   Section        0  delay.o(i.delay_init)
    i.delay_ms                               0x08002240   Section        0  delay.o(i.delay_ms)
    i.delay_xms                              0x08002278   Section        0  delay.o(i.delay_xms)
    i.delayms                                0x080022c4   Section        0  delay.o(i.delayms)
    i.gpio_Init                              0x080022f0   Section        0  led.o(i.gpio_Init)
    i.main                                   0x080023dc   Section        0  main.o(i.main)
    i.uart_init                              0x080024c8   Section        0  uart.o(i.uart_init)
    x$fpl$fpinit                             0x0800259c   Section       10  fpinit.o(x$fpl$fpinit)
    $v0                                      0x0800259c   Number         0  fpinit.o(x$fpl$fpinit)
    .data                                    0x20000000   Section      209  main.o(.data)
    .data                                    0x200000d1   Section       16  stm32f4xx_rcc.o(.data)
    APBAHBPrescTable                         0x200000d1   Data          16  stm32f4xx_rcc.o(.data)
    .data                                    0x200000e2   Section       18  w5200.o(.data)
    .data                                    0x200000f4   Section        2  uart.o(.data)
    .data                                    0x200000f6   Section        1  wwdg.o(.data)
    .data                                    0x200000f8   Section        4  delay.o(.data)
    fac_us                                   0x200000f8   Data           1  delay.o(.data)
    fac_ms                                   0x200000fa   Data           2  delay.o(.data)
    .bss                                     0x200000fc   Section    12888  main.o(.bss)
    .bss                                     0x20003354   Section      256  uart.o(.bss)
    .bss                                     0x20003454   Section       96  libspace.o(.bss)
    HEAP                                     0x200034b8   Section      512  startup_stm32f40_41xxx.o(HEAP)
    Heap_Mem                                 0x200034b8   Data         512  startup_stm32f40_41xxx.o(HEAP)
    STACK                                    0x200036b8   Section     1024  startup_stm32f40_41xxx.o(STACK)
    Stack_Mem                                0x200036b8   Data        1024  startup_stm32f40_41xxx.o(STACK)
    __initial_sp                             0x20003ab8   Data           0  startup_stm32f40_41xxx.o(STACK)

    Global Symbols

    Symbol Name                              Value     Ov Type        Size  Object(Section)

    BuildAttributes$$THM_ISAv4$E$P$D$K$B$S$7EM$VFPi3$EXTD16$VFPS$VFMA$PE$A:L22UL41UL21$X:L11$S22US41US21$IEEE1$IW$USESV6$~STKCKD$USESV7$~SHL$OSPACE$ROPI$EBA8$UX$STANDARDLIB$REQ8$PRES8$EABIv2 0x00000000   Number         0  anon$$obj.o ABSOLUTE
    __ARM_use_no_argv                        0x00000000   Number         0  main.o ABSOLUTE
    __ARM_exceptions_init                     - Undefined Weak Reference
    __alloca_initialize                       - Undefined Weak Reference
    __arm_preinit_                            - Undefined Weak Reference
    __cpp_initialize__aeabi_                  - Undefined Weak Reference
    __cxa_finalize                            - Undefined Weak Reference
    __rt_locale                               - Undefined Weak Reference
    __sigvec_lookup                           - Undefined Weak Reference
    _atexit_init                              - Undefined Weak Reference
    _call_atexit_fns                          - Undefined Weak Reference
    _clock_init                               - Undefined Weak Reference
    _fp_trap_init                             - Undefined Weak Reference
    _fp_trap_shutdown                         - Undefined Weak Reference
    _get_lc_collate                           - Undefined Weak Reference
    _get_lc_ctype                             - Undefined Weak Reference
    _get_lc_monetary                          - Undefined Weak Reference
    _get_lc_numeric                           - Undefined Weak Reference
    _get_lc_time                              - Undefined Weak Reference
    _getenv_init                              - Undefined Weak Reference
    _handle_redirection                       - Undefined Weak Reference
    _init_alloc                               - Undefined Weak Reference
    _init_user_alloc                          - Undefined Weak Reference
    _initio                                   - Undefined Weak Reference
    _rand_init                                - Undefined Weak Reference
    _signal_finish                            - Undefined Weak Reference
    _signal_init                              - Undefined Weak Reference
    _terminate_alloc                          - Undefined Weak Reference
    _terminate_user_alloc                     - Undefined Weak Reference
    _terminateio                              - Undefined Weak Reference
    __Vectors_Size                           0x00000188   Number         0  startup_stm32f40_41xxx.o ABSOLUTE
    __Vectors                                0x08000000   Data           4  startup_stm32f40_41xxx.o(RESET)
    __Vectors_End                            0x08000188   Data           0  startup_stm32f40_41xxx.o(RESET)
    __main                                   0x08000189   Thumb Code     8  __main.o(!!!main)
    __scatterload                            0x08000191   Thumb Code     0  __scatter.o(!!!scatter)
    __scatterload_rt2                        0x08000191   Thumb Code    44  __scatter.o(!!!scatter)
    __scatterload_rt2_thumb_only             0x08000191   Thumb Code     0  __scatter.o(!!!scatter)
    __scatterload_null                       0x0800019f   Thumb Code     0  __scatter.o(!!!scatter)
    __scatterload_copy                       0x080001c5   Thumb Code    26  __scatter_copy.o(!!handler_copy)
    __scatterload_zeroinit                   0x080001e1   Thumb Code    28  __scatter_zi.o(!!handler_zi)
    __rt_lib_init                            0x080001fd   Thumb Code     0  libinit.o(.ARM.Collect$$libinit$$00000000)
    __rt_lib_init_fp_1                       0x080001ff   Thumb Code     0  libinit2.o(.ARM.Collect$$libinit$$00000001)
    __rt_lib_init_alloca_1                   0x08000203   Thumb Code     0  libinit2.o(.ARM.Collect$$libinit$$0000002E)
    __rt_lib_init_argv_1                     0x08000203   Thumb Code     0  libinit2.o(.ARM.Collect$$libinit$$0000002C)
    __rt_lib_init_atexit_1                   0x08000203   Thumb Code     0  libinit2.o(.ARM.Collect$$libinit$$0000001B)
    __rt_lib_init_clock_1                    0x08000203   Thumb Code     0  libinit2.o(.ARM.Collect$$libinit$$00000021)
    __rt_lib_init_cpp_1                      0x08000203   Thumb Code     0  libinit2.o(.ARM.Collect$$libinit$$00000032)
    __rt_lib_init_exceptions_1               0x08000203   Thumb Code     0  libinit2.o(.ARM.Collect$$libinit$$00000030)
    __rt_lib_init_fp_trap_1                  0x08000203   Thumb Code     0  libinit2.o(.ARM.Collect$$libinit$$0000001F)
    __rt_lib_init_getenv_1                   0x08000203   Thumb Code     0  libinit2.o(.ARM.Collect$$libinit$$00000023)
    __rt_lib_init_heap_1                     0x08000203   Thumb Code     0  libinit2.o(.ARM.Collect$$libinit$$0000000A)
    __rt_lib_init_lc_collate_1               0x08000203   Thumb Code     0  libinit2.o(.ARM.Collect$$libinit$$00000011)
    __rt_lib_init_lc_ctype_1                 0x08000203   Thumb Code     0  libinit2.o(.ARM.Collect$$libinit$$00000013)
    __rt_lib_init_lc_monetary_1              0x08000203   Thumb Code     0  libinit2.o(.ARM.Collect$$libinit$$00000015)
    __rt_lib_init_lc_numeric_1               0x08000203   Thumb Code     0  libinit2.o(.ARM.Collect$$libinit$$00000017)
    __rt_lib_init_lc_time_1                  0x08000203   Thumb Code     0  libinit2.o(.ARM.Collect$$libinit$$00000019)
    __rt_lib_init_preinit_1                  0x08000203   Thumb Code     0  libinit2.o(.ARM.Collect$$libinit$$00000004)
    __rt_lib_init_rand_1                     0x08000203   Thumb Code     0  libinit2.o(.ARM.Collect$$libinit$$0000000E)
    __rt_lib_init_return                     0x08000203   Thumb Code     0  libinit2.o(.ARM.Collect$$libinit$$00000033)
    __rt_lib_init_signal_1                   0x08000203   Thumb Code     0  libinit2.o(.ARM.Collect$$libinit$$0000001D)
    __rt_lib_init_stdio_1                    0x08000203   Thumb Code     0  libinit2.o(.ARM.Collect$$libinit$$00000025)
    __rt_lib_init_user_alloc_1               0x08000203   Thumb Code     0  libinit2.o(.ARM.Collect$$libinit$$0000000C)
    __rt_lib_shutdown                        0x08000205   Thumb Code     0  libshutdown.o(.ARM.Collect$$libshutdown$$00000000)
    __rt_lib_shutdown_cpp_1                  0x08000207   Thumb Code     0  libshutdown2.o(.ARM.Collect$$libshutdown$$00000002)
    __rt_lib_shutdown_fp_trap_1              0x08000207   Thumb Code     0  libshutdown2.o(.ARM.Collect$$libshutdown$$00000007)
    __rt_lib_shutdown_heap_1                 0x08000207   Thumb Code     0  libshutdown2.o(.ARM.Collect$$libshutdown$$0000000F)
    __rt_lib_shutdown_return                 0x08000207   Thumb Code     0  libshutdown2.o(.ARM.Collect$$libshutdown$$00000010)
    __rt_lib_shutdown_signal_1               0x08000207   Thumb Code     0  libshutdown2.o(.ARM.Collect$$libshutdown$$0000000A)
    __rt_lib_shutdown_stdio_1                0x08000207   Thumb Code     0  libshutdown2.o(.ARM.Collect$$libshutdown$$00000004)
    __rt_lib_shutdown_user_alloc_1           0x08000207   Thumb Code     0  libshutdown2.o(.ARM.Collect$$libshutdown$$0000000C)
    __rt_entry                               0x08000209   Thumb Code     0  __rtentry.o(.ARM.Collect$$rtentry$$00000000)
    __rt_entry_presh_1                       0x08000209   Thumb Code     0  __rtentry2.o(.ARM.Collect$$rtentry$$00000002)
    __rt_entry_sh                            0x08000209   Thumb Code     0  __rtentry4.o(.ARM.Collect$$rtentry$$00000004)
    __rt_entry_li                            0x0800020f   Thumb Code     0  __rtentry2.o(.ARM.Collect$$rtentry$$0000000A)
    __rt_entry_postsh_1                      0x0800020f   Thumb Code     0  __rtentry2.o(.ARM.Collect$$rtentry$$00000009)
    __rt_entry_main                          0x08000213   Thumb Code     0  __rtentry2.o(.ARM.Collect$$rtentry$$0000000D)
    __rt_entry_postli_1                      0x08000213   Thumb Code     0  __rtentry2.o(.ARM.Collect$$rtentry$$0000000C)
    __rt_exit                                0x0800021b   Thumb Code     0  rtexit.o(.ARM.Collect$$rtexit$$00000000)
    __rt_exit_ls                             0x0800021d   Thumb Code     0  rtexit2.o(.ARM.Collect$$rtexit$$00000003)
    __rt_exit_prels_1                        0x0800021d   Thumb Code     0  rtexit2.o(.ARM.Collect$$rtexit$$00000002)
    __rt_exit_exit                           0x08000221   Thumb Code     0  rtexit2.o(.ARM.Collect$$rtexit$$00000004)
    Reset_Handler                            0x08000229   Thumb Code     8  startup_stm32f40_41xxx.o(.text)
    NMI_Handler                              0x08000231   Thumb Code     2  startup_stm32f40_41xxx.o(.text)
    HardFault_Handler                        0x08000233   Thumb Code     2  startup_stm32f40_41xxx.o(.text)
    MemManage_Handler                        0x08000235   Thumb Code     2  startup_stm32f40_41xxx.o(.text)
    BusFault_Handler                         0x08000237   Thumb Code     2  startup_stm32f40_41xxx.o(.text)
    UsageFault_Handler                       0x08000239   Thumb Code     2  startup_stm32f40_41xxx.o(.text)
    SVC_Handler                              0x0800023b   Thumb Code     2  startup_stm32f40_41xxx.o(.text)
    DebugMon_Handler                         0x0800023d   Thumb Code     2  startup_stm32f40_41xxx.o(.text)
    PendSV_Handler                           0x0800023f   Thumb Code     2  startup_stm32f40_41xxx.o(.text)
    SysTick_Handler                          0x08000241   Thumb Code     2  startup_stm32f40_41xxx.o(.text)
    ADC_IRQHandler                           0x08000243   Thumb Code     0  startup_stm32f40_41xxx.o(.text)
    CAN1_RX0_IRQHandler                      0x08000243   Thumb Code     0  startup_stm32f40_41xxx.o(.text)
    CAN1_RX1_IRQHandler                      0x08000243   Thumb Code     0  startup_stm32f40_41xxx.o(.text)
    CAN1_SCE_IRQHandler                      0x08000243   Thumb Code     0  startup_stm32f40_41xxx.o(.text)
    CAN1_TX_IRQHandler                       0x08000243   Thumb Code     0  startup_stm32f40_41xxx.o(.text)
    CAN2_RX0_IRQHandler                      0x08000243   Thumb Code     0  startup_stm32f40_41xxx.o(.text)
    CAN2_RX1_IRQHandler                      0x08000243   Thumb Code     0  startup_stm32f40_41xxx.o(.text)
    CAN2_SCE_IRQHandler                      0x08000243   Thumb Code     0  startup_stm32f40_41xxx.o(.text)
    CAN2_TX_IRQHandler                       0x08000243   Thumb Code     0  startup_stm32f40_41xxx.o(.text)
    CRYP_IRQHandler                          0x08000243   Thumb Code     0  startup_stm32f40_41xxx.o(.text)
    DCMI_IRQHandler                          0x08000243   Thumb Code     0  startup_stm32f40_41xxx.o(.text)
    DMA1_Stream0_IRQHandler                  0x08000243   Thumb Code     0  startup_stm32f40_41xxx.o(.text)
    DMA1_Stream1_IRQHandler                  0x08000243   Thumb Code     0  startup_stm32f40_41xxx.o(.text)
    DMA1_Stream2_IRQHandler                  0x08000243   Thumb Code     0  startup_stm32f40_41xxx.o(.text)
    DMA1_Stream3_IRQHandler                  0x08000243   Thumb Code     0  startup_stm32f40_41xxx.o(.text)
    DMA1_Stream4_IRQHandler                  0x08000243   Thumb Code     0  startup_stm32f40_41xxx.o(.text)
    DMA1_Stream5_IRQHandler                  0x08000243   Thumb Code     0  startup_stm32f40_41xxx.o(.text)
    DMA1_Stream6_IRQHandler                  0x08000243   Thumb Code     0  startup_stm32f40_41xxx.o(.text)
    DMA1_Stream7_IRQHandler                  0x08000243   Thumb Code     0  startup_stm32f40_41xxx.o(.text)
    DMA2_Stream0_IRQHandler                  0x08000243   Thumb Code     0  startup_stm32f40_41xxx.o(.text)
    DMA2_Stream1_IRQHandler                  0x08000243   Thumb Code     0  startup_stm32f40_41xxx.o(.text)
    DMA2_Stream2_IRQHandler                  0x08000243   Thumb Code     0  startup_stm32f40_41xxx.o(.text)
    DMA2_Stream3_IRQHandler                  0x08000243   Thumb Code     0  startup_stm32f40_41xxx.o(.text)
    DMA2_Stream4_IRQHandler                  0x08000243   Thumb Code     0  startup_stm32f40_41xxx.o(.text)
    DMA2_Stream5_IRQHandler                  0x08000243   Thumb Code     0  startup_stm32f40_41xxx.o(.text)
    DMA2_Stream6_IRQHandler                  0x08000243   Thumb Code     0  startup_stm32f40_41xxx.o(.text)
    DMA2_Stream7_IRQHandler                  0x08000243   Thumb Code     0  startup_stm32f40_41xxx.o(.text)
    ETH_IRQHandler                           0x08000243   Thumb Code     0  startup_stm32f40_41xxx.o(.text)
    ETH_WKUP_IRQHandler                      0x08000243   Thumb Code     0  startup_stm32f40_41xxx.o(.text)
    EXTI1_IRQHandler                         0x08000243   Thumb Code     0  startup_stm32f40_41xxx.o(.text)
    EXTI2_IRQHandler                         0x08000243   Thumb Code     0  startup_stm32f40_41xxx.o(.text)
    EXTI3_IRQHandler                         0x08000243   Thumb Code     0  startup_stm32f40_41xxx.o(.text)
    EXTI4_IRQHandler                         0x08000243   Thumb Code     0  startup_stm32f40_41xxx.o(.text)
    FLASH_IRQHandler                         0x08000243   Thumb Code     0  startup_stm32f40_41xxx.o(.text)
    FPU_IRQHandler                           0x08000243   Thumb Code     0  startup_stm32f40_41xxx.o(.text)
    FSMC_IRQHandler                          0x08000243   Thumb Code     0  startup_stm32f40_41xxx.o(.text)
    HASH_RNG_IRQHandler                      0x08000243   Thumb Code     0  startup_stm32f40_41xxx.o(.text)
    I2C1_ER_IRQHandler                       0x08000243   Thumb Code     0  startup_stm32f40_41xxx.o(.text)
    I2C1_EV_IRQHandler                       0x08000243   Thumb Code     0  startup_stm32f40_41xxx.o(.text)
    I2C2_ER_IRQHandler                       0x08000243   Thumb Code     0  startup_stm32f40_41xxx.o(.text)
    I2C2_EV_IRQHandler                       0x08000243   Thumb Code     0  startup_stm32f40_41xxx.o(.text)
    I2C3_ER_IRQHandler                       0x08000243   Thumb Code     0  startup_stm32f40_41xxx.o(.text)
    I2C3_EV_IRQHandler                       0x08000243   Thumb Code     0  startup_stm32f40_41xxx.o(.text)
    OTG_FS_IRQHandler                        0x08000243   Thumb Code     0  startup_stm32f40_41xxx.o(.text)
    OTG_FS_WKUP_IRQHandler                   0x08000243   Thumb Code     0  startup_stm32f40_41xxx.o(.text)
    OTG_HS_EP1_IN_IRQHandler                 0x08000243   Thumb Code     0  startup_stm32f40_41xxx.o(.text)
    OTG_HS_EP1_OUT_IRQHandler                0x08000243   Thumb Code     0  startup_stm32f40_41xxx.o(.text)
    OTG_HS_IRQHandler                        0x08000243   Thumb Code     0  startup_stm32f40_41xxx.o(.text)
    OTG_HS_WKUP_IRQHandler                   0x08000243   Thumb Code     0  startup_stm32f40_41xxx.o(.text)
    PVD_IRQHandler                           0x08000243   Thumb Code     0  startup_stm32f40_41xxx.o(.text)
    RCC_IRQHandler                           0x08000243   Thumb Code     0  startup_stm32f40_41xxx.o(.text)
    RTC_Alarm_IRQHandler                     0x08000243   Thumb Code     0  startup_stm32f40_41xxx.o(.text)
    RTC_WKUP_IRQHandler                      0x08000243   Thumb Code     0  startup_stm32f40_41xxx.o(.text)
    SDIO_IRQHandler                          0x08000243   Thumb Code     0  startup_stm32f40_41xxx.o(.text)
    SPI1_IRQHandler                          0x08000243   Thumb Code     0  startup_stm32f40_41xxx.o(.text)
    SPI2_IRQHandler                          0x08000243   Thumb Code     0  startup_stm32f40_41xxx.o(.text)
    SPI3_IRQHandler                          0x08000243   Thumb Code     0  startup_stm32f40_41xxx.o(.text)
    TAMP_STAMP_IRQHandler                    0x08000243   Thumb Code     0  startup_stm32f40_41xxx.o(.text)
    TIM1_BRK_TIM9_IRQHandler                 0x08000243   Thumb Code     0  startup_stm32f40_41xxx.o(.text)
    TIM1_CC_IRQHandler                       0x08000243   Thumb Code     0  startup_stm32f40_41xxx.o(.text)
    TIM1_TRG_COM_TIM11_IRQHandler            0x08000243   Thumb Code     0  startup_stm32f40_41xxx.o(.text)
    TIM1_UP_TIM10_IRQHandler                 0x08000243   Thumb Code     0  startup_stm32f40_41xxx.o(.text)
    TIM2_IRQHandler                          0x08000243   Thumb Code     0  startup_stm32f40_41xxx.o(.text)
    TIM4_IRQHandler                          0x08000243   Thumb Code     0  startup_stm32f40_41xxx.o(.text)
    TIM5_IRQHandler                          0x08000243   Thumb Code     0  startup_stm32f40_41xxx.o(.text)
    TIM6_DAC_IRQHandler                      0x08000243   Thumb Code     0  startup_stm32f40_41xxx.o(.text)
    TIM7_IRQHandler                          0x08000243   Thumb Code     0  startup_stm32f40_41xxx.o(.text)
    TIM8_BRK_TIM12_IRQHandler                0x08000243   Thumb Code     0  startup_stm32f40_41xxx.o(.text)
    TIM8_CC_IRQHandler                       0x08000243   Thumb Code     0  startup_stm32f40_41xxx.o(.text)
    TIM8_TRG_COM_TIM14_IRQHandler            0x08000243   Thumb Code     0  startup_stm32f40_41xxx.o(.text)
    TIM8_UP_TIM13_IRQHandler                 0x08000243   Thumb Code     0  startup_stm32f40_41xxx.o(.text)
    UART4_IRQHandler                         0x08000243   Thumb Code     0  startup_stm32f40_41xxx.o(.text)
    UART5_IRQHandler                         0x08000243   Thumb Code     0  startup_stm32f40_41xxx.o(.text)
    USART2_IRQHandler                        0x08000243   Thumb Code     0  startup_stm32f40_41xxx.o(.text)
    USART3_IRQHandler                        0x08000243   Thumb Code     0  startup_stm32f40_41xxx.o(.text)
    USART6_IRQHandler                        0x08000243   Thumb Code     0  startup_stm32f40_41xxx.o(.text)
    __user_initial_stackheap                 0x08000245   Thumb Code     0  startup_stm32f40_41xxx.o(.text)
    __use_two_region_memory                  0x08000269   Thumb Code     2  heapauxi.o(.text)
    __rt_heap_escrow$2region                 0x0800026b   Thumb Code     2  heapauxi.o(.text)
    __rt_heap_expand$2region                 0x0800026d   Thumb Code     2  heapauxi.o(.text)
    __user_setup_stackheap                   0x0800026f   Thumb Code    74  sys_stackheap_outer.o(.text)
    exit                                     0x080002b9   Thumb Code    18  exit.o(.text)
    __user_libspace                          0x080002cd   Thumb Code     8  libspace.o(.text)
    __user_perproc_libspace                  0x080002cd   Thumb Code     0  libspace.o(.text)
    __user_perthread_libspace                0x080002cd   Thumb Code     0  libspace.o(.text)
    _sys_exit                                0x080002d5   Thumb Code     8  sys_exit.o(.text)
    __I$use$semihosting                      0x080002e1   Thumb Code     0  use_no_semi.o(.text)
    __use_no_semihosting_swi                 0x080002e1   Thumb Code     2  use_no_semi.o(.text)
    __semihosting_library_function           0x080002e3   Thumb Code     0  indicate_semi.o(.text)
    AT24C02_GPIO_Init                        0x080002e5   Thumb Code    62  at24c02.o(i.AT24C02_GPIO_Init)
    AT24C02_IIC_Ack                          0x08000331   Thumb Code    74  at24c02.o(i.AT24C02_IIC_Ack)
    AT24C02_IIC_NAck                         0x08000389   Thumb Code    66  at24c02.o(i.AT24C02_IIC_NAck)
    AT24C02_IIC_Start                        0x080003d5   Thumb Code    74  at24c02.o(i.AT24C02_IIC_Start)
    AT24C02_IIC_Stop                         0x0800042d   Thumb Code    74  at24c02.o(i.AT24C02_IIC_Stop)
    AT24C02_IIC_Wait_Ack                     0x08000485   Thumb Code   100  at24c02.o(i.AT24C02_IIC_Wait_Ack)
    AT24C02_Init                             0x080004f1   Thumb Code     8  at24c02.o(i.AT24C02_Init)
    AT24C02_Read                             0x080004f9   Thumb Code    34  at24c02.o(i.AT24C02_Read)
    AT24C02_ReadOneByte                      0x0800051b   Thumb Code    58  at24c02.o(i.AT24C02_ReadOneByte)
    AT24C02_Read_Byte                        0x08000555   Thumb Code   100  at24c02.o(i.AT24C02_Read_Byte)
    AT24C02_Send_Byte                        0x080005c5   Thumb Code   106  at24c02.o(i.AT24C02_Send_Byte)
    EXTI0_IRQHandler                         0x08000639   Thumb Code    48  sm2200.o(i.EXTI0_IRQHandler)
    EXTI15_10_IRQHandler                     0x0800066d   Thumb Code   124  w5200.o(i.EXTI15_10_IRQHandler)
    EXTI9_5_IRQHandler                       0x080006f9   Thumb Code   138  w5200.o(i.EXTI9_5_IRQHandler)
    EXTI_ClearITPendingBit                   0x08000795   Thumb Code     6  stm32f4xx_exti.o(i.EXTI_ClearITPendingBit)
    EXTI_GetITStatus                         0x080007a1   Thumb Code    20  stm32f4xx_exti.o(i.EXTI_GetITStatus)
    EXTI_Init                                0x080007b9   Thumb Code   142  stm32f4xx_exti.o(i.EXTI_Init)
    GPIO_Init                                0x0800084d   Thumb Code   144  stm32f4xx_gpio.o(i.GPIO_Init)
    GPIO_PinAFConfig                         0x080008dd   Thumb Code    70  stm32f4xx_gpio.o(i.GPIO_PinAFConfig)
    GPIO_ResetBits                           0x08000923   Thumb Code     4  stm32f4xx_gpio.o(i.GPIO_ResetBits)
    GPIO_SetBits                             0x08000927   Thumb Code     4  stm32f4xx_gpio.o(i.GPIO_SetBits)
    GPIO_ToggleBits                          0x0800092b   Thumb Code     8  stm32f4xx_gpio.o(i.GPIO_ToggleBits)
    GetDeviceInformation                     0x08000935   Thumb Code   118  at24c02.o(i.GetDeviceInformation)
    NVIC_Init                                0x080009c1   Thumb Code   106  misc.o(i.NVIC_Init)
    OfdmXcvrRead                             0x08000a39   Thumb Code    78  sm2200.o(i.OfdmXcvrRead)
    OfdmXcvrWrite                            0x08000a8d   Thumb Code    82  sm2200.o(i.OfdmXcvrWrite)
    RCC_AHB1PeriphClockCmd                   0x08000ae5   Thumb Code    26  stm32f4xx_rcc.o(i.RCC_AHB1PeriphClockCmd)
    RCC_APB1PeriphClockCmd                   0x08000b05   Thumb Code    26  stm32f4xx_rcc.o(i.RCC_APB1PeriphClockCmd)
    RCC_APB1PeriphResetCmd                   0x08000b25   Thumb Code    26  stm32f4xx_rcc.o(i.RCC_APB1PeriphResetCmd)
    RCC_APB2PeriphClockCmd                   0x08000b45   Thumb Code    26  stm32f4xx_rcc.o(i.RCC_APB2PeriphClockCmd)
    RCC_APB2PeriphResetCmd                   0x08000b65   Thumb Code    26  stm32f4xx_rcc.o(i.RCC_APB2PeriphResetCmd)
    RCC_GetClocksFreq                        0x08000b85   Thumb Code   214  stm32f4xx_rcc.o(i.RCC_GetClocksFreq)
    RJ45_1_GPIO_Init                         0x08000c6d   Thumb Code   432  w5200.o(i.RJ45_1_GPIO_Init)
    RJ45_1_Init                              0x08000e29   Thumb Code   162  w5200.o(i.RJ45_1_Init)
    RJ45_1_Read                              0x08000ee9   Thumb Code   370  w5200.o(i.RJ45_1_Read)
    RJ45_1_ReadWriteByte                     0x08001061   Thumb Code    50  w5200.o(i.RJ45_1_ReadWriteByte)
    RJ45_1_Read_Register                     0x08001099   Thumb Code    60  w5200.o(i.RJ45_1_Read_Register)
    RJ45_1_Reset                             0x080010d9   Thumb Code    66  w5200.o(i.RJ45_1_Reset)
    RJ45_1_TCP_ServiceInit                   0x08001121   Thumb Code   172  w5200.o(i.RJ45_1_TCP_ServiceInit)
    RJ45_1_Write_Register                    0x080011d1   Thumb Code    58  w5200.o(i.RJ45_1_Write_Register)
    RJ45_2_GPIO_Init                         0x08001211   Thumb Code   414  w5200.o(i.RJ45_2_GPIO_Init)
    RJ45_2_Init                              0x080013bd   Thumb Code   184  w5200.o(i.RJ45_2_Init)
    RJ45_2_Read                              0x08001495   Thumb Code   356  w5200.o(i.RJ45_2_Read)
    RJ45_2_ReadWriteByte                     0x08001601   Thumb Code    50  w5200.o(i.RJ45_2_ReadWriteByte)
    RJ45_2_Read_Register                     0x08001639   Thumb Code    56  w5200.o(i.RJ45_2_Read_Register)
    RJ45_2_Reset                             0x08001675   Thumb Code    62  w5200.o(i.RJ45_2_Reset)
    RJ45_2_TCP_Init                          0x080016b9   Thumb Code   172  w5200.o(i.RJ45_2_TCP_Init)
    RJ45_2_Write_Register                    0x08001769   Thumb Code    54  w5200.o(i.RJ45_2_Write_Register)
    SM2200_GPIO                              0x080017a5   Thumb Code   220  sm2200.o(i.SM2200_GPIO)
    SM2200_Init                              0x08001889   Thumb Code   272  sm2200.o(i.SM2200_Init)
    SM2200_Receive                           0x080019b1   Thumb Code   130  sm2200.o(i.SM2200_Receive)
    SPI3_ReadWriteByte                       0x08001a41   Thumb Code    50  sm2200.o(i.SPI3_ReadWriteByte)
    SPI_CalculateCRC                         0x08001a79   Thumb Code    24  stm32f4xx_spi.o(i.SPI_CalculateCRC)
    SPI_Cmd                                  0x08001a91   Thumb Code    24  stm32f4xx_spi.o(i.SPI_Cmd)
    SPI_I2S_DeInit                           0x08001aa9   Thumb Code   152  stm32f4xx_spi.o(i.SPI_I2S_DeInit)
    SPI_I2S_GetFlagStatus                    0x08001b59   Thumb Code    18  stm32f4xx_spi.o(i.SPI_I2S_GetFlagStatus)
    SPI_I2S_ReceiveData                      0x08001b6b   Thumb Code     6  stm32f4xx_spi.o(i.SPI_I2S_ReceiveData)
    SPI_I2S_SendData                         0x08001b71   Thumb Code     4  stm32f4xx_spi.o(i.SPI_I2S_SendData)
    SPI_Init                                 0x08001b75   Thumb Code    60  stm32f4xx_spi.o(i.SPI_Init)
    SPI_SM2200                               0x08001bb1   Thumb Code   174  sm2200.o(i.SPI_SM2200)
    SYSCFG_EXTILineConfig                    0x08001c69   Thumb Code    60  stm32f4xx_syscfg.o(i.SYSCFG_EXTILineConfig)
    Set_WWDG                                 0x08001d95   Thumb Code     2  wwdg.o(i.Set_WWDG)
    SysTick_CLKSourceConfig                  0x08001d97   Thumb Code    40  misc.o(i.SysTick_CLKSourceConfig)
    SystemInit                               0x08001dc1   Thumb Code    88  system_stm32f4xx.o(i.SystemInit)
    TIM3_IRQHandler                          0x08001e29   Thumb Code    32  time.o(i.TIM3_IRQHandler)
    TIM3_Init                                0x08001e51   Thumb Code    88  time.o(i.TIM3_Init)
    TIM_ClearITPendingBit                    0x08001ead   Thumb Code     6  stm32f4xx_tim.o(i.TIM_ClearITPendingBit)
    TIM_Cmd                                  0x08001eb3   Thumb Code    24  stm32f4xx_tim.o(i.TIM_Cmd)
    TIM_GetITStatus                          0x08001ecb   Thumb Code    34  stm32f4xx_tim.o(i.TIM_GetITStatus)
    TIM_ITConfig                             0x08001eed   Thumb Code    18  stm32f4xx_tim.o(i.TIM_ITConfig)
    TIM_TimeBaseInit                         0x08001f01   Thumb Code   104  stm32f4xx_tim.o(i.TIM_TimeBaseInit)
    USART1_IRQHandler                        0x08001f85   Thumb Code   148  uart.o(i.USART1_IRQHandler)
    USART_Cmd                                0x08002031   Thumb Code    24  stm32f4xx_usart.o(i.USART_Cmd)
    USART_GetITStatus                        0x08002049   Thumb Code    84  stm32f4xx_usart.o(i.USART_GetITStatus)
    USART_ITConfig                           0x0800209d   Thumb Code    74  stm32f4xx_usart.o(i.USART_ITConfig)
    USART_Init                               0x080020e9   Thumb Code   204  stm32f4xx_usart.o(i.USART_Init)
    USART_ReceiveData                        0x080021bd   Thumb Code    10  stm32f4xx_usart.o(i.USART_ReceiveData)
    WWDG_ClearFlag                           0x080021c9   Thumb Code     8  stm32f4xx_wwdg.o(i.WWDG_ClearFlag)
    WWDG_IRQHandler                          0x080021d5   Thumb Code    28  wwdg.o(i.WWDG_IRQHandler)
    WWDG_SetCounter                          0x080021f5   Thumb Code    10  stm32f4xx_wwdg.o(i.WWDG_SetCounter)
    delay_init                               0x08002205   Thumb Code    52  delay.o(i.delay_init)
    delay_ms                                 0x08002241   Thumb Code    56  delay.o(i.delay_ms)
    delay_xms                                0x08002279   Thumb Code    72  delay.o(i.delay_xms)
    delayms                                  0x080022c5   Thumb Code    42  delay.o(i.delayms)
    gpio_Init                                0x080022f1   Thumb Code   220  led.o(i.gpio_Init)
    main                                     0x080023dd   Thumb Code   194  main.o(i.main)
    uart_init                                0x080024c9   Thumb Code   204  uart.o(i.uart_init)
    _fp_init                                 0x0800259d   Thumb Code    10  fpinit.o(x$fpl$fpinit)
    __fplib_config_fpu_vfp                   0x080025a5   Thumb Code     0  fpinit.o(x$fpl$fpinit)
    __fplib_config_pureend_doubles           0x080025a5   Thumb Code     0  fpinit.o(x$fpl$fpinit)
    Region$$Table$$Base                      0x080025a8   Number         0  anon$$obj.o(Region$$Table)
    Region$$Table$$Limit                     0x080025c8   Number         0  anon$$obj.o(Region$$Table)
    Device                                   0x20000000   Data           1  main.o(.data)
    ConnectDevice                            0x20000001   Data           1  main.o(.data)
    DeviceScale                              0x20000002   Data           1  main.o(.data)
    ToDevice                                 0x20000004   Data           2  main.o(.data)
    ReDevice                                 0x20000006   Data           2  main.o(.data)
    DeviceInformation                        0x20000008   Data          13  main.o(.data)
    ChannelSend                              0x20000018   Data           4  main.o(.data)
    ChannelReceive                           0x2000001c   Data           4  main.o(.data)
    SM2200ReceiveFalg                        0x20000020   Data           1  main.o(.data)
    Voltage                                  0x20000021   Data           1  main.o(.data)
    Check                                    0x20000022   Data          50  main.o(.data)
    ConnectState                             0x20000054   Data           1  main.o(.data)
    RJ45_1_Mode                              0x20000055   Data           1  main.o(.data)
    ServiceIP                                0x20000056   Data           4  main.o(.data)
    ServicePort                              0x2000005a   Data           2  main.o(.data)
    RJ45_1_MAC                               0x2000005c   Data           6  main.o(.data)
    RJ45_1_IP                                0x20000062   Data           4  main.o(.data)
    RJ45_1_GateWay                           0x20000066   Data           4  main.o(.data)
    RJ45_1_SubNet                            0x2000006a   Data           4  main.o(.data)
    RJ45_1_Loc_Potr                          0x2000006e   Data           2  main.o(.data)
    RJ45_1_Connect                           0x20000070   Data           1  main.o(.data)
    RJ45_1_ReceiveFlag                       0x20000071   Data           1  main.o(.data)
    RJ45_1_Send                              0x20000072   Data           1  main.o(.data)
    RJ45_2_MAC                               0x20000073   Data           6  main.o(.data)
    RJ45_2_IP                                0x20000079   Data           4  main.o(.data)
    RJ45_2_GateWay                           0x2000007d   Data           4  main.o(.data)
    RJ45_2_SubNet                            0x20000081   Data           4  main.o(.data)
    RJ45_2_Loc_Potr                          0x20000086   Data           2  main.o(.data)
    RJ45_2_Connect                           0x20000088   Data           1  main.o(.data)
    RJ45_2_ReceiveFlag                       0x20000089   Data           1  main.o(.data)
    RJ45_2_Send                              0x2000008a   Data           1  main.o(.data)
    RTR_Time                                 0x2000008c   Data           2  main.o(.data)
    RCR_Num                                  0x2000008e   Data           1  main.o(.data)
    NetRNum                                  0x20000090   Data           2  main.o(.data)
    NetTNum                                  0x20000092   Data           2  main.o(.data)
    CommandFlag                              0x20000094   Data           1  main.o(.data)
    Netflag                                  0x20000095   Data           1  main.o(.data)
    W5200_Device1_Connect                    0x20000096   Data           1  main.o(.data)
    W5200_Device1_Send                       0x20000097   Data           1  main.o(.data)
    W5200_Device1_ReadAddress                0x20000098   Data           2  main.o(.data)
    ShakeHandFlag                            0x2000009a   Data           1  main.o(.data)
    Flag                                     0x2000009c   Data           2  main.o(.data)
    r                                        0x2000009e   Data           1  main.o(.data)
    m                                        0x2000009f   Data           1  main.o(.data)
    j                                        0x200000a0   Data           2  main.o(.data)
    l                                        0x200000a2   Data           2  main.o(.data)
    Start_Address                            0x200000a4   Data           2  main.o(.data)
    Len                                      0x200000a6   Data           1  main.o(.data)
    Flag101                                  0x200000a7   Data           1  main.o(.data)
    Flag104                                  0x200000a8   Data           1  main.o(.data)
    M101                                     0x200000a9   Data           5  main.o(.data)
    M104_1                                   0x200000ae   Data           6  main.o(.data)
    M104_2                                   0x200000b4   Data           6  main.o(.data)
    M104_3                                   0x200000ba   Data          16  main.o(.data)
    BER_Flag                                 0x200000ca   Data           1  main.o(.data)
    trr                                      0x200000cc   Data           4  main.o(.data)
    i                                        0x200000d0   Data           1  main.o(.data)
    W5200_Rx_Size                            0x200000e2   Data           8  w5200.o(.data)
    W5200_Tx_Size                            0x200000ea   Data           8  w5200.o(.data)
    RJ45_2_DataLength                        0x200000f2   Data           2  w5200.o(.data)
    StartFlag                                0x200000f4   Data           1  uart.o(.data)
    Index101                                 0x200000f5   Data           1  uart.o(.data)
    WWDG_CNT                                 0x200000f6   Data           1  wwdg.o(.data)
    Command                                  0x200000fc   Data          74  main.o(.bss)
    SM2200TxBuf                              0x20000146   Data        2304  main.o(.bss)
    SM2200RxBuf                              0x20000a46   Data        2304  main.o(.bss)
    ChannelFrenquence                        0x20001346   Data          18  main.o(.bss)
    ChannelSize                              0x20001358   Data          18  main.o(.bss)
    ChannelType                              0x2000136a   Data          18  main.o(.bss)
    Noise                                    0x2000137c   Data          36  main.o(.bss)
    ShakeChannel                             0x200013a0   Data          18  main.o(.bss)
    RJ45_1_RData                             0x200013b2   Data        1024  main.o(.bss)
    RJ45_1_WData                             0x200017b2   Data        1024  main.o(.bss)
    RJ45_2_RData                             0x20001bb2   Data        1024  main.o(.bss)
    RJ45_2_WData                             0x20001fb2   Data        1024  main.o(.bss)
    receivenum                               0x200023b4   Data        4000  main.o(.bss)
    Message101                               0x20003354   Data         256  uart.o(.bss)
    __libspace_start                         0x20003454   Data          96  libspace.o(.bss)
    __temporary_stack_top$libspace           0x200034b4   Data           0  libspace.o(.bss)



==============================================================================

Memory Map of the image

  Image Entry point : 0x08000189

  Load Region LR_IROM1 (Base: 0x08000000, Size: 0x000026c4, Max: 0x00100000, ABSOLUTE)

    Execution Region ER_IROM1 (Base: 0x08000000, Size: 0x000025c8, Max: 0x00100000, ABSOLUTE)

    Base Addr    Size         Type   Attr      Idx    E Section Name        Object

    0x08000000   0x00000188   Data   RO          192    RESET               startup_stm32f40_41xxx.o
    0x08000188   0x00000008   Code   RO         2927  * !!!main             c_w.l(__main.o)
    0x08000190   0x00000034   Code   RO         3084    !!!scatter          c_w.l(__scatter.o)
    0x080001c4   0x0000001a   Code   RO         3086    !!handler_copy      c_w.l(__scatter_copy.o)
    0x080001de   0x00000002   PAD
    0x080001e0   0x0000001c   Code   RO         3088    !!handler_zi        c_w.l(__scatter_zi.o)
    0x080001fc   0x00000002   Code   RO         2954    .ARM.Collect$$libinit$$00000000  c_w.l(libinit.o)
    0x080001fe   0x00000004   Code   RO         2960    .ARM.Collect$$libinit$$00000001  c_w.l(libinit2.o)
    0x08000202   0x00000000   Code   RO         2963    .ARM.Collect$$libinit$$00000004  c_w.l(libinit2.o)
    0x08000202   0x00000000   Code   RO         2966    .ARM.Collect$$libinit$$0000000A  c_w.l(libinit2.o)
    0x08000202   0x00000000   Code   RO         2968    .ARM.Collect$$libinit$$0000000C  c_w.l(libinit2.o)
    0x08000202   0x00000000   Code   RO         2970    .ARM.Collect$$libinit$$0000000E  c_w.l(libinit2.o)
    0x08000202   0x00000000   Code   RO         2973    .ARM.Collect$$libinit$$00000011  c_w.l(libinit2.o)
    0x08000202   0x00000000   Code   RO         2975    .ARM.Collect$$libinit$$00000013  c_w.l(libinit2.o)
    0x08000202   0x00000000   Code   RO         2977    .ARM.Collect$$libinit$$00000015  c_w.l(libinit2.o)
    0x08000202   0x00000000   Code   RO         2979    .ARM.Collect$$libinit$$00000017  c_w.l(libinit2.o)
    0x08000202   0x00000000   Code   RO         2981    .ARM.Collect$$libinit$$00000019  c_w.l(libinit2.o)
    0x08000202   0x00000000   Code   RO         2983    .ARM.Collect$$libinit$$0000001B  c_w.l(libinit2.o)
    0x08000202   0x00000000   Code   RO         2985    .ARM.Collect$$libinit$$0000001D  c_w.l(libinit2.o)
    0x08000202   0x00000000   Code   RO         2987    .ARM.Collect$$libinit$$0000001F  c_w.l(libinit2.o)
    0x08000202   0x00000000   Code   RO         2989    .ARM.Collect$$libinit$$00000021  c_w.l(libinit2.o)
    0x08000202   0x00000000   Code   RO         2991    .ARM.Collect$$libinit$$00000023  c_w.l(libinit2.o)
    0x08000202   0x00000000   Code   RO         2993    .ARM.Collect$$libinit$$00000025  c_w.l(libinit2.o)
    0x08000202   0x00000000   Code   RO         2997    .ARM.Collect$$libinit$$0000002C  c_w.l(libinit2.o)
    0x08000202   0x00000000   Code   RO         2999    .ARM.Collect$$libinit$$0000002E  c_w.l(libinit2.o)
    0x08000202   0x00000000   Code   RO         3001    .ARM.Collect$$libinit$$00000030  c_w.l(libinit2.o)
    0x08000202   0x00000000   Code   RO         3003    .ARM.Collect$$libinit$$00000032  c_w.l(libinit2.o)
    0x08000202   0x00000002   Code   RO         3004    .ARM.Collect$$libinit$$00000033  c_w.l(libinit2.o)
    0x08000204   0x00000002   Code   RO         3024    .ARM.Collect$$libshutdown$$00000000  c_w.l(libshutdown.o)
    0x08000206   0x00000000   Code   RO         3037    .ARM.Collect$$libshutdown$$00000002  c_w.l(libshutdown2.o)
    0x08000206   0x00000000   Code   RO         3039    .ARM.Collect$$libshutdown$$00000004  c_w.l(libshutdown2.o)
    0x08000206   0x00000000   Code   RO         3042    .ARM.Collect$$libshutdown$$00000007  c_w.l(libshutdown2.o)
    0x08000206   0x00000000   Code   RO         3045    .ARM.Collect$$libshutdown$$0000000A  c_w.l(libshutdown2.o)
    0x08000206   0x00000000   Code   RO         3047    .ARM.Collect$$libshutdown$$0000000C  c_w.l(libshutdown2.o)
    0x08000206   0x00000000   Code   RO         3050    .ARM.Collect$$libshutdown$$0000000F  c_w.l(libshutdown2.o)
    0x08000206   0x00000002   Code   RO         3051    .ARM.Collect$$libshutdown$$00000010  c_w.l(libshutdown2.o)
    0x08000208   0x00000000   Code   RO         2929    .ARM.Collect$$rtentry$$00000000  c_w.l(__rtentry.o)
    0x08000208   0x00000000   Code   RO         2931    .ARM.Collect$$rtentry$$00000002  c_w.l(__rtentry2.o)
    0x08000208   0x00000006   Code   RO         2943    .ARM.Collect$$rtentry$$00000004  c_w.l(__rtentry4.o)
    0x0800020e   0x00000000   Code   RO         2933    .ARM.Collect$$rtentry$$00000009  c_w.l(__rtentry2.o)
    0x0800020e   0x00000004   Code   RO         2934    .ARM.Collect$$rtentry$$0000000A  c_w.l(__rtentry2.o)
    0x08000212   0x00000000   Code   RO         2936    .ARM.Collect$$rtentry$$0000000C  c_w.l(__rtentry2.o)
    0x08000212   0x00000008   Code   RO         2937    .ARM.Collect$$rtentry$$0000000D  c_w.l(__rtentry2.o)
    0x0800021a   0x00000002   Code   RO         2958    .ARM.Collect$$rtexit$$00000000  c_w.l(rtexit.o)
    0x0800021c   0x00000000   Code   RO         3006    .ARM.Collect$$rtexit$$00000002  c_w.l(rtexit2.o)
    0x0800021c   0x00000004   Code   RO         3007    .ARM.Collect$$rtexit$$00000003  c_w.l(rtexit2.o)
    0x08000220   0x00000006   Code   RO         3008    .ARM.Collect$$rtexit$$00000004  c_w.l(rtexit2.o)
    0x08000226   0x00000002   PAD
    0x08000228   0x00000040   Code   RO          193    .text               startup_stm32f40_41xxx.o
    0x08000268   0x00000006   Code   RO         2925    .text               c_w.l(heapauxi.o)
    0x0800026e   0x0000004a   Code   RO         2945    .text               c_w.l(sys_stackheap_outer.o)
    0x080002b8   0x00000012   Code   RO         2947    .text               c_w.l(exit.o)
    0x080002ca   0x00000002   PAD
    0x080002cc   0x00000008   Code   RO         2955    .text               c_w.l(libspace.o)
    0x080002d4   0x0000000c   Code   RO         3016    .text               c_w.l(sys_exit.o)
    0x080002e0   0x00000002   Code   RO         3027    .text               c_w.l(use_no_semi.o)
    0x080002e2   0x00000000   Code   RO         3029    .text               c_w.l(indicate_semi.o)
    0x080002e2   0x00000002   PAD
    0x080002e4   0x0000004c   Code   RO         2502    i.AT24C02_GPIO_Init  at24c02.o
    0x08000330   0x00000058   Code   RO         2503    i.AT24C02_IIC_Ack   at24c02.o
    0x08000388   0x0000004c   Code   RO         2504    i.AT24C02_IIC_NAck  at24c02.o
    0x080003d4   0x00000058   Code   RO         2505    i.AT24C02_IIC_Start  at24c02.o
    0x0800042c   0x00000058   Code   RO         2506    i.AT24C02_IIC_Stop  at24c02.o
    0x08000484   0x0000006c   Code   RO         2507    i.AT24C02_IIC_Wait_Ack  at24c02.o
    0x080004f0   0x00000008   Code   RO         2508    i.AT24C02_Init      at24c02.o
    0x080004f8   0x00000022   Code   RO         2509    i.AT24C02_Read      at24c02.o
    0x0800051a   0x0000003a   Code   RO         2510    i.AT24C02_ReadOneByte  at24c02.o
    0x08000554   0x00000070   Code   RO         2511    i.AT24C02_Read_Byte  at24c02.o
    0x080005c4   0x00000074   Code   RO         2512    i.AT24C02_Send_Byte  at24c02.o
    0x08000638   0x00000034   Code   RO         2244    i.EXTI0_IRQHandler  sm2200.o
    0x0800066c   0x0000008c   Code   RO         2331    i.EXTI15_10_IRQHandler  w5200.o
    0x080006f8   0x0000009c   Code   RO         2332    i.EXTI9_5_IRQHandler  w5200.o
    0x08000794   0x0000000c   Code   RO          267    i.EXTI_ClearITPendingBit  stm32f4xx_exti.o
    0x080007a0   0x00000018   Code   RO          271    i.EXTI_GetITStatus  stm32f4xx_exti.o
    0x080007b8   0x00000094   Code   RO          272    i.EXTI_Init         stm32f4xx_exti.o
    0x0800084c   0x00000090   Code   RO          329    i.GPIO_Init         stm32f4xx_gpio.o
    0x080008dc   0x00000046   Code   RO          330    i.GPIO_PinAFConfig  stm32f4xx_gpio.o
    0x08000922   0x00000004   Code   RO          336    i.GPIO_ResetBits    stm32f4xx_gpio.o
    0x08000926   0x00000004   Code   RO          337    i.GPIO_SetBits      stm32f4xx_gpio.o
    0x0800092a   0x00000008   Code   RO          339    i.GPIO_ToggleBits   stm32f4xx_gpio.o
    0x08000932   0x00000002   PAD
    0x08000934   0x0000008c   Code   RO         2515    i.GetDeviceInformation  at24c02.o
    0x080009c0   0x00000078   Code   RO          199    i.NVIC_Init         misc.o
    0x08000a38   0x00000054   Code   RO         2246    i.OfdmXcvrRead      sm2200.o
    0x08000a8c   0x00000058   Code   RO         2247    i.OfdmXcvrWrite     sm2200.o
    0x08000ae4   0x00000020   Code   RO          426    i.RCC_AHB1PeriphClockCmd  stm32f4xx_rcc.o
    0x08000b04   0x00000020   Code   RO          435    i.RCC_APB1PeriphClockCmd  stm32f4xx_rcc.o
    0x08000b24   0x00000020   Code   RO          437    i.RCC_APB1PeriphResetCmd  stm32f4xx_rcc.o
    0x08000b44   0x00000020   Code   RO          438    i.RCC_APB2PeriphClockCmd  stm32f4xx_rcc.o
    0x08000b64   0x00000020   Code   RO          440    i.RCC_APB2PeriphResetCmd  stm32f4xx_rcc.o
    0x08000b84   0x000000e8   Code   RO          447    i.RCC_GetClocksFreq  stm32f4xx_rcc.o
    0x08000c6c   0x000001bc   Code   RO         2335    i.RJ45_1_GPIO_Init  w5200.o
    0x08000e28   0x000000c0   Code   RO         2336    i.RJ45_1_Init       w5200.o
    0x08000ee8   0x00000178   Code   RO         2337    i.RJ45_1_Read       w5200.o
    0x08001060   0x00000038   Code   RO         2338    i.RJ45_1_ReadWriteByte  w5200.o
    0x08001098   0x00000040   Code   RO         2339    i.RJ45_1_Read_Register  w5200.o
    0x080010d8   0x00000048   Code   RO         2340    i.RJ45_1_Reset      w5200.o
    0x08001120   0x000000b0   Code   RO         2342    i.RJ45_1_TCP_ServiceInit  w5200.o
    0x080011d0   0x00000040   Code   RO         2345    i.RJ45_1_Write_Register  w5200.o
    0x08001210   0x000001ac   Code   RO         2347    i.RJ45_2_GPIO_Init  w5200.o
    0x080013bc   0x000000d8   Code   RO         2348    i.RJ45_2_Init       w5200.o
    0x08001494   0x0000016c   Code   RO         2349    i.RJ45_2_Read       w5200.o
    0x08001600   0x00000038   Code   RO         2350    i.RJ45_2_ReadWriteByte  w5200.o
    0x08001638   0x0000003c   Code   RO         2351    i.RJ45_2_Read_Register  w5200.o
    0x08001674   0x00000044   Code   RO         2352    i.RJ45_2_Reset      w5200.o
    0x080016b8   0x000000b0   Code   RO         2353    i.RJ45_2_TCP_Init   w5200.o
    0x08001768   0x0000003c   Code   RO         2355    i.RJ45_2_Write_Register  w5200.o
    0x080017a4   0x000000e4   Code   RO         2249    i.SM2200_GPIO       sm2200.o
    0x08001888   0x00000128   Code   RO         2250    i.SM2200_Init       sm2200.o
    0x080019b0   0x00000090   Code   RO         2251    i.SM2200_Receive    sm2200.o
    0x08001a40   0x00000038   Code   RO         2253    i.SPI3_ReadWriteByte  sm2200.o
    0x08001a78   0x00000018   Code   RO          896    i.SPI_CalculateCRC  stm32f4xx_spi.o
    0x08001a90   0x00000018   Code   RO          897    i.SPI_Cmd           stm32f4xx_spi.o
    0x08001aa8   0x000000b0   Code   RO          904    i.SPI_I2S_DeInit    stm32f4xx_spi.o
    0x08001b58   0x00000012   Code   RO          905    i.SPI_I2S_GetFlagStatus  stm32f4xx_spi.o
    0x08001b6a   0x00000006   Code   RO          908    i.SPI_I2S_ReceiveData  stm32f4xx_spi.o
    0x08001b70   0x00000004   Code   RO          909    i.SPI_I2S_SendData  stm32f4xx_spi.o
    0x08001b74   0x0000003c   Code   RO          910    i.SPI_Init          stm32f4xx_spi.o
    0x08001bb0   0x000000b8   Code   RO         2254    i.SPI_SM2200        sm2200.o
    0x08001c68   0x00000040   Code   RO         1058    i.SYSCFG_EXTILineConfig  stm32f4xx_syscfg.o
    0x08001ca8   0x000000ec   Code   RO          155    i.SetSysClock       system_stm32f4xx.o
    0x08001d94   0x00000002   Code   RO         2644    i.Set_WWDG          wwdg.o
    0x08001d96   0x00000028   Code   RO          203    i.SysTick_CLKSourceConfig  misc.o
    0x08001dbe   0x00000002   PAD
    0x08001dc0   0x00000068   Code   RO          157    i.SystemInit        system_stm32f4xx.o
    0x08001e28   0x00000028   Code   RO         2725    i.TIM3_IRQHandler   time.o
    0x08001e50   0x0000005c   Code   RO         2726    i.TIM3_Init         time.o
    0x08001eac   0x00000006   Code   RO         1122    i.TIM_ClearITPendingBit  stm32f4xx_tim.o
    0x08001eb2   0x00000018   Code   RO         1127    i.TIM_Cmd           stm32f4xx_tim.o
    0x08001eca   0x00000022   Code   RO         1148    i.TIM_GetITStatus   stm32f4xx_tim.o
    0x08001eec   0x00000012   Code   RO         1152    i.TIM_ITConfig      stm32f4xx_tim.o
    0x08001efe   0x00000002   PAD
    0x08001f00   0x00000084   Code   RO         1199    i.TIM_TimeBaseInit  stm32f4xx_tim.o
    0x08001f84   0x000000ac   Code   RO         2607    i.USART1_IRQHandler  uart.o
    0x08002030   0x00000018   Code   RO         1677    i.USART_Cmd         stm32f4xx_usart.o
    0x08002048   0x00000054   Code   RO         1681    i.USART_GetITStatus  stm32f4xx_usart.o
    0x0800209c   0x0000004a   Code   RO         1683    i.USART_ITConfig    stm32f4xx_usart.o
    0x080020e6   0x00000002   PAD
    0x080020e8   0x000000d4   Code   RO         1684    i.USART_Init        stm32f4xx_usart.o
    0x080021bc   0x0000000a   Code   RO         1691    i.USART_ReceiveData  stm32f4xx_usart.o
    0x080021c6   0x00000002   PAD
    0x080021c8   0x0000000c   Code   RO         1989    i.WWDG_ClearFlag    stm32f4xx_wwdg.o
    0x080021d4   0x00000020   Code   RO         2645    i.WWDG_IRQHandler   wwdg.o
    0x080021f4   0x00000010   Code   RO         1994    i.WWDG_SetCounter   stm32f4xx_wwdg.o
    0x08002204   0x0000003c   Code   RO         2679    i.delay_init        delay.o
    0x08002240   0x00000038   Code   RO         2680    i.delay_ms          delay.o
    0x08002278   0x0000004c   Code   RO         2682    i.delay_xms         delay.o
    0x080022c4   0x0000002a   Code   RO         2683    i.delayms           delay.o
    0x080022ee   0x00000002   PAD
    0x080022f0   0x000000ec   Code   RO         2052    i.gpio_Init         led.o
    0x080023dc   0x000000ec   Code   RO            8    i.main              main.o
    0x080024c8   0x000000d4   Code   RO         2609    i.uart_init         uart.o
    0x0800259c   0x0000000a   Code   RO         3014    x$fpl$fpinit        fz_wm.l(fpinit.o)
    0x080025a6   0x00000002   PAD
    0x080025a8   0x00000020   Data   RO         3082    Region$$Table       anon$$obj.o


    Execution Region RW_IRAM1 (Base: 0x20000000, Size: 0x00003ab8, Max: 0x00020000, ABSOLUTE)

    Base Addr    Size         Type   Attr      Idx    E Section Name        Object

    0x20000000   0x000000d1   Data   RW           10    .data               main.o
    0x200000d1   0x00000010   Data   RW          479    .data               stm32f4xx_rcc.o
    0x200000e1   0x00000001   PAD
    0x200000e2   0x00000012   Data   RW         2356    .data               w5200.o
    0x200000f4   0x00000002   Data   RW         2611    .data               uart.o
    0x200000f6   0x00000001   Data   RW         2647    .data               wwdg.o
    0x200000f7   0x00000001   PAD
    0x200000f8   0x00000004   Data   RW         2684    .data               delay.o
    0x200000fc   0x00003258   Zero   RW            9    .bss                main.o
    0x20003354   0x00000100   Zero   RW         2610    .bss                uart.o
    0x20003454   0x00000060   Zero   RW         2956    .bss                c_w.l(libspace.o)
    0x200034b4   0x00000004   PAD
    0x200034b8   0x00000200   Zero   RW          191    HEAP                startup_stm32f40_41xxx.o
    0x200036b8   0x00000400   Zero   RW          190    STACK               startup_stm32f40_41xxx.o


==============================================================================

Image component sizes


      Code (inc. data)   RO Data    RW Data    ZI Data      Debug   Object Name

       992        118          0          0          0       7619   at24c02.o
       234         12          0          4          0       2454   delay.o
       236         16          0          0          0        624   led.o
       236         42          0        209      12888     290974   main.o
       160         14          0          0          0     232914   misc.o
      1132         78          0          0          0       5341   sm2200.o
        64         26        392          0       1536        824   startup_stm32f40_41xxx.o
       184         16          0          0          0       2004   stm32f4xx_exti.o
       230          0          0          0          0       3305   stm32f4xx_gpio.o
         0          0          0          0          0       1444   stm32f4xx_it.o
       392         48          0         16          0       5625   stm32f4xx_rcc.o
       312         24          0          0          0       4534   stm32f4xx_spi.o
        64          4          0          0          0        632   stm32f4xx_syscfg.o
       214         28          0          0          0       3542   stm32f4xx_tim.o
       404          8          0          0          0       4134   stm32f4xx_usart.o
        28         10          0          0          0        963   stm32f4xx_wwdg.o
       340         32          0          0          0       1413   system_stm32f4xx.o
       132         12          0          0          0       1150   time.o
       384         32          0          2        256       2014   uart.o
      3168        188          0         18          0      14551   w5200.o
        34          4          0          1          0       1140   wwdg.o

    ----------------------------------------------------------------------
      8952        712        424        252      14680     587201   Object Totals
         0          0         32          0          0          0   (incl. Generated)
        12          0          0          2          0          0   (incl. Padding)

    ----------------------------------------------------------------------

      Code (inc. data)   RO Data    RW Data    ZI Data      Debug   Library Member Name

         8          0          0          0          0         68   __main.o
         0          0          0          0          0          0   __rtentry.o
        12          0          0          0          0          0   __rtentry2.o
         6          0          0          0          0          0   __rtentry4.o
        52          8          0          0          0          0   __scatter.o
        26          0          0          0          0          0   __scatter_copy.o
        28          0          0          0          0          0   __scatter_zi.o
        18          0          0          0          0         80   exit.o
         6          0          0          0          0        152   heapauxi.o
         0          0          0          0          0          0   indicate_semi.o
         2          0          0          0          0          0   libinit.o
         6          0          0          0          0          0   libinit2.o
         2          0          0          0          0          0   libshutdown.o
         2          0          0          0          0          0   libshutdown2.o
         8          4          0          0         96         68   libspace.o
         2          0          0          0          0          0   rtexit.o
        10          0          0          0          0          0   rtexit2.o
        12          4          0          0          0         68   sys_exit.o
        74          0          0          0          0         80   sys_stackheap_outer.o
         2          0          0          0          0         68   use_no_semi.o
        10          0          0          0          0        116   fpinit.o

    ----------------------------------------------------------------------
       296         16          0          0        100        700   Library Totals
        10          0          0          0          4          0   (incl. Padding)

    ----------------------------------------------------------------------

      Code (inc. data)   RO Data    RW Data    ZI Data      Debug   Library Name

       276         16          0          0         96        584   c_w.l
        10          0          0          0          0        116   fz_wm.l

    ----------------------------------------------------------------------
       296         16          0          0        100        700   Library Totals

    ----------------------------------------------------------------------

==============================================================================


      Code (inc. data)   RO Data    RW Data    ZI Data      Debug   

      9248        728        424        252      14780     579445   Grand Totals
      9248        728        424        252      14780     579445   ELF Image Totals
      9248        728        424        252          0          0   ROM Totals

==============================================================================

    Total RO  Size (Code + RO Data)                 9672 (   9.45kB)
    Total RW  Size (RW Data + ZI Data)             15032 (  14.68kB)
    Total ROM Size (Code + RO Data + RW Data)       9924 (   9.69kB)

==============================================================================

