Component: ARM Compiler 5.06 update 2 (build 183) Tool: armlink [4d35b7]

==============================================================================

Section Cross References

    main.o(i.main) refers to misc.o(i.NVIC_PriorityGroupConfig) for NVIC_PriorityGroupConfig
    main.o(i.main) refers to delay.o(i.delay_init) for delay_init
    main.o(i.main) refers to led.o(i.gpio_Init) for gpio_Init
    main.o(i.main) refers to delay.o(i.delay_ms) for delay_ms
    main.o(i.main) refers to at24c02.o(i.AT24C02_Init) for AT24C02_Init
    main.o(i.main) refers to at24c02.o(i.GetDeviceInformation) for GetDeviceInformation
    main.o(i.main) refers to sm2200.o(i.SM2200_Init) for SM2200_Init
    main.o(i.main) refers to time.o(i.TIM3_Init) for TIM3_Init
    main.o(i.main) refers to w5200.o(i.RJ45_2_Init) for RJ45_2_Init
    main.o(i.main) refers to w5200.o(i.RJ45_2_TCP_ServiceInit) for RJ45_2_TCP_ServiceInit
    main.o(i.main) refers to w5200.o(i.RJ45_1_Init) for RJ45_1_Init
    main.o(i.main) refers to time.o(i.TIM4_Init) for TIM4_Init
    main.o(i.main) refers to poll.o(i.Poll) for Poll
    main.o(i.main) refers to main.o(.data) for Voltage
    main.o(i.main) refers to main.o(.bss) for ChannelFrenquence
    system_stm32f4xx.o(i.SystemCoreClockUpdate) refers to system_stm32f4xx.o(.data) for SystemCoreClock
    system_stm32f4xx.o(i.SystemInit) refers to system_stm32f4xx.o(i.SetSysClock) for SetSysClock
    startup_stm32f40_41xxx.o(STACK) refers (Special) to heapauxi.o(.text) for __use_two_region_memory
    startup_stm32f40_41xxx.o(HEAP) refers (Special) to heapauxi.o(.text) for __use_two_region_memory
    startup_stm32f40_41xxx.o(RESET) refers (Special) to heapauxi.o(.text) for __use_two_region_memory
    startup_stm32f40_41xxx.o(RESET) refers to startup_stm32f40_41xxx.o(STACK) for __initial_sp
    startup_stm32f40_41xxx.o(RESET) refers to startup_stm32f40_41xxx.o(.text) for Reset_Handler
    startup_stm32f40_41xxx.o(RESET) refers to wwdg.o(i.WWDG_IRQHandler) for WWDG_IRQHandler
    startup_stm32f40_41xxx.o(RESET) refers to sm2200.o(i.EXTI0_IRQHandler) for EXTI0_IRQHandler
    startup_stm32f40_41xxx.o(RESET) refers to w5200.o(i.EXTI9_5_IRQHandler) for EXTI9_5_IRQHandler
    startup_stm32f40_41xxx.o(RESET) refers to time.o(i.TIM3_IRQHandler) for TIM3_IRQHandler
    startup_stm32f40_41xxx.o(RESET) refers to time.o(i.TIM4_IRQHandler) for TIM4_IRQHandler
    startup_stm32f40_41xxx.o(RESET) refers to uart.o(i.USART1_IRQHandler) for USART1_IRQHandler
    startup_stm32f40_41xxx.o(RESET) refers to w5200.o(i.EXTI15_10_IRQHandler) for EXTI15_10_IRQHandler
    startup_stm32f40_41xxx.o(.text) refers (Special) to heapauxi.o(.text) for __use_two_region_memory
    startup_stm32f40_41xxx.o(.text) refers to system_stm32f4xx.o(i.SystemInit) for SystemInit
    startup_stm32f40_41xxx.o(.text) refers to __main.o(!!!main) for __main
    startup_stm32f40_41xxx.o(.text) refers to startup_stm32f40_41xxx.o(HEAP) for Heap_Mem
    startup_stm32f40_41xxx.o(.text) refers to startup_stm32f40_41xxx.o(STACK) for Stack_Mem
    stm32f4xx_gpio.o(i.GPIO_DeInit) refers to stm32f4xx_rcc.o(i.RCC_AHB1PeriphResetCmd) for RCC_AHB1PeriphResetCmd
    stm32f4xx_rcc.o(i.RCC_GetClocksFreq) refers to stm32f4xx_rcc.o(.data) for APBAHBPrescTable
    stm32f4xx_rcc.o(i.RCC_WaitForHSEStartUp) refers to stm32f4xx_rcc.o(i.RCC_GetFlagStatus) for RCC_GetFlagStatus
    stm32f4xx_fsmc.o(i.FSMC_NORSRAMStructInit) refers to stm32f4xx_fsmc.o(.constdata) for FSMC_DefaultTimingStruct
    stm32f4xx_spi.o(i.SPI_I2S_DeInit) refers to stm32f4xx_rcc.o(i.RCC_APB2PeriphResetCmd) for RCC_APB2PeriphResetCmd
    stm32f4xx_spi.o(i.SPI_I2S_DeInit) refers to stm32f4xx_rcc.o(i.RCC_APB1PeriphResetCmd) for RCC_APB1PeriphResetCmd
    stm32f4xx_syscfg.o(i.SYSCFG_DeInit) refers to stm32f4xx_rcc.o(i.RCC_APB2PeriphResetCmd) for RCC_APB2PeriphResetCmd
    stm32f4xx_tim.o(i.TIM_DeInit) refers to stm32f4xx_rcc.o(i.RCC_APB2PeriphResetCmd) for RCC_APB2PeriphResetCmd
    stm32f4xx_tim.o(i.TIM_DeInit) refers to stm32f4xx_rcc.o(i.RCC_APB1PeriphResetCmd) for RCC_APB1PeriphResetCmd
    stm32f4xx_tim.o(i.TIM_ETRClockMode1Config) refers to stm32f4xx_tim.o(i.TIM_ETRConfig) for TIM_ETRConfig
    stm32f4xx_tim.o(i.TIM_ETRClockMode2Config) refers to stm32f4xx_tim.o(i.TIM_ETRConfig) for TIM_ETRConfig
    stm32f4xx_tim.o(i.TIM_ICInit) refers to stm32f4xx_tim.o(i.TI1_Config) for TI1_Config
    stm32f4xx_tim.o(i.TIM_ICInit) refers to stm32f4xx_tim.o(i.TIM_SetIC1Prescaler) for TIM_SetIC1Prescaler
    stm32f4xx_tim.o(i.TIM_ICInit) refers to stm32f4xx_tim.o(i.TI2_Config) for TI2_Config
    stm32f4xx_tim.o(i.TIM_ICInit) refers to stm32f4xx_tim.o(i.TIM_SetIC2Prescaler) for TIM_SetIC2Prescaler
    stm32f4xx_tim.o(i.TIM_ICInit) refers to stm32f4xx_tim.o(i.TI3_Config) for TI3_Config
    stm32f4xx_tim.o(i.TIM_ICInit) refers to stm32f4xx_tim.o(i.TIM_SetIC3Prescaler) for TIM_SetIC3Prescaler
    stm32f4xx_tim.o(i.TIM_ICInit) refers to stm32f4xx_tim.o(i.TI4_Config) for TI4_Config
[...]
    Removing stm32f4xx_usart.o(i.USART_SetAddress), (18 bytes).
    Removing stm32f4xx_usart.o(i.USART_SetGuardTime), (16 bytes).
    Removing stm32f4xx_usart.o(i.USART_SetPrescaler), (16 bytes).
    Removing stm32f4xx_usart.o(i.USART_SmartCardCmd), (24 bytes).
    Removing stm32f4xx_usart.o(i.USART_SmartCardNACKCmd), (24 bytes).
    Removing stm32f4xx_usart.o(i.USART_StructInit), (24 bytes).
    Removing stm32f4xx_usart.o(i.USART_WakeUpConfig), (18 bytes).
    Removing stm32f4xx_dma.o(.rev16_text), (4 bytes).
    Removing stm32f4xx_dma.o(.revsh_text), (4 bytes).
    Removing stm32f4xx_dma.o(i.DMA_ClearFlag), (52 bytes).
    Removing stm32f4xx_dma.o(i.DMA_ClearITPendingBit), (52 bytes).
    Removing stm32f4xx_dma.o(i.DMA_Cmd), (22 bytes).
    Removing stm32f4xx_dma.o(i.DMA_DeInit), (344 bytes).
    Removing stm32f4xx_dma.o(i.DMA_DoubleBufferModeCmd), (22 bytes).
    Removing stm32f4xx_dma.o(i.DMA_DoubleBufferModeConfig), (24 bytes).
    Removing stm32f4xx_dma.o(i.DMA_FlowControllerConfig), (22 bytes).
    Removing stm32f4xx_dma.o(i.DMA_GetCmdStatus), (20 bytes).
    Removing stm32f4xx_dma.o(i.DMA_GetCurrDataCounter), (8 bytes).
    Removing stm32f4xx_dma.o(i.DMA_GetCurrentMemoryTarget), (20 bytes).
    Removing stm32f4xx_dma.o(i.DMA_GetFIFOStatus), (12 bytes).
    Removing stm32f4xx_dma.o(i.DMA_GetFlagStatus), (68 bytes).
    Removing stm32f4xx_dma.o(i.DMA_GetITStatus), (100 bytes).
    Removing stm32f4xx_dma.o(i.DMA_ITConfig), (58 bytes).
    Removing stm32f4xx_dma.o(i.DMA_Init), (88 bytes).
    Removing stm32f4xx_dma.o(i.DMA_MemoryTargetConfig), (10 bytes).
    Removing stm32f4xx_dma.o(i.DMA_PeriphIncOffsetSizeConfig), (22 bytes).
    Removing stm32f4xx_dma.o(i.DMA_SetCurrDataCounter), (4 bytes).
    Removing stm32f4xx_dma.o(i.DMA_StructInit), (34 bytes).
    Removing stm32f4xx_wwdg.o(.rev16_text), (4 bytes).
    Removing stm32f4xx_wwdg.o(.revsh_text), (4 bytes).
    Removing stm32f4xx_wwdg.o(i.WWDG_DeInit), (22 bytes).
    Removing stm32f4xx_wwdg.o(i.WWDG_Enable), (16 bytes).
    Removing stm32f4xx_wwdg.o(i.WWDG_EnableIT), (12 bytes).
    Removing stm32f4xx_wwdg.o(i.WWDG_GetFlagStatus), (20 bytes).
    Removing stm32f4xx_wwdg.o(i.WWDG_SetPrescaler), (24 bytes).
    Removing stm32f4xx_wwdg.o(i.WWDG_SetWindowValue), (40 bytes).
    Removing led.o(.rev16_text), (4 bytes).
    Removing led.o(.revsh_text), (4 bytes).
    Removing led.o(i.Key_Init), (128 bytes).
    Removing lcd.o(.rev16_text), (4 bytes).
    Removing lcd.o(.revsh_text), (4 bytes).
    Removing lcd.o(i.LCD_CLS), (56 bytes).
    Removing lcd.o(i.LCD_Fill), (58 bytes).
    Removing lcd.o(i.LCD_Init), (256 bytes).
    Removing lcd.o(i.LCD_P6x8Str), (68 bytes).
    Removing lcd.o(i.LCD_Set_Pos), (40 bytes).
    Removing lcd.o(i.LCD_ShowNum), (200 bytes).
    Removing lcd.o(i.LCD_Show_M), (280 bytes).
    Removing lcd.o(i.LCD_WrCmd), (128 bytes).
    Removing lcd.o(i.LCD_WrDat), (128 bytes).
    Removing lcd.o(i.SetAddressingMode), (18 bytes).
    Removing lcd.o(i.SetContrastControl), (18 bytes).
    Removing lcd.o(i.SetStartLine), (14 bytes).
    Removing lcd.o(i.Set_Charge_Pump), (20 bytes).
    Removing lcd.o(i.Set_Common_Config), (20 bytes).
    Removing lcd.o(i.Set_Common_Remap), (14 bytes).
    Removing lcd.o(i.Set_Display_Clock), (18 bytes).
    Removing lcd.o(i.Set_Display_Offset), (18 bytes).
    Removing lcd.o(i.Set_Display_On_Off), (14 bytes).
    Removing lcd.o(i.Set_Entire_Display), (14 bytes).
    Removing lcd.o(i.Set_Inverse_Display), (14 bytes).
    Removing lcd.o(i.Set_Multiplex_Ratio), (18 bytes).
    Removing lcd.o(i.Set_Precharge_Period), (18 bytes).
    Removing lcd.o(i.Set_Segment_Remap), (14 bytes).
    Removing lcd.o(i.Set_VCOMH), (18 bytes).
    Removing lcd.o(i.adjust), (12 bytes).
    Removing lcd.o(.constdata), (552 bytes).
    Removing sm2200.o(.rev16_text), (4 bytes).
    Removing sm2200.o(.revsh_text), (4 bytes).
    Removing sm2200.o(i.SM2200Respond), (332 bytes).
    Removing sm2200.o(i.SetSm2200Frenquence), (64 bytes).
    Removing w5200.o(.rev16_text), (4 bytes).
    Removing w5200.o(.revsh_text), (4 bytes).
    Removing w5200.o(i.RJ45_1_TCP_ClientInit), (348 bytes).
    Removing w5200.o(i.RJ45_1_TCP_ServiceInit), (236 bytes).
    Removing w5200.o(i.RJ45_1_Write), (132 bytes).
    Removing at24c02.o(.rev16_text), (4 bytes).
    Removing at24c02.o(.revsh_text), (4 bytes).
    Removing at24c02.o(i.AT24C02_Write), (36 bytes).
    Removing at24c02.o(i.SetDeviceInformation), (156 bytes).
    Removing uart.o(.rev16_text), (4 bytes).
    Removing uart.o(.revsh_text), (4 bytes).
    Removing uart.o(i.USART_Send), (44 bytes).
    Removing uart.o(i.uart_init), (212 bytes).
    Removing wwdg.o(.rev16_text), (4 bytes).
    Removing wwdg.o(.revsh_text), (4 bytes).
    Removing wwdg.o(i.Set_WWDG), (2 bytes).
    Removing wwdg.o(i.WWDG_Init), (88 bytes).
    Removing delay.o(.rev16_text), (4 bytes).
    Removing delay.o(.revsh_text), (4 bytes).
    Removing delay.o(i.delay_us), (76 bytes).
    Removing time.o(.rev16_text), (4 bytes).
    Removing time.o(.revsh_text), (4 bytes).
    Removing selftest.o(.rev16_text), (4 bytes).
    Removing selftest.o(.revsh_text), (4 bytes).
    Removing selftest.o(i.SelfTest), (472 bytes).
    Removing selftest.o(.data), (1 bytes).
    Removing optest.o(.rev16_text), (4 bytes).
    Removing optest.o(.revsh_text), (4 bytes).
    Removing optest.o(i.OPTest), (340 bytes).
    Removing optest.o(.data), (1 bytes).
    Removing netcheck.o(.rev16_text), (4 bytes).
    Removing netcheck.o(.revsh_text), (4 bytes).
    Removing netcheck.o(i.NetTest), (2 bytes).
    Removing simulation.o(.rev16_text), (4 bytes).
    Removing simulation.o(.revsh_text), (4 bytes).
    Removing simulation.o(i.DealInformation_1), (828 bytes).
    Removing simulation.o(i.FindChatChannel), (1036 bytes).
    Removing simulation.o(i.MasterCheck_1), (1424 bytes).
    Removing simulation.o(i.MasterCheck_2), (1328 bytes).
    Removing simulation.o(i.MasterCheck_3), (316 bytes).
    Removing simulation.o(i.SlaveCheck_1), (484 bytes).
    Removing simulation.o(i.SlaveCheck_2), (484 bytes).
    Removing simulation.o(.bss), (126 bytes).
    Removing simulation.o(.data), (5 bytes).
    Removing sendreceive.o(.rev16_text), (4 bytes).
    Removing sendreceive.o(.revsh_text), (4 bytes).
    Removing sendreceive.o(i.SendRece), (2 bytes).
    Removing devicetodevice.o(.rev16_text), (4 bytes).
    Removing devicetodevice.o(.revsh_text), (4 bytes).
    Removing devicetodevice.o(i.DeviceToDevice), (2 bytes).
    Removing poll.o(.rev16_text), (4 bytes).
    Removing poll.o(.revsh_text), (4 bytes).

363 unused section(s) (total 21013 bytes) removed from the image.

==============================================================================

Image Symbol Table

    Local Symbols

    Symbol Name                              Value     Ov Type        Size  Object(Section)

    ../clib/angel/boardlib.s                 0x00000000   Number         0  boardinit2.o ABSOLUTE
    ../clib/angel/boardlib.s                 0x00000000   Number         0  boardinit1.o ABSOLUTE
    ../clib/angel/boardlib.s                 0x00000000   Number         0  boardshut.o ABSOLUTE
    ../clib/angel/boardlib.s                 0x00000000   Number         0  boardinit3.o ABSOLUTE
    ../clib/angel/handlers.s                 0x00000000   Number         0  __scatter_zi.o ABSOLUTE
    ../clib/angel/handlers.s                 0x00000000   Number         0  __scatter_copy.o ABSOLUTE
    ../clib/angel/kernel.s                   0x00000000   Number         0  __rtentry2.o ABSOLUTE
    ../clib/angel/kernel.s                   0x00000000   Number         0  rtexit2.o ABSOLUTE
    ../clib/angel/kernel.s                   0x00000000   Number         0  rtexit.o ABSOLUTE
    ../clib/angel/kernel.s                   0x00000000   Number         0  __rtentry4.o ABSOLUTE
    ../clib/angel/kernel.s                   0x00000000   Number         0  __rtentry.o ABSOLUTE
    ../clib/angel/rt.s                       0x00000000   Number         0  rt_raise.o ABSOLUTE
    ../clib/angel/scatter.s                  0x00000000   Number         0  __scatter.o ABSOLUTE
    ../clib/angel/startup.s                  0x00000000   Number         0  __main.o ABSOLUTE
    ../clib/angel/sys.s                      0x00000000   Number         0  indicate_semi.o ABSOLUTE
    ../clib/angel/sys.s                      0x00000000   Number         0  use_no_semi.o ABSOLUTE
    ../clib/angel/sys.s                      0x00000000   Number         0  sys_stackheap_outer.o ABSOLUTE
    ../clib/angel/sys.s                      0x00000000   Number         0  libspace.o ABSOLUTE
    ../clib/angel/sysapp.c                   0x00000000   Number         0  sys_wrch.o ABSOLUTE
    ../clib/angel/sysapp.c                   0x00000000   Number         0  sys_command.o ABSOLUTE
    ../clib/angel/sysapp.c                   0x00000000   Number         0  sys_exit.o ABSOLUTE
    ../clib/armsys.c                         0x00000000   Number         0  argv_veneer.o ABSOLUTE
    ../clib/armsys.c                         0x00000000   Number         0  argv_veneer.o ABSOLUTE
    ../clib/armsys.c                         0x00000000   Number         0  no_argv.o ABSOLUTE
    ../clib/armsys.c                         0x00000000   Number         0  _get_argv_nomalloc.o ABSOLUTE
    ../clib/heapalloc.c                      0x00000000   Number         0  hrguard.o ABSOLUTE
    ../clib/heapaux.c                        0x00000000   Number         0  heapauxi.o ABSOLUTE
    ../clib/libinit.s                        0x00000000   Number         0  libshutdown2.o ABSOLUTE
    ../clib/libinit.s                        0x00000000   Number         0  libshutdown.o ABSOLUTE
    ../clib/libinit.s                        0x00000000   Number         0  libinit.o ABSOLUTE
    ../clib/libinit.s                        0x00000000   Number         0  libinit2.o ABSOLUTE
    ../clib/signal.c                         0x00000000   Number         0  defsig_rtred_inner.o ABSOLUTE
    ../clib/signal.c                         0x00000000   Number         0  defsig_general.o ABSOLUTE
    ../clib/signal.c                         0x00000000   Number         0  __raise.o ABSOLUTE
    ../clib/signal.c                         0x00000000   Number         0  defsig_rtmem_inner.o ABSOLUTE
    ../clib/signal.c                         0x00000000   Number         0  defsig_rtmem_formal.o ABSOLUTE
    ../clib/signal.c                         0x00000000   Number         0  defsig_rtmem_outer.o ABSOLUTE
    ../clib/signal.c                         0x00000000   Number         0  defsig_abrt_inner.o ABSOLUTE
    ../clib/signal.c                         0x00000000   Number         0  defsig_fpe_inner.o ABSOLUTE
    ../clib/signal.c                         0x00000000   Number         0  defsig_stak_inner.o ABSOLUTE
    ../clib/signal.c                         0x00000000   Number         0  defsig_pvfn_inner.o ABSOLUTE
    ../clib/signal.c                         0x00000000   Number         0  defsig_cppl_inner.o ABSOLUTE
    ../clib/signal.c                         0x00000000   Number         0  defsig_segv_inner.o ABSOLUTE
    ../clib/signal.c                         0x00000000   Number         0  defsig_other.o ABSOLUTE
    ../clib/signal.c                         0x00000000   Number         0  defsig_exit.o ABSOLUTE
    ../clib/signal.s                         0x00000000   Number         0  defsig.o ABSOLUTE
    ../clib/stdlib.c                         0x00000000   Number         0  exit.o ABSOLUTE
    ../fplib/fpinit.s                        0x00000000   Number         0  fpinit.o ABSOLUTE
    ..\CORE\startup_stm32f40_41xxx.s         0x00000000   Number         0  startup_stm32f40_41xxx.o ABSOLUTE
    ..\Check\DeviceToDevice.c                0x00000000   Number         0  devicetodevice.o ABSOLUTE
    ..\Check\NetCheck.c                      0x00000000   Number         0  netcheck.o ABSOLUTE
    ..\Check\OPTest.c                        0x00000000   Number         0  optest.o ABSOLUTE
    ..\Check\Poll.c                          0x00000000   Number         0  poll.o ABSOLUTE
    ..\Check\SelfTest.c                      0x00000000   Number         0  selftest.o ABSOLUTE
    ..\FWLIB\src\misc.c                      0x00000000   Number         0  misc.o ABSOLUTE
    ..\FWLIB\src\stm32f4xx_dma.c             0x00000000   Number         0  stm32f4xx_dma.o ABSOLUTE
    ..\FWLIB\src\stm32f4xx_exti.c            0x00000000   Number         0  stm32f4xx_exti.o ABSOLUTE
    ..\FWLIB\src\stm32f4xx_fsmc.c            0x00000000   Number         0  stm32f4xx_fsmc.o ABSOLUTE
    ..\FWLIB\src\stm32f4xx_gpio.c            0x00000000   Number         0  stm32f4xx_gpio.o ABSOLUTE
    ..\FWLIB\src\stm32f4xx_rcc.c             0x00000000   Number         0  stm32f4xx_rcc.o ABSOLUTE
    ..\FWLIB\src\stm32f4xx_spi.c             0x00000000   Number         0  stm32f4xx_spi.o ABSOLUTE
    ..\FWLIB\src\stm32f4xx_syscfg.c          0x00000000   Number         0  stm32f4xx_syscfg.o ABSOLUTE
    ..\FWLIB\src\stm32f4xx_tim.c             0x00000000   Number         0  stm32f4xx_tim.o ABSOLUTE
    ..\FWLIB\src\stm32f4xx_usart.c           0x00000000   Number         0  stm32f4xx_usart.o ABSOLUTE
    ..\FWLIB\src\stm32f4xx_wwdg.c            0x00000000   Number         0  stm32f4xx_wwdg.o ABSOLUTE
    ..\HardWare\AT24C02\AT24C02.c            0x00000000   Number         0  at24c02.o ABSOLUTE
    ..\HardWare\LCD\LCD.c                    0x00000000   Number         0  lcd.o ABSOLUTE
    ..\HardWare\LED\LED.c                    0x00000000   Number         0  led.o ABSOLUTE
    ..\HardWare\SM2200\SM2200.c              0x00000000   Number         0  sm2200.o ABSOLUTE
    ..\HardWare\SendReceive\SendReceive.c    0x00000000   Number         0  sendreceive.o ABSOLUTE
    ..\HardWare\Simulation.c                 0x00000000   Number         0  simulation.o ABSOLUTE
    ..\HardWare\UART\UART.c                  0x00000000   Number         0  uart.o ABSOLUTE
    ..\HardWare\W5200\W5200.c                0x00000000   Number         0  w5200.o ABSOLUTE
    ..\HardWare\WWDG\wwdg.c                  0x00000000   Number         0  wwdg.o ABSOLUTE
    ..\SYSTEM\delay\delay.c                  0x00000000   Number         0  delay.o ABSOLUTE
    ..\SYSTEM\time\time.c                    0x00000000   Number         0  time.o ABSOLUTE
    ..\\Check\\DeviceToDevice.c              0x00000000   Number         0  devicetodevice.o ABSOLUTE
    ..\\Check\\NetCheck.c                    0x00000000   Number         0  netcheck.o ABSOLUTE
    ..\\Check\\OPTest.c                      0x00000000   Number         0  optest.o ABSOLUTE
    ..\\Check\\Poll.c                        0x00000000   Number         0  poll.o ABSOLUTE
    ..\\Check\\SelfTest.c                    0x00000000   Number         0  selftest.o ABSOLUTE
    ..\\FWLIB\\src\\misc.c                   0x00000000   Number         0  misc.o ABSOLUTE
    ..\\FWLIB\\src\\stm32f4xx_dma.c          0x00000000   Number         0  stm32f4xx_dma.o ABSOLUTE
    ..\\FWLIB\\src\\stm32f4xx_exti.c         0x00000000   Number         0  stm32f4xx_exti.o ABSOLUTE
    ..\\FWLIB\\src\\stm32f4xx_fsmc.c         0x00000000   Number         0  stm32f4xx_fsmc.o ABSOLUTE
    ..\\FWLIB\\src\\stm32f4xx_gpio.c         0x00000000   Number         0  stm32f4xx_gpio.o ABSOLUTE
    ..\\FWLIB\\src\\stm32f4xx_rcc.c          0x00000000   Number         0  stm32f4xx_rcc.o ABSOLUTE
    ..\\FWLIB\\src\\stm32f4xx_spi.c          0x00000000   Number         0  stm32f4xx_spi.o ABSOLUTE
    ..\\FWLIB\\src\\stm32f4xx_syscfg.c       0x00000000   Number         0  stm32f4xx_syscfg.o ABSOLUTE
    ..\\FWLIB\\src\\stm32f4xx_tim.c          0x00000000   Number         0  stm32f4xx_tim.o ABSOLUTE
    ..\\FWLIB\\src\\stm32f4xx_usart.c        0x00000000   Number         0  stm32f4xx_usart.o ABSOLUTE
    ..\\FWLIB\\src\\stm32f4xx_wwdg.c         0x00000000   Number         0  stm32f4xx_wwdg.o ABSOLUTE
    ..\\HardWare\\AT24C02\\AT24C02.c         0x00000000   Number         0  at24c02.o ABSOLUTE
    ..\\HardWare\\LCD\\LCD.c                 0x00000000   Number         0  lcd.o ABSOLUTE
    ..\\HardWare\\LED\\LED.c                 0x00000000   Number         0  led.o ABSOLUTE
    ..\\HardWare\\SM2200\\SM2200.c           0x00000000   Number         0  sm2200.o ABSOLUTE
    ..\\HardWare\\SendReceive\\SendReceive.c 0x00000000   Number         0  sendreceive.o ABSOLUTE
    ..\\HardWare\\Simulation.c               0x00000000   Number         0  simulation.o ABSOLUTE
    ..\\HardWare\\UART\\UART.c               0x00000000   Number         0  uart.o ABSOLUTE
    ..\\HardWare\\W5200\\W5200.c             0x00000000   Number         0  w5200.o ABSOLUTE
    ..\\HardWare\\WWDG\\wwdg.c               0x00000000   Number         0  wwdg.o ABSOLUTE
    ..\\SYSTEM\\delay\\delay.c               0x00000000   Number         0  delay.o ABSOLUTE
    ..\\SYSTEM\\time\\time.c                 0x00000000   Number         0  time.o ABSOLUTE
    dc.s                                     0x00000000   Number         0  dc.o ABSOLUTE
    main.c                                   0x00000000   Number         0  main.o ABSOLUTE
    main.c                                   0x00000000   Number         0  main.o ABSOLUTE
    stm32f4xx_it.c                           0x00000000   Number         0  stm32f4xx_it.o ABSOLUTE
    system_stm32f4xx.c                       0x00000000   Number         0  system_stm32f4xx.o ABSOLUTE
    system_stm32f4xx.c                       0x00000000   Number         0  system_stm32f4xx.o ABSOLUTE
    RESET                                    0x08000000   Section      392  startup_stm32f40_41xxx.o(RESET)
    !!!main                                  0x08000188   Section        8  __main.o(!!!main)
    !!!scatter                               0x08000190   Section       52  __scatter.o(!!!scatter)
    !!handler_copy                           0x080001c4   Section       26  __scatter_copy.o(!!handler_copy)
    !!handler_zi                             0x080001e0   Section       28  __scatter_zi.o(!!handler_zi)
    .ARM.Collect$$libinit$$00000000          0x080001fc   Section        2  libinit.o(.ARM.Collect$$libinit$$00000000)
    .ARM.Collect$$libinit$$00000001          0x080001fe   Section        4  libinit2.o(.ARM.Collect$$libinit$$00000001)
    .ARM.Collect$$libinit$$00000004          0x08000202   Section        0  libinit2.o(.ARM.Collect$$libinit$$00000004)
    .ARM.Collect$$libinit$$0000000A          0x08000202   Section        0  libinit2.o(.ARM.Collect$$libinit$$0000000A)
    .ARM.Collect$$libinit$$0000000C          0x08000202   Section        0  libinit2.o(.ARM.Collect$$libinit$$0000000C)
    .ARM.Collect$$libinit$$0000000E          0x08000202   Section        0  libinit2.o(.ARM.Collect$$libinit$$0000000E)
    .ARM.Collect$$libinit$$00000011          0x08000202   Section        0  libinit2.o(.ARM.Collect$$libinit$$00000011)
    .ARM.Collect$$libinit$$00000013          0x08000202   Section        0  libinit2.o(.ARM.Collect$$libinit$$00000013)
    .ARM.Collect$$libinit$$00000015          0x08000202   Section        0  libinit2.o(.ARM.Collect$$libinit$$00000015)
    .ARM.Collect$$libinit$$00000017          0x08000202   Section        0  libinit2.o(.ARM.Collect$$libinit$$00000017)
    .ARM.Collect$$libinit$$00000019          0x08000202   Section        0  libinit2.o(.ARM.Collect$$libinit$$00000019)
    .ARM.Collect$$libinit$$0000001B          0x08000202   Section        0  libinit2.o(.ARM.Collect$$libinit$$0000001B)
    .ARM.Collect$$libinit$$0000001D          0x08000202   Section        0  libinit2.o(.ARM.Collect$$libinit$$0000001D)
    .ARM.Collect$$libinit$$0000001F          0x08000202   Section        0  libinit2.o(.ARM.Collect$$libinit$$0000001F)
    .ARM.Collect$$libinit$$00000021          0x08000202   Section        0  libinit2.o(.ARM.Collect$$libinit$$00000021)
    .ARM.Collect$$libinit$$00000023          0x08000202   Section        0  libinit2.o(.ARM.Collect$$libinit$$00000023)
    .ARM.Collect$$libinit$$00000025          0x08000202   Section        0  libinit2.o(.ARM.Collect$$libinit$$00000025)
    .ARM.Collect$$libinit$$0000002C          0x08000202   Section        0  libinit2.o(.ARM.Collect$$libinit$$0000002C)
    .ARM.Collect$$libinit$$0000002E          0x08000202   Section        0  libinit2.o(.ARM.Collect$$libinit$$0000002E)
    .ARM.Collect$$libinit$$00000030          0x08000202   Section        0  libinit2.o(.ARM.Collect$$libinit$$00000030)
    .ARM.Collect$$libinit$$00000032          0x08000202   Section        0  libinit2.o(.ARM.Collect$$libinit$$00000032)
    .ARM.Collect$$libinit$$00000033          0x08000202   Section        2  libinit2.o(.ARM.Collect$$libinit$$00000033)
    .ARM.Collect$$libshutdown$$00000000      0x08000204   Section        2  libshutdown.o(.ARM.Collect$$libshutdown$$00000000)
    .ARM.Collect$$libshutdown$$00000002      0x08000206   Section        0  libshutdown2.o(.ARM.Collect$$libshutdown$$00000002)
    .ARM.Collect$$libshutdown$$00000004      0x08000206   Section        0  libshutdown2.o(.ARM.Collect$$libshutdown$$00000004)
    .ARM.Collect$$libshutdown$$00000007      0x08000206   Section        0  libshutdown2.o(.ARM.Collect$$libshutdown$$00000007)
    .ARM.Collect$$libshutdown$$0000000A      0x08000206   Section        0  libshutdown2.o(.ARM.Collect$$libshutdown$$0000000A)
    .ARM.Collect$$libshutdown$$0000000C      0x08000206   Section        0  libshutdown2.o(.ARM.Collect$$libshutdown$$0000000C)
    .ARM.Collect$$libshutdown$$0000000F      0x08000206   Section        0  libshutdown2.o(.ARM.Collect$$libshutdown$$0000000F)
    .ARM.Collect$$libshutdown$$00000010      0x08000206   Section        2  libshutdown2.o(.ARM.Collect$$libshutdown$$00000010)
    .ARM.Collect$$rtentry$$00000000          0x08000208   Section        0  __rtentry.o(.ARM.Collect$$rtentry$$00000000)
    .ARM.Collect$$rtentry$$00000002          0x08000208   Section        0  __rtentry2.o(.ARM.Collect$$rtentry$$00000002)
    .ARM.Collect$$rtentry$$00000004          0x08000208   Section        6  __rtentry4.o(.ARM.Collect$$rtentry$$00000004)
    .ARM.Collect$$rtentry$$00000009          0x0800020e   Section        0  __rtentry2.o(.ARM.Collect$$rtentry$$00000009)
    .ARM.Collect$$rtentry$$0000000A          0x0800020e   Section        4  __rtentry2.o(.ARM.Collect$$rtentry$$0000000A)
    .ARM.Collect$$rtentry$$0000000C          0x08000212   Section        0  __rtentry2.o(.ARM.Collect$$rtentry$$0000000C)
    .ARM.Collect$$rtentry$$0000000D          0x08000212   Section        8  __rtentry2.o(.ARM.Collect$$rtentry$$0000000D)
    .ARM.Collect$$rtexit$$00000000           0x0800021a   Section        2  rtexit.o(.ARM.Collect$$rtexit$$00000000)
    .ARM.Collect$$rtexit$$00000002           0x0800021c   Section        0  rtexit2.o(.ARM.Collect$$rtexit$$00000002)
    .ARM.Collect$$rtexit$$00000003           0x0800021c   Section        4  rtexit2.o(.ARM.Collect$$rtexit$$00000003)
    .ARM.Collect$$rtexit$$00000004           0x08000220   Section        6  rtexit2.o(.ARM.Collect$$rtexit$$00000004)
    .text                                    0x08000228   Section       64  startup_stm32f40_41xxx.o(.text)
    $v0                                      0x08000228   Number         0  startup_stm32f40_41xxx.o(.text)
    .text                                    0x08000268   Section        0  heapauxi.o(.text)
    .text                                    0x0800026e   Section       74  sys_stackheap_outer.o(.text)
    .text                                    0x080002b8   Section        0  exit.o(.text)
    .text                                    0x080002cc   Section        8  libspace.o(.text)
    .text                                    0x080002d4   Section        0  sys_exit.o(.text)
    .text                                    0x080002e0   Section        2  use_no_semi.o(.text)
    .text                                    0x080002e2   Section        0  indicate_semi.o(.text)
    i.AT24C02_GPIO_Init                      0x080002e4   Section        0  at24c02.o(i.AT24C02_GPIO_Init)
    i.AT24C02_IIC_Ack                        0x08000330   Section        0  at24c02.o(i.AT24C02_IIC_Ack)
    i.AT24C02_IIC_NAck                       0x08000388   Section        0  at24c02.o(i.AT24C02_IIC_NAck)
    i.AT24C02_IIC_Start                      0x080003d4   Section        0  at24c02.o(i.AT24C02_IIC_Start)
    i.AT24C02_IIC_Stop                       0x0800042c   Section        0  at24c02.o(i.AT24C02_IIC_Stop)
    i.AT24C02_IIC_Wait_Ack                   0x08000484   Section        0  at24c02.o(i.AT24C02_IIC_Wait_Ack)
    i.AT24C02_Init                           0x080004f0   Section        0  at24c02.o(i.AT24C02_Init)
    i.AT24C02_Read                           0x080004f8   Section        0  at24c02.o(i.AT24C02_Read)
    i.AT24C02_ReadOneByte                    0x0800051a   Section        0  at24c02.o(i.AT24C02_ReadOneByte)
    i.AT24C02_Read_Byte                      0x08000554   Section        0  at24c02.o(i.AT24C02_Read_Byte)
    i.AT24C02_Send_Byte                      0x080005c4   Section        0  at24c02.o(i.AT24C02_Send_Byte)
    i.AT24C02_WriteOneByte                   0x08000638   Section        0  at24c02.o(i.AT24C02_WriteOneByte)
    i.CloseSocket_RJ45_1                     0x08000678   Section        0  w5200.o(i.CloseSocket_RJ45_1)
    i.CloseSocket_RJ45_2                     0x080006b6   Section        0  w5200.o(i.CloseSocket_RJ45_2)
    i.EXTI0_IRQHandler                       0x080006f4   Section        0  sm2200.o(i.EXTI0_IRQHandler)
    i.EXTI15_10_IRQHandler                   0x08000724   Section        0  w5200.o(i.EXTI15_10_IRQHandler)
    i.EXTI9_5_IRQHandler                     0x08000784   Section        0  w5200.o(i.EXTI9_5_IRQHandler)
    i.EXTI_ClearITPendingBit                 0x080007f0   Section        0  stm32f4xx_exti.o(i.EXTI_ClearITPendingBit)
    i.EXTI_GetITStatus                       0x080007fc   Section        0  stm32f4xx_exti.o(i.EXTI_GetITStatus)
    i.EXTI_Init                              0x08000814   Section        0  stm32f4xx_exti.o(i.EXTI_Init)
    i.GPIO_Init                              0x080008a8   Section        0  stm32f4xx_gpio.o(i.GPIO_Init)
    i.GPIO_PinAFConfig                       0x08000938   Section        0  stm32f4xx_gpio.o(i.GPIO_PinAFConfig)
    i.GPIO_ResetBits                         0x0800097e   Section        0  stm32f4xx_gpio.o(i.GPIO_ResetBits)
    i.GPIO_SetBits                           0x08000982   Section        0  stm32f4xx_gpio.o(i.GPIO_SetBits)
    i.GPIO_ToggleBits                        0x08000986   Section        0  stm32f4xx_gpio.o(i.GPIO_ToggleBits)
    i.GetDeviceInformation                   0x08000990   Section        0  at24c02.o(i.GetDeviceInformation)
    i.NVIC_EXTI                              0x08000b38   Section        0  sm2200.o(i.NVIC_EXTI)
    i.NVIC_Init                              0x08000b60   Section        0  misc.o(i.NVIC_Init)
    i.NVIC_PriorityGroupConfig               0x08000bd8   Section        0  misc.o(i.NVIC_PriorityGroupConfig)
    i.OfdmXcvrRead                           0x08000bec   Section        0  sm2200.o(i.OfdmXcvrRead)
    i.OfdmXcvrWrite                          0x08000c40   Section        0  sm2200.o(i.OfdmXcvrWrite)
    i.Poll                                   0x08000c98   Section        0  poll.o(i.Poll)
    i.RCC_AHB1PeriphClockCmd                 0x0800119c   Section        0  stm32f4xx_rcc.o(i.RCC_AHB1PeriphClockCmd)
    i.RCC_APB1PeriphClockCmd                 0x080011bc   Section        0  stm32f4xx_rcc.o(i.RCC_APB1PeriphClockCmd)
    i.RCC_APB1PeriphResetCmd                 0x080011dc   Section        0  stm32f4xx_rcc.o(i.RCC_APB1PeriphResetCmd)
    i.RCC_APB2PeriphClockCmd                 0x080011fc   Section        0  stm32f4xx_rcc.o(i.RCC_APB2PeriphClockCmd)
    i.RCC_APB2PeriphResetCmd                 0x0800121c   Section        0  stm32f4xx_rcc.o(i.RCC_APB2PeriphResetCmd)
    i.RJ45_1_GPIO_Init                       0x0800123c   Section        0  w5200.o(i.RJ45_1_GPIO_Init)
    i.RJ45_1_Init                            0x080013c8   Section        0  w5200.o(i.RJ45_1_Init)
    i.RJ45_1_Read                            0x0800148c   Section        0  w5200.o(i.RJ45_1_Read)
    i.RJ45_1_ReadWriteByte                   0x08001530   Section        0  w5200.o(i.RJ45_1_ReadWriteByte)
    i.RJ45_1_Read_Buf                        0x08001568   Section        0  w5200.o(i.RJ45_1_Read_Buf)
    i.RJ45_1_Read_Register                   0x080015bc   Section        0  w5200.o(i.RJ45_1_Read_Register)
    i.RJ45_1_Reset                           0x080015fc   Section        0  w5200.o(i.RJ45_1_Reset)
    i.RJ45_1_Write_Buf                       0x08001644   Section        0  w5200.o(i.RJ45_1_Write_Buf)
    i.RJ45_1_Write_Register                  0x08001698   Section        0  w5200.o(i.RJ45_1_Write_Register)
    i.RJ45_2_Deal                            0x080016dc   Section        0  w5200.o(i.RJ45_2_Deal)
    i.RJ45_2_GPIO_Init                       0x08001868   Section        0  w5200.o(i.RJ45_2_GPIO_Init)
    i.RJ45_2_Init                            0x080019e8   Section        0  w5200.o(i.RJ45_2_Init)
    i.RJ45_2_Read                            0x08001aac   Section        0  w5200.o(i.RJ45_2_Read)
    i.RJ45_2_ReadWriteByte                   0x08001b50   Section        0  w5200.o(i.RJ45_2_ReadWriteByte)
    i.RJ45_2_Read_Buf                        0x08001b88   Section        0  w5200.o(i.RJ45_2_Read_Buf)
    i.RJ45_2_Read_Register                   0x08001bd8   Section        0  w5200.o(i.RJ45_2_Read_Register)
    i.RJ45_2_Reset                           0x08001c14   Section        0  w5200.o(i.RJ45_2_Reset)
    i.RJ45_2_TCP_ServiceInit                 0x08001c58   Section        0  w5200.o(i.RJ45_2_TCP_ServiceInit)
    i.RJ45_2_Write                           0x08001d44   Section        0  w5200.o(i.RJ45_2_Write)
    i.RJ45_2_Write_Buf                       0x08001dc8   Section        0  w5200.o(i.RJ45_2_Write_Buf)
    i.RJ45_2_Write_Register                  0x08001e18   Section        0  w5200.o(i.RJ45_2_Write_Register)
    i.SM2200_GPIO                            0x08001e58   Section        0  sm2200.o(i.SM2200_GPIO)
    i.SM2200_Init                            0x08001f3c   Section        0  sm2200.o(i.SM2200_Init)
    i.SM2200_Receive                         0x08002064   Section        0  sm2200.o(i.SM2200_Receive)
    i.SM2200_Send                            0x080020f0   Section        0  sm2200.o(i.SM2200_Send)
    i.SPI3_ReadWriteByte                     0x0800218c   Section        0  sm2200.o(i.SPI3_ReadWriteByte)
    i.SPI_CalculateCRC                       0x080021c4   Section        0  stm32f4xx_spi.o(i.SPI_CalculateCRC)
    i.SPI_Cmd                                0x080021dc   Section        0  stm32f4xx_spi.o(i.SPI_Cmd)
    i.SPI_I2S_DeInit                         0x080021f4   Section        0  stm32f4xx_spi.o(i.SPI_I2S_DeInit)
    i.SPI_I2S_GetFlagStatus                  0x080022a4   Section        0  stm32f4xx_spi.o(i.SPI_I2S_GetFlagStatus)
    i.SPI_I2S_ReceiveData                    0x080022b6   Section        0  stm32f4xx_spi.o(i.SPI_I2S_ReceiveData)
    i.SPI_I2S_SendData                       0x080022bc   Section        0  stm32f4xx_spi.o(i.SPI_I2S_SendData)
    i.SPI_Init                               0x080022c0   Section        0  stm32f4xx_spi.o(i.SPI_Init)
    i.SPI_SM2200                             0x080022fc   Section        0  sm2200.o(i.SPI_SM2200)
    i.SYSCFG_EXTILineConfig                  0x080023b4   Section        0  stm32f4xx_syscfg.o(i.SYSCFG_EXTILineConfig)
    i.SetSysClock                            0x080023f4   Section        0  system_stm32f4xx.o(i.SetSysClock)
    SetSysClock                              0x080023f5   Thumb Code   220  system_stm32f4xx.o(i.SetSysClock)
    i.SysTick_CLKSourceConfig                0x080024e0   Section        0  misc.o(i.SysTick_CLKSourceConfig)
    i.SystemInit                             0x08002508   Section        0  system_stm32f4xx.o(i.SystemInit)
    i.TIM3_IRQHandler                        0x08002570   Section        0  time.o(i.TIM3_IRQHandler)
    i.TIM3_Init                              0x08002598   Section        0  time.o(i.TIM3_Init)
    i.TIM4_IRQHandler                        0x080025f4   Section        0  time.o(i.TIM4_IRQHandler)
    i.TIM4_Init                              0x080026b4   Section        0  time.o(i.TIM4_Init)
    i.TIM_ClearITPendingBit                  0x08002714   Section        0  stm32f4xx_tim.o(i.TIM_ClearITPendingBit)
    i.TIM_Cmd                                0x0800271a   Section        0  stm32f4xx_tim.o(i.TIM_Cmd)
    i.TIM_GetITStatus                        0x08002732   Section        0  stm32f4xx_tim.o(i.TIM_GetITStatus)
    i.TIM_ITConfig                           0x08002754   Section        0  stm32f4xx_tim.o(i.TIM_ITConfig)
    i.TIM_TimeBaseInit                       0x08002768   Section        0  stm32f4xx_tim.o(i.TIM_TimeBaseInit)
    i.USART1_IRQHandler                      0x080027ec   Section        0  uart.o(i.USART1_IRQHandler)
    i.USART_GetITStatus                      0x08002888   Section        0  stm32f4xx_usart.o(i.USART_GetITStatus)
    i.USART_ReceiveData                      0x080028dc   Section        0  stm32f4xx_usart.o(i.USART_ReceiveData)
    i.WWDG_ClearFlag                         0x080028e8   Section        0  stm32f4xx_wwdg.o(i.WWDG_ClearFlag)
    i.WWDG_IRQHandler                        0x080028f4   Section        0  wwdg.o(i.WWDG_IRQHandler)
    i.WWDG_SetCounter                        0x08002914   Section        0  stm32f4xx_wwdg.o(i.WWDG_SetCounter)
    i.delay_init                             0x08002924   Section        0  delay.o(i.delay_init)
    i.delay_ms                               0x08002960   Section        0  delay.o(i.delay_ms)
    i.delay_xms                              0x08002998   Section        0  delay.o(i.delay_xms)
    i.delayms                                0x080029e4   Section        0  delay.o(i.delayms)
    i.gpio_Init                              0x08002a10   Section        0  led.o(i.gpio_Init)
    i.main                                   0x08002acc   Section        0  main.o(i.main)
    x$fpl$fpinit                             0x08002c14   Section       10  fpinit.o(x$fpl$fpinit)
    $v0                                      0x08002c14   Number         0  fpinit.o(x$fpl$fpinit)
    .data                                    0x20000000   Section      189  main.o(.data)
    .data                                    0x200000be   Section       26  w5200.o(.data)
    .data                                    0x200000d8   Section        2  uart.o(.data)
    .data                                    0x200000da   Section        1  wwdg.o(.data)
    .data                                    0x200000dc   Section        4  delay.o(.data)
    fac_us                                   0x200000dc   Data           1  delay.o(.data)
    fac_ms                                   0x200000de   Data           2  delay.o(.data)
    .bss                                     0x200000e0   Section    13420  main.o(.bss)
    .bss                                     0x2000354c   Section      256  uart.o(.bss)
    .bss                                     0x2000364c   Section       96  libspace.o(.bss)
    HEAP                                     0x200036b0   Section      512  startup_stm32f40_41xxx.o(HEAP)
    Heap_Mem                                 0x200036b0   Data         512  startup_stm32f40_41xxx.o(HEAP)
    STACK                                    0x200038b0   Section     1024  startup_stm32f40_41xxx.o(STACK)
    Stack_Mem                                0x200038b0   Data        1024  startup_stm32f40_41xxx.o(STACK)
    __initial_sp                             0x20003cb0   Data           0  startup_stm32f40_41xxx.o(STACK)

    Global Symbols

    Symbol Name                              Value     Ov Type        Size  Object(Section)

    BuildAttributes$$THM_ISAv4$E$P$D$K$B$S$7EM$VFPi3$EXTD16$VFPS$VFMA$PE$A:L22UL41UL21$X:L11$S22US41US21$IEEE1$IW$USESV6$~STKCKD$USESV7$~SHL$OSPACE$ROPI$EBA8$UX$STANDARDLIB$REQ8$PRES8$EABIv2 0x00000000   Number         0  anon$$obj.o ABSOLUTE
    __ARM_use_no_argv                        0x00000000   Number         0  main.o ABSOLUTE
    __ARM_exceptions_init                     - Undefined Weak Reference
    __alloca_initialize                       - Undefined Weak Reference
    __arm_preinit_                            - Undefined Weak Reference
    __cpp_initialize__aeabi_                  - Undefined Weak Reference
    __cxa_finalize                            - Undefined Weak Reference
    __rt_locale                               - Undefined Weak Reference
    __sigvec_lookup                           - Undefined Weak Reference
    _atexit_init                              - Undefined Weak Reference
    _call_atexit_fns                          - Undefined Weak Reference
    _clock_init                               - Undefined Weak Reference
    _fp_trap_init                             - Undefined Weak Reference
    _fp_trap_shutdown                         - Undefined Weak Reference
    _get_lc_collate                           - Undefined Weak Reference
    _get_lc_ctype                             - Undefined Weak Reference
    _get_lc_monetary                          - Undefined Weak Reference
    _get_lc_numeric                           - Undefined Weak Reference
    _get_lc_time                              - Undefined Weak Reference
    _getenv_init                              - Undefined Weak Reference
    _handle_redirection                       - Undefined Weak Reference
    _init_alloc                               - Undefined Weak Reference
    _init_user_alloc                          - Undefined Weak Reference
    _initio                                   - Undefined Weak Reference
    _rand_init                                - Undefined Weak Reference
    _signal_finish                            - Undefined Weak Reference
    _signal_init                              - Undefined Weak Reference
    _terminate_alloc                          - Undefined Weak Reference
    _terminate_user_alloc                     - Undefined Weak Reference
    _terminateio                              - Undefined Weak Reference
    __Vectors_Size                           0x00000188   Number         0  startup_stm32f40_41xxx.o ABSOLUTE
    __Vectors                                0x08000000   Data           4  startup_stm32f40_41xxx.o(RESET)
    __Vectors_End                            0x08000188   Data           0  startup_stm32f40_41xxx.o(RESET)
    __main                                   0x08000189   Thumb Code     8  __main.o(!!!main)
    __scatterload                            0x08000191   Thumb Code     0  __scatter.o(!!!scatter)
    __scatterload_rt2                        0x08000191   Thumb Code    44  __scatter.o(!!!scatter)
    __scatterload_rt2_thumb_only             0x08000191   Thumb Code     0  __scatter.o(!!!scatter)
    __scatterload_null                       0x0800019f   Thumb Code     0  __scatter.o(!!!scatter)
    __scatterload_copy                       0x080001c5   Thumb Code    26  __scatter_copy.o(!!handler_copy)
    __scatterload_zeroinit                   0x080001e1   Thumb Code    28  __scatter_zi.o(!!handler_zi)
    __rt_lib_init                            0x080001fd   Thumb Code     0  libinit.o(.ARM.Collect$$libinit$$00000000)
    __rt_lib_init_fp_1                       0x080001ff   Thumb Code     0  libinit2.o(.ARM.Collect$$libinit$$00000001)
    __rt_lib_init_alloca_1                   0x08000203   Thumb Code     0  libinit2.o(.ARM.Collect$$libinit$$0000002E)
    __rt_lib_init_argv_1                     0x08000203   Thumb Code     0  libinit2.o(.ARM.Collect$$libinit$$0000002C)
    __rt_lib_init_atexit_1                   0x08000203   Thumb Code     0  libinit2.o(.ARM.Collect$$libinit$$0000001B)
    __rt_lib_init_clock_1                    0x08000203   Thumb Code     0  libinit2.o(.ARM.Collect$$libinit$$00000021)
    __rt_lib_init_cpp_1                      0x08000203   Thumb Code     0  libinit2.o(.ARM.Collect$$libinit$$00000032)
    __rt_lib_init_exceptions_1               0x08000203   Thumb Code     0  libinit2.o(.ARM.Collect$$libinit$$00000030)
    __rt_lib_init_fp_trap_1                  0x08000203   Thumb Code     0  libinit2.o(.ARM.Collect$$libinit$$0000001F)
    __rt_lib_init_getenv_1                   0x08000203   Thumb Code     0  libinit2.o(.ARM.Collect$$libinit$$00000023)
    __rt_lib_init_heap_1                     0x08000203   Thumb Code     0  libinit2.o(.ARM.Collect$$libinit$$0000000A)
    __rt_lib_init_lc_collate_1               0x08000203   Thumb Code     0  libinit2.o(.ARM.Collect$$libinit$$00000011)
    __rt_lib_init_lc_ctype_1                 0x08000203   Thumb Code     0  libinit2.o(.ARM.Collect$$libinit$$00000013)
    __rt_lib_init_lc_monetary_1              0x08000203   Thumb Code     0  libinit2.o(.ARM.Collect$$libinit$$00000015)
    __rt_lib_init_lc_numeric_1               0x08000203   Thumb Code     0  libinit2.o(.ARM.Collect$$libinit$$00000017)
    __rt_lib_init_lc_time_1                  0x08000203   Thumb Code     0  libinit2.o(.ARM.Collect$$libinit$$00000019)
    __rt_lib_init_preinit_1                  0x08000203   Thumb Code     0  libinit2.o(.ARM.Collect$$libinit$$00000004)
    __rt_lib_init_rand_1                     0x08000203   Thumb Code     0  libinit2.o(.ARM.Collect$$libinit$$0000000E)
    __rt_lib_init_return                     0x08000203   Thumb Code     0  libinit2.o(.ARM.Collect$$libinit$$00000033)
    __rt_lib_init_signal_1                   0x08000203   Thumb Code     0  libinit2.o(.ARM.Collect$$libinit$$0000001D)
    __rt_lib_init_stdio_1                    0x08000203   Thumb Code     0  libinit2.o(.ARM.Collect$$libinit$$00000025)
    __rt_lib_init_user_alloc_1               0x08000203   Thumb Code     0  libinit2.o(.ARM.Collect$$libinit$$0000000C)
    __rt_lib_shutdown                        0x08000205   Thumb Code     0  libshutdown.o(.ARM.Collect$$libshutdown$$00000000)
    __rt_lib_shutdown_cpp_1                  0x08000207   Thumb Code     0  libshutdown2.o(.ARM.Collect$$libshutdown$$00000002)
    __rt_lib_shutdown_fp_trap_1              0x08000207   Thumb Code     0  libshutdown2.o(.ARM.Collect$$libshutdown$$00000007)
    __rt_lib_shutdown_heap_1                 0x08000207   Thumb Code     0  libshutdown2.o(.ARM.Collect$$libshutdown$$0000000F)
    __rt_lib_shutdown_return                 0x08000207   Thumb Code     0  libshutdown2.o(.ARM.Collect$$libshutdown$$00000010)
    __rt_lib_shutdown_signal_1               0x08000207   Thumb Code     0  libshutdown2.o(.ARM.Collect$$libshutdown$$0000000A)
    __rt_lib_shutdown_stdio_1                0x08000207   Thumb Code     0  libshutdown2.o(.ARM.Collect$$libshutdown$$00000004)
    __rt_lib_shutdown_user_alloc_1           0x08000207   Thumb Code     0  libshutdown2.o(.ARM.Collect$$libshutdown$$0000000C)
    __rt_entry                               0x08000209   Thumb Code     0  __rtentry.o(.ARM.Collect$$rtentry$$00000000)
    __rt_entry_presh_1                       0x08000209   Thumb Code     0  __rtentry2.o(.ARM.Collect$$rtentry$$00000002)
    __rt_entry_sh                            0x08000209   Thumb Code     0  __rtentry4.o(.ARM.Collect$$rtentry$$00000004)
    __rt_entry_li                            0x0800020f   Thumb Code     0  __rtentry2.o(.ARM.Collect$$rtentry$$0000000A)
    __rt_entry_postsh_1                      0x0800020f   Thumb Code     0  __rtentry2.o(.ARM.Collect$$rtentry$$00000009)
    __rt_entry_main                          0x08000213   Thumb Code     0  __rtentry2.o(.ARM.Collect$$rtentry$$0000000D)
    __rt_entry_postli_1                      0x08000213   Thumb Code     0  __rtentry2.o(.ARM.Collect$$rtentry$$0000000C)
    __rt_exit                                0x0800021b   Thumb Code     0  rtexit.o(.ARM.Collect$$rtexit$$00000000)
    __rt_exit_ls                             0x0800021d   Thumb Code     0  rtexit2.o(.ARM.Collect$$rtexit$$00000003)
    __rt_exit_prels_1                        0x0800021d   Thumb Code     0  rtexit2.o(.ARM.Collect$$rtexit$$00000002)
    __rt_exit_exit                           0x08000221   Thumb Code     0  rtexit2.o(.ARM.Collect$$rtexit$$00000004)
    Reset_Handler                            0x08000229   Thumb Code     8  startup_stm32f40_41xxx.o(.text)
    NMI_Handler                              0x08000231   Thumb Code     2  startup_stm32f40_41xxx.o(.text)
    HardFault_Handler                        0x08000233   Thumb Code     2  startup_stm32f40_41xxx.o(.text)
    MemManage_Handler                        0x08000235   Thumb Code     2  startup_stm32f40_41xxx.o(.text)
    BusFault_Handler                         0x08000237   Thumb Code     2  startup_stm32f40_41xxx.o(.text)
    UsageFault_Handler                       0x08000239   Thumb Code     2  startup_stm32f40_41xxx.o(.text)
    SVC_Handler                              0x0800023b   Thumb Code     2  startup_stm32f40_41xxx.o(.text)
    DebugMon_Handler                         0x0800023d   Thumb Code     2  startup_stm32f40_41xxx.o(.text)
    PendSV_Handler                           0x0800023f   Thumb Code     2  startup_stm32f40_41xxx.o(.text)
    SysTick_Handler                          0x08000241   Thumb Code     2  startup_stm32f40_41xxx.o(.text)
    ADC_IRQHandler                           0x08000243   Thumb Code     0  startup_stm32f40_41xxx.o(.text)
    CAN1_RX0_IRQHandler                      0x08000243   Thumb Code     0  startup_stm32f40_41xxx.o(.text)
    CAN1_RX1_IRQHandler                      0x08000243   Thumb Code     0  startup_stm32f40_41xxx.o(.text)
    CAN1_SCE_IRQHandler                      0x08000243   Thumb Code     0  startup_stm32f40_41xxx.o(.text)
    CAN1_TX_IRQHandler                       0x08000243   Thumb Code     0  startup_stm32f40_41xxx.o(.text)
    CAN2_RX0_IRQHandler                      0x08000243   Thumb Code     0  startup_stm32f40_41xxx.o(.text)
    CAN2_RX1_IRQHandler                      0x08000243   Thumb Code     0  startup_stm32f40_41xxx.o(.text)
    CAN2_SCE_IRQHandler                      0x08000243   Thumb Code     0  startup_stm32f40_41xxx.o(.text)
    CAN2_TX_IRQHandler                       0x08000243   Thumb Code     0  startup_stm32f40_41xxx.o(.text)
    CRYP_IRQHandler                          0x08000243   Thumb Code     0  startup_stm32f40_41xxx.o(.text)
    DCMI_IRQHandler                          0x08000243   Thumb Code     0  startup_stm32f40_41xxx.o(.text)
    DMA1_Stream0_IRQHandler                  0x08000243   Thumb Code     0  startup_stm32f40_41xxx.o(.text)
    DMA1_Stream1_IRQHandler                  0x08000243   Thumb Code     0  startup_stm32f40_41xxx.o(.text)
    DMA1_Stream2_IRQHandler                  0x08000243   Thumb Code     0  startup_stm32f40_41xxx.o(.text)
    DMA1_Stream3_IRQHandler                  0x08000243   Thumb Code     0  startup_stm32f40_41xxx.o(.text)
    DMA1_Stream4_IRQHandler                  0x08000243   Thumb Code     0  startup_stm32f40_41xxx.o(.text)
    DMA1_Stream5_IRQHandler                  0x08000243   Thumb Code     0  startup_stm32f40_41xxx.o(.text)
    DMA1_Stream6_IRQHandler                  0x08000243   Thumb Code     0  startup_stm32f40_41xxx.o(.text)
    DMA1_Stream7_IRQHandler                  0x08000243   Thumb Code     0  startup_stm32f40_41xxx.o(.text)
    DMA2_Stream0_IRQHandler                  0x08000243   Thumb Code     0  startup_stm32f40_41xxx.o(.text)
    DMA2_Stream1_IRQHandler                  0x08000243   Thumb Code     0  startup_stm32f40_41xxx.o(.text)
    DMA2_Stream2_IRQHandler                  0x08000243   Thumb Code     0  startup_stm32f40_41xxx.o(.text)
    DMA2_Stream3_IRQHandler                  0x08000243   Thumb Code     0  startup_stm32f40_41xxx.o(.text)
    DMA2_Stream4_IRQHandler                  0x08000243   Thumb Code     0  startup_stm32f40_41xxx.o(.text)
    DMA2_Stream5_IRQHandler                  0x08000243   Thumb Code     0  startup_stm32f40_41xxx.o(.text)
    DMA2_Stream6_IRQHandler                  0x08000243   Thumb Code     0  startup_stm32f40_41xxx.o(.text)
    DMA2_Stream7_IRQHandler                  0x08000243   Thumb Code     0  startup_stm32f40_41xxx.o(.text)
    ETH_IRQHandler                           0x08000243   Thumb Code     0  startup_stm32f40_41xxx.o(.text)
    ETH_WKUP_IRQHandler                      0x08000243   Thumb Code     0  startup_stm32f40_41xxx.o(.text)
    EXTI1_IRQHandler                         0x08000243   Thumb Code     0  startup_stm32f40_41xxx.o(.text)
    EXTI2_IRQHandler                         0x08000243   Thumb Code     0  startup_stm32f40_41xxx.o(.text)
    EXTI3_IRQHandler                         0x08000243   Thumb Code     0  startup_stm32f40_41xxx.o(.text)
    EXTI4_IRQHandler                         0x08000243   Thumb Code     0  startup_stm32f40_41xxx.o(.text)
    FLASH_IRQHandler                         0x08000243   Thumb Code     0  startup_stm32f40_41xxx.o(.text)
    FPU_IRQHandler                           0x08000243   Thumb Code     0  startup_stm32f40_41xxx.o(.text)
    FSMC_IRQHandler                          0x08000243   Thumb Code     0  startup_stm32f40_41xxx.o(.text)
    HASH_RNG_IRQHandler                      0x08000243   Thumb Code     0  startup_stm32f40_41xxx.o(.text)
    I2C1_ER_IRQHandler                       0x08000243   Thumb Code     0  startup_stm32f40_41xxx.o(.text)
    I2C1_EV_IRQHandler                       0x08000243   Thumb Code     0  startup_stm32f40_41xxx.o(.text)
    I2C2_ER_IRQHandler                       0x08000243   Thumb Code     0  startup_stm32f40_41xxx.o(.text)
    I2C2_EV_IRQHandler                       0x08000243   Thumb Code     0  startup_stm32f40_41xxx.o(.text)
    I2C3_ER_IRQHandler                       0x08000243   Thumb Code     0  startup_stm32f40_41xxx.o(.text)
    I2C3_EV_IRQHandler                       0x08000243   Thumb Code     0  startup_stm32f40_41xxx.o(.text)
    OTG_FS_IRQHandler                        0x08000243   Thumb Code     0  startup_stm32f40_41xxx.o(.text)
    OTG_FS_WKUP_IRQHandler                   0x08000243   Thumb Code     0  startup_stm32f40_41xxx.o(.text)
    OTG_HS_EP1_IN_IRQHandler                 0x08000243   Thumb Code     0  startup_stm32f40_41xxx.o(.text)
    OTG_HS_EP1_OUT_IRQHandler                0x08000243   Thumb Code     0  startup_stm32f40_41xxx.o(.text)
    OTG_HS_IRQHandler                        0x08000243   Thumb Code     0  startup_stm32f40_41xxx.o(.text)
    OTG_HS_WKUP_IRQHandler                   0x08000243   Thumb Code     0  startup_stm32f40_41xxx.o(.text)
    PVD_IRQHandler                           0x08000243   Thumb Code     0  startup_stm32f40_41xxx.o(.text)
    RCC_IRQHandler                           0x08000243   Thumb Code     0  startup_stm32f40_41xxx.o(.text)
    RTC_Alarm_IRQHandler                     0x08000243   Thumb Code     0  startup_stm32f40_41xxx.o(.text)
    RTC_WKUP_IRQHandler                      0x08000243   Thumb Code     0  startup_stm32f40_41xxx.o(.text)
    SDIO_IRQHandler                          0x08000243   Thumb Code     0  startup_stm32f40_41xxx.o(.text)
    SPI1_IRQHandler                          0x08000243   Thumb Code     0  startup_stm32f40_41xxx.o(.text)
    SPI2_IRQHandler                          0x08000243   Thumb Code     0  startup_stm32f40_41xxx.o(.text)
    SPI3_IRQHandler                          0x08000243   Thumb Code     0  startup_stm32f40_41xxx.o(.text)
    TAMP_STAMP_IRQHandler                    0x08000243   Thumb Code     0  startup_stm32f40_41xxx.o(.text)
    TIM1_BRK_TIM9_IRQHandler                 0x08000243   Thumb Code     0  startup_stm32f40_41xxx.o(.text)
    TIM1_CC_IRQHandler                       0x08000243   Thumb Code     0  startup_stm32f40_41xxx.o(.text)
    TIM1_TRG_COM_TIM11_IRQHandler            0x08000243   Thumb Code     0  startup_stm32f40_41xxx.o(.text)
    TIM1_UP_TIM10_IRQHandler                 0x08000243   Thumb Code     0  startup_stm32f40_41xxx.o(.text)
    TIM2_IRQHandler                          0x08000243   Thumb Code     0  startup_stm32f40_41xxx.o(.text)
    TIM5_IRQHandler                          0x08000243   Thumb Code     0  startup_stm32f40_41xxx.o(.text)
    TIM6_DAC_IRQHandler                      0x08000243   Thumb Code     0  startup_stm32f40_41xxx.o(.text)
    TIM7_IRQHandler                          0x08000243   Thumb Code     0  startup_stm32f40_41xxx.o(.text)
    TIM8_BRK_TIM12_IRQHandler                0x08000243   Thumb Code     0  startup_stm32f40_41xxx.o(.text)
    TIM8_CC_IRQHandler                       0x08000243   Thumb Code     0  startup_stm32f40_41xxx.o(.text)
    TIM8_TRG_COM_TIM14_IRQHandler            0x08000243   Thumb Code     0  startup_stm32f40_41xxx.o(.text)
    TIM8_UP_TIM13_IRQHandler                 0x08000243   Thumb Code     0  startup_stm32f40_41xxx.o(.text)
    UART4_IRQHandler                         0x08000243   Thumb Code     0  startup_stm32f40_41xxx.o(.text)
    UART5_IRQHandler                         0x08000243   Thumb Code     0  startup_stm32f40_41xxx.o(.text)
    USART2_IRQHandler                        0x08000243   Thumb Code     0  startup_stm32f40_41xxx.o(.text)
    USART3_IRQHandler                        0x08000243   Thumb Code     0  startup_stm32f40_41xxx.o(.text)
    USART6_IRQHandler                        0x08000243   Thumb Code     0  startup_stm32f40_41xxx.o(.text)
    __user_initial_stackheap                 0x08000245   Thumb Code     0  startup_stm32f40_41xxx.o(.text)
    __use_two_region_memory                  0x08000269   Thumb Code     2  heapauxi.o(.text)
    __rt_heap_escrow$2region                 0x0800026b   Thumb Code     2  heapauxi.o(.text)
    __rt_heap_expand$2region                 0x0800026d   Thumb Code     2  heapauxi.o(.text)
    __user_setup_stackheap                   0x0800026f   Thumb Code    74  sys_stackheap_outer.o(.text)
    exit                                     0x080002b9   Thumb Code    18  exit.o(.text)
    __user_libspace                          0x080002cd   Thumb Code     8  libspace.o(.text)
    __user_perproc_libspace                  0x080002cd   Thumb Code     0  libspace.o(.text)
    __user_perthread_libspace                0x080002cd   Thumb Code     0  libspace.o(.text)
    _sys_exit                                0x080002d5   Thumb Code     8  sys_exit.o(.text)
    __I$use$semihosting                      0x080002e1   Thumb Code     0  use_no_semi.o(.text)
    __use_no_semihosting_swi                 0x080002e1   Thumb Code     2  use_no_semi.o(.text)
    __semihosting_library_function           0x080002e3   Thumb Code     0  indicate_semi.o(.text)
    AT24C02_GPIO_Init                        0x080002e5   Thumb Code    62  at24c02.o(i.AT24C02_GPIO_Init)
    AT24C02_IIC_Ack                          0x08000331   Thumb Code    74  at24c02.o(i.AT24C02_IIC_Ack)
    AT24C02_IIC_NAck                         0x08000389   Thumb Code    66  at24c02.o(i.AT24C02_IIC_NAck)
    AT24C02_IIC_Start                        0x080003d5   Thumb Code    74  at24c02.o(i.AT24C02_IIC_Start)
    AT24C02_IIC_Stop                         0x0800042d   Thumb Code    74  at24c02.o(i.AT24C02_IIC_Stop)
    AT24C02_IIC_Wait_Ack                     0x08000485   Thumb Code   100  at24c02.o(i.AT24C02_IIC_Wait_Ack)
    AT24C02_Init                             0x080004f1   Thumb Code     8  at24c02.o(i.AT24C02_Init)
    AT24C02_Read                             0x080004f9   Thumb Code    34  at24c02.o(i.AT24C02_Read)
    AT24C02_ReadOneByte                      0x0800051b   Thumb Code    58  at24c02.o(i.AT24C02_ReadOneByte)
    AT24C02_Read_Byte                        0x08000555   Thumb Code   100  at24c02.o(i.AT24C02_Read_Byte)
    AT24C02_Send_Byte                        0x080005c5   Thumb Code   106  at24c02.o(i.AT24C02_Send_Byte)
    AT24C02_WriteOneByte                     0x08000639   Thumb Code    58  at24c02.o(i.AT24C02_WriteOneByte)
    CloseSocket_RJ45_1                       0x08000679   Thumb Code    62  w5200.o(i.CloseSocket_RJ45_1)
    CloseSocket_RJ45_2                       0x080006b7   Thumb Code    62  w5200.o(i.CloseSocket_RJ45_2)
    EXTI0_IRQHandler                         0x080006f5   Thumb Code    44  sm2200.o(i.EXTI0_IRQHandler)
    EXTI15_10_IRQHandler                     0x08000725   Thumb Code    90  w5200.o(i.EXTI15_10_IRQHandler)
    EXTI9_5_IRQHandler                       0x08000785   Thumb Code   102  w5200.o(i.EXTI9_5_IRQHandler)
    EXTI_ClearITPendingBit                   0x080007f1   Thumb Code     6  stm32f4xx_exti.o(i.EXTI_ClearITPendingBit)
    EXTI_GetITStatus                         0x080007fd   Thumb Code    20  stm32f4xx_exti.o(i.EXTI_GetITStatus)
    EXTI_Init                                0x08000815   Thumb Code   142  stm32f4xx_exti.o(i.EXTI_Init)
    GPIO_Init                                0x080008a9   Thumb Code   144  stm32f4xx_gpio.o(i.GPIO_Init)
    GPIO_PinAFConfig                         0x08000939   Thumb Code    70  stm32f4xx_gpio.o(i.GPIO_PinAFConfig)
    GPIO_ResetBits                           0x0800097f   Thumb Code     4  stm32f4xx_gpio.o(i.GPIO_ResetBits)
    GPIO_SetBits                             0x08000983   Thumb Code     4  stm32f4xx_gpio.o(i.GPIO_SetBits)
    GPIO_ToggleBits                          0x08000987   Thumb Code     8  stm32f4xx_gpio.o(i.GPIO_ToggleBits)
    GetDeviceInformation                     0x08000991   Thumb Code   372  at24c02.o(i.GetDeviceInformation)
    NVIC_EXTI                                0x08000b39   Thumb Code    34  sm2200.o(i.NVIC_EXTI)
    NVIC_Init                                0x08000b61   Thumb Code   106  misc.o(i.NVIC_Init)
    NVIC_PriorityGroupConfig                 0x08000bd9   Thumb Code    10  misc.o(i.NVIC_PriorityGroupConfig)
    OfdmXcvrRead                             0x08000bed   Thumb Code    78  sm2200.o(i.OfdmXcvrRead)
    OfdmXcvrWrite                            0x08000c41   Thumb Code    82  sm2200.o(i.OfdmXcvrWrite)
    Poll                                     0x08000c99   Thumb Code  1246  poll.o(i.Poll)
    RCC_AHB1PeriphClockCmd                   0x0800119d   Thumb Code    26  stm32f4xx_rcc.o(i.RCC_AHB1PeriphClockCmd)
    RCC_APB1PeriphClockCmd                   0x080011bd   Thumb Code    26  stm32f4xx_rcc.o(i.RCC_APB1PeriphClockCmd)
    RCC_APB1PeriphResetCmd                   0x080011dd   Thumb Code    26  stm32f4xx_rcc.o(i.RCC_APB1PeriphResetCmd)
    RCC_APB2PeriphClockCmd                   0x080011fd   Thumb Code    26  stm32f4xx_rcc.o(i.RCC_APB2PeriphClockCmd)
    RCC_APB2PeriphResetCmd                   0x0800121d   Thumb Code    26  stm32f4xx_rcc.o(i.RCC_APB2PeriphResetCmd)
    RJ45_1_GPIO_Init                         0x0800123d   Thumb Code   384  w5200.o(i.RJ45_1_GPIO_Init)
    RJ45_1_Init                              0x080013c9   Thumb Code   160  w5200.o(i.RJ45_1_Init)
    RJ45_1_Read                              0x0800148d   Thumb Code   152  w5200.o(i.RJ45_1_Read)
    RJ45_1_ReadWriteByte                     0x08001531   Thumb Code    50  w5200.o(i.RJ45_1_ReadWriteByte)
    RJ45_1_Read_Buf                          0x08001569   Thumb Code    78  w5200.o(i.RJ45_1_Read_Buf)
    RJ45_1_Read_Register                     0x080015bd   Thumb Code    60  w5200.o(i.RJ45_1_Read_Register)
    RJ45_1_Reset                             0x080015fd   Thumb Code    68  w5200.o(i.RJ45_1_Reset)
    RJ45_1_Write_Buf                         0x08001645   Thumb Code    80  w5200.o(i.RJ45_1_Write_Buf)
    RJ45_1_Write_Register                    0x08001699   Thumb Code    62  w5200.o(i.RJ45_1_Write_Register)
    RJ45_2_Deal                              0x080016dd   Thumb Code   348  w5200.o(i.RJ45_2_Deal)
    RJ45_2_GPIO_Init                         0x08001869   Thumb Code   370  w5200.o(i.RJ45_2_GPIO_Init)
    RJ45_2_Init                              0x080019e9   Thumb Code   160  w5200.o(i.RJ45_2_Init)
    RJ45_2_Read                              0x08001aad   Thumb Code   152  w5200.o(i.RJ45_2_Read)
    RJ45_2_ReadWriteByte                     0x08001b51   Thumb Code    50  w5200.o(i.RJ45_2_ReadWriteByte)
    RJ45_2_Read_Buf                          0x08001b89   Thumb Code    74  w5200.o(i.RJ45_2_Read_Buf)
    RJ45_2_Read_Register                     0x08001bd9   Thumb Code    56  w5200.o(i.RJ45_2_Read_Register)
    RJ45_2_Reset                             0x08001c15   Thumb Code    64  w5200.o(i.RJ45_2_Reset)
    RJ45_2_TCP_ServiceInit                   0x08001c59   Thumb Code   228  w5200.o(i.RJ45_2_TCP_ServiceInit)
    RJ45_2_Write                             0x08001d45   Thumb Code   124  w5200.o(i.RJ45_2_Write)
    RJ45_2_Write_Buf                         0x08001dc9   Thumb Code    76  w5200.o(i.RJ45_2_Write_Buf)
    RJ45_2_Write_Register                    0x08001e19   Thumb Code    58  w5200.o(i.RJ45_2_Write_Register)
    SM2200_GPIO                              0x08001e59   Thumb Code   220  sm2200.o(i.SM2200_GPIO)
    SM2200_Init                              0x08001f3d   Thumb Code   270  sm2200.o(i.SM2200_Init)
    SM2200_Receive                           0x08002065   Thumb Code   126  sm2200.o(i.SM2200_Receive)
    SM2200_Send                              0x080020f1   Thumb Code   134  sm2200.o(i.SM2200_Send)
    SPI3_ReadWriteByte                       0x0800218d   Thumb Code    50  sm2200.o(i.SPI3_ReadWriteByte)
    SPI_CalculateCRC                         0x080021c5   Thumb Code    24  stm32f4xx_spi.o(i.SPI_CalculateCRC)
    SPI_Cmd                                  0x080021dd   Thumb Code    24  stm32f4xx_spi.o(i.SPI_Cmd)
    SPI_I2S_DeInit                           0x080021f5   Thumb Code   152  stm32f4xx_spi.o(i.SPI_I2S_DeInit)
    SPI_I2S_GetFlagStatus                    0x080022a5   Thumb Code    18  stm32f4xx_spi.o(i.SPI_I2S_GetFlagStatus)
    SPI_I2S_ReceiveData                      0x080022b7   Thumb Code     6  stm32f4xx_spi.o(i.SPI_I2S_ReceiveData)
    SPI_I2S_SendData                         0x080022bd   Thumb Code     4  stm32f4xx_spi.o(i.SPI_I2S_SendData)
    SPI_Init                                 0x080022c1   Thumb Code    60  stm32f4xx_spi.o(i.SPI_Init)
    SPI_SM2200                               0x080022fd   Thumb Code   174  sm2200.o(i.SPI_SM2200)
    SYSCFG_EXTILineConfig                    0x080023b5   Thumb Code    60  stm32f4xx_syscfg.o(i.SYSCFG_EXTILineConfig)
    SysTick_CLKSourceConfig                  0x080024e1   Thumb Code    40  misc.o(i.SysTick_CLKSourceConfig)
    SystemInit                               0x08002509   Thumb Code    88  system_stm32f4xx.o(i.SystemInit)
    TIM3_IRQHandler                          0x08002571   Thumb Code    32  time.o(i.TIM3_IRQHandler)
    TIM3_Init                                0x08002599   Thumb Code    88  time.o(i.TIM3_Init)
    TIM4_IRQHandler                          0x080025f5   Thumb Code   172  time.o(i.TIM4_IRQHandler)
    TIM4_Init                                0x080026b5   Thumb Code    90  time.o(i.TIM4_Init)
    TIM_ClearITPendingBit                    0x08002715   Thumb Code     6  stm32f4xx_tim.o(i.TIM_ClearITPendingBit)
    TIM_Cmd                                  0x0800271b   Thumb Code    24  stm32f4xx_tim.o(i.TIM_Cmd)
    TIM_GetITStatus                          0x08002733   Thumb Code    34  stm32f4xx_tim.o(i.TIM_GetITStatus)
    TIM_ITConfig                             0x08002755   Thumb Code    18  stm32f4xx_tim.o(i.TIM_ITConfig)
    TIM_TimeBaseInit                         0x08002769   Thumb Code   104  stm32f4xx_tim.o(i.TIM_TimeBaseInit)
    USART1_IRQHandler                        0x080027ed   Thumb Code   134  uart.o(i.USART1_IRQHandler)
    USART_GetITStatus                        0x08002889   Thumb Code    84  stm32f4xx_usart.o(i.USART_GetITStatus)
    USART_ReceiveData                        0x080028dd   Thumb Code    10  stm32f4xx_usart.o(i.USART_ReceiveData)
    WWDG_ClearFlag                           0x080028e9   Thumb Code     8  stm32f4xx_wwdg.o(i.WWDG_ClearFlag)
    WWDG_IRQHandler                          0x080028f5   Thumb Code    28  wwdg.o(i.WWDG_IRQHandler)
    WWDG_SetCounter                          0x08002915   Thumb Code    10  stm32f4xx_wwdg.o(i.WWDG_SetCounter)
    delay_init                               0x08002925   Thumb Code    52  delay.o(i.delay_init)
    delay_ms                                 0x08002961   Thumb Code    56  delay.o(i.delay_ms)
    delay_xms                                0x08002999   Thumb Code    72  delay.o(i.delay_xms)
    delayms                                  0x080029e5   Thumb Code    42  delay.o(i.delayms)
    gpio_Init                                0x08002a11   Thumb Code   176  led.o(i.gpio_Init)
    main                                     0x08002acd   Thumb Code   282  main.o(i.main)
    _fp_init                                 0x08002c15   Thumb Code    10  fpinit.o(x$fpl$fpinit)
    __fplib_config_fpu_vfp                   0x08002c1d   Thumb Code     0  fpinit.o(x$fpl$fpinit)
    __fplib_config_pureend_doubles           0x08002c1d   Thumb Code     0  fpinit.o(x$fpl$fpinit)
    Region$$Table$$Base                      0x08002c20   Number         0  anon$$obj.o(Region$$Table)
    Region$$Table$$Limit                     0x08002c40   Number         0  anon$$obj.o(Region$$Table)
    Device                                   0x20000000   Data           1  main.o(.data)
    ConnectDevice                            0x20000001   Data           7  main.o(.data)
    DeviceScale                              0x20000008   Data           1  main.o(.data)
    ToDevice                                 0x2000000a   Data           2  main.o(.data)
    ReDevice                                 0x2000000c   Data           1  main.o(.data)
    DeviceInformation                        0x2000000d   Data          13  main.o(.data)
    ChannelSend                              0x2000001c   Data           4  main.o(.data)
    ChannelReceive                           0x20000020   Data           4  main.o(.data)
    SM2200ReceiveFalg                        0x20000024   Data           1  main.o(.data)
    Voltage                                  0x20000025   Data           1  main.o(.data)
    Check                                    0x20000026   Data          50  main.o(.data)
    ConnectState                             0x20000058   Data           1  main.o(.data)
    ServiceIP                                0x20000059   Data           4  main.o(.data)
    ServicePort                              0x2000005e   Data           2  main.o(.data)
    RJ45_1_MAC                               0x20000060   Data           6  main.o(.data)
    RJ45_1_IP                                0x20000066   Data           4  main.o(.data)
    RJ45_1_GateWay                           0x2000006a   Data           4  main.o(.data)
    RJ45_1_SubNet                            0x2000006e   Data           4  main.o(.data)
    RJ45_1_Loc_Potr                          0x20000072   Data           2  main.o(.data)
    RJ45_1_RLength                           0x20000074   Data           2  main.o(.data)
    RJ45_1_Connect                           0x20000076   Data           1  main.o(.data)
    RJ45_1_ReceiveFlag                       0x20000077   Data           1  main.o(.data)
    RJ45_1_Send                              0x20000078   Data           1  main.o(.data)
    RJ45_1_DirIP                             0x20000079   Data           4  main.o(.data)
    RJ45_1_Dir_Port                          0x2000007e   Data           2  main.o(.data)
    RJ45_2_MAC                               0x20000080   Data           6  main.o(.data)
    RJ45_2_IP                                0x20000086   Data           4  main.o(.data)
    RJ45_2_GateWay                           0x2000008a   Data           4  main.o(.data)
    RJ45_2_SubNet                            0x2000008e   Data           4  main.o(.data)
    RJ45_2_Loc_Potr                          0x20000092   Data           2  main.o(.data)
    RJ45_2_RLength                           0x20000094   Data           2  main.o(.data)
    RJ45_2_Connect                           0x20000096   Data           1  main.o(.data)
    RJ45_2_ReceiveFlag                       0x20000097   Data           1  main.o(.data)
    RJ45_2_Send                              0x20000098   Data           1  main.o(.data)
    RTR_Time                                 0x2000009a   Data           2  main.o(.data)
    RCR_Num                                  0x2000009c   Data           1  main.o(.data)
    NetRNum                                  0x2000009e   Data           2  main.o(.data)
    NetTNum                                  0x200000a0   Data           2  main.o(.data)
    RunMode                                  0x200000a2   Data           1  main.o(.data)
    CommandFlag                              0x200000a3   Data           1  main.o(.data)
    Netflag                                  0x200000a4   Data           1  main.o(.data)
    W5200_Device1_Connect                    0x200000a5   Data           1  main.o(.data)
    W5200_Device1_Send                       0x200000a6   Data           1  main.o(.data)
    W5200_Device1_ReadAddress                0x200000a8   Data           2  main.o(.data)
    ShakeHandFlag                            0x200000aa   Data           1  main.o(.data)
    Flag                                     0x200000ac   Data           2  main.o(.data)
    r                                        0x200000ae   Data           1  main.o(.data)
    m                                        0x200000af   Data           1  main.o(.data)
    j                                        0x200000b0   Data           2  main.o(.data)
    l                                        0x200000b2   Data           2  main.o(.data)
    Start_Address                            0x200000b4   Data           2  main.o(.data)
    Len                                      0x200000b6   Data           1  main.o(.data)
    BER_Flag                                 0x200000b7   Data           1  main.o(.data)
    trr                                      0x200000b8   Data           4  main.o(.data)
    i                                        0x200000bc   Data           1  main.o(.data)
    W5200_Rx_Size                            0x200000be   Data           8  w5200.o(.data)
    W5200_Tx_Size                            0x200000c6   Data           8  w5200.o(.data)
    RJ45_2_DataLength                        0x200000ce   Data           2  w5200.o(.data)
    Connect                                  0x200000d0   Data           1  w5200.o(.data)
    DisConnect                               0x200000d1   Data           1  w5200.o(.data)
    PollChat                                 0x200000d2   Data           1  w5200.o(.data)
    RunModes                                 0x200000d3   Data           1  w5200.o(.data)
    WriteTem                                 0x200000d4   Data           2  w5200.o(.data)
    ReadTem                                  0x200000d6   Data           2  w5200.o(.data)
    StartFlag                                0x200000d8   Data           1  uart.o(.data)
    Index101                                 0x200000d9   Data           1  uart.o(.data)
    WWDG_CNT                                 0x200000da   Data           1  wwdg.o(.data)
    Command                                  0x200000e0   Data          74  main.o(.bss)
    ReceNum                                  0x2000012c   Data         532  main.o(.bss)
    SM2200TxBuf                              0x20000340   Data        2304  main.o(.bss)
    SM2200RxBuf                              0x20000c40   Data        2304  main.o(.bss)
    ChannelFrenquence                        0x20001540   Data          18  main.o(.bss)
    ChannelSize                              0x20001552   Data          18  main.o(.bss)
    ChannelType                              0x20001564   Data          18  main.o(.bss)
    Noise                                    0x20001576   Data          36  main.o(.bss)
    ShakeChannel                             0x2000159a   Data          18  main.o(.bss)
    RJ45_1_RData                             0x200015ac   Data        1024  main.o(.bss)
    RJ45_1_WData                             0x200019ac   Data        1024  main.o(.bss)
    RJ45_2_RData                             0x20001dac   Data        1024  main.o(.bss)
    RJ45_2_WData                             0x200021ac   Data        1024  main.o(.bss)
    receivenum                               0x200025ac   Data        4000  main.o(.bss)
    Message101                               0x2000354c   Data         256  uart.o(.bss)
    __libspace_start                         0x2000364c   Data          96  libspace.o(.bss)
    __temporary_stack_top$libspace           0x200036ac   Data           0  libspace.o(.bss)



==============================================================================

Memory Map of the image

  Image Entry point : 0x08000189

  Load Region LR_IROM1 (Base: 0x08000000, Size: 0x00002d20, Max: 0x00100000, ABSOLUTE)

    Execution Region ER_IROM1 (Base: 0x08000000, Size: 0x00002c40, Max: 0x00100000, ABSOLUTE)

    Base Addr    Size         Type   Attr      Idx    E Section Name        Object

    0x08000000   0x00000188   Data   RO          195    RESET               startup_stm32f40_41xxx.o
    0x08000188   0x00000008   Code   RO         2979  * !!!main             c_w.l(__main.o)
    0x08000190   0x00000034   Code   RO         3136    !!!scatter          c_w.l(__scatter.o)
    0x080001c4   0x0000001a   Code   RO         3138    !!handler_copy      c_w.l(__scatter_copy.o)
    0x080001de   0x00000002   PAD
    0x080001e0   0x0000001c   Code   RO         3140    !!handler_zi        c_w.l(__scatter_zi.o)
    0x080001fc   0x00000002   Code   RO         3006    .ARM.Collect$$libinit$$00000000  c_w.l(libinit.o)
    0x080001fe   0x00000004   Code   RO         3012    .ARM.Collect$$libinit$$00000001  c_w.l(libinit2.o)
    0x08000202   0x00000000   Code   RO         3015    .ARM.Collect$$libinit$$00000004  c_w.l(libinit2.o)
    0x08000202   0x00000000   Code   RO         3018    .ARM.Collect$$libinit$$0000000A  c_w.l(libinit2.o)
    0x08000202   0x00000000   Code   RO         3020    .ARM.Collect$$libinit$$0000000C  c_w.l(libinit2.o)
    0x08000202   0x00000000   Code   RO         3022    .ARM.Collect$$libinit$$0000000E  c_w.l(libinit2.o)
    0x08000202   0x00000000   Code   RO         3025    .ARM.Collect$$libinit$$00000011  c_w.l(libinit2.o)
    0x08000202   0x00000000   Code   RO         3027    .ARM.Collect$$libinit$$00000013  c_w.l(libinit2.o)
    0x08000202   0x00000000   Code   RO         3029    .ARM.Collect$$libinit$$00000015  c_w.l(libinit2.o)
    0x08000202   0x00000000   Code   RO         3031    .ARM.Collect$$libinit$$00000017  c_w.l(libinit2.o)
    0x08000202   0x00000000   Code   RO         3033    .ARM.Collect$$libinit$$00000019  c_w.l(libinit2.o)
    0x08000202   0x00000000   Code   RO         3035    .ARM.Collect$$libinit$$0000001B  c_w.l(libinit2.o)
    0x08000202   0x00000000   Code   RO         3037    .ARM.Collect$$libinit$$0000001D  c_w.l(libinit2.o)
    0x08000202   0x00000000   Code   RO         3039    .ARM.Collect$$libinit$$0000001F  c_w.l(libinit2.o)
    0x08000202   0x00000000   Code   RO         3041    .ARM.Collect$$libinit$$00000021  c_w.l(libinit2.o)
    0x08000202   0x00000000   Code   RO         3043    .ARM.Collect$$libinit$$00000023  c_w.l(libinit2.o)
    0x08000202   0x00000000   Code   RO         3045    .ARM.Collect$$libinit$$00000025  c_w.l(libinit2.o)
    0x08000202   0x00000000   Code   RO         3049    .ARM.Collect$$libinit$$0000002C  c_w.l(libinit2.o)
    0x08000202   0x00000000   Code   RO         3051    .ARM.Collect$$libinit$$0000002E  c_w.l(libinit2.o)
    0x08000202   0x00000000   Code   RO         3053    .ARM.Collect$$libinit$$00000030  c_w.l(libinit2.o)
    0x08000202   0x00000000   Code   RO         3055    .ARM.Collect$$libinit$$00000032  c_w.l(libinit2.o)
    0x08000202   0x00000002   Code   RO         3056    .ARM.Collect$$libinit$$00000033  c_w.l(libinit2.o)
    0x08000204   0x00000002   Code   RO         3076    .ARM.Collect$$libshutdown$$00000000  c_w.l(libshutdown.o)
    0x08000206   0x00000000   Code   RO         3089    .ARM.Collect$$libshutdown$$00000002  c_w.l(libshutdown2.o)
    0x08000206   0x00000000   Code   RO         3091    .ARM.Collect$$libshutdown$$00000004  c_w.l(libshutdown2.o)
    0x08000206   0x00000000   Code   RO         3094    .ARM.Collect$$libshutdown$$00000007  c_w.l(libshutdown2.o)
    0x08000206   0x00000000   Code   RO         3097    .ARM.Collect$$libshutdown$$0000000A  c_w.l(libshutdown2.o)
    0x08000206   0x00000000   Code   RO         3099    .ARM.Collect$$libshutdown$$0000000C  c_w.l(libshutdown2.o)
    0x08000206   0x00000000   Code   RO         3102    .ARM.Collect$$libshutdown$$0000000F  c_w.l(libshutdown2.o)
    0x08000206   0x00000002   Code   RO         3103    .ARM.Collect$$libshutdown$$00000010  c_w.l(libshutdown2.o)
    0x08000208   0x00000000   Code   RO         2981    .ARM.Collect$$rtentry$$00000000  c_w.l(__rtentry.o)
    0x08000208   0x00000000   Code   RO         2983    .ARM.Collect$$rtentry$$00000002  c_w.l(__rtentry2.o)
    0x08000208   0x00000006   Code   RO         2995    .ARM.Collect$$rtentry$$00000004  c_w.l(__rtentry4.o)
    0x0800020e   0x00000000   Code   RO         2985    .ARM.Collect$$rtentry$$00000009  c_w.l(__rtentry2.o)
    0x0800020e   0x00000004   Code   RO         2986    .ARM.Collect$$rtentry$$0000000A  c_w.l(__rtentry2.o)
    0x08000212   0x00000000   Code   RO         2988    .ARM.Collect$$rtentry$$0000000C  c_w.l(__rtentry2.o)
    0x08000212   0x00000008   Code   RO         2989    .ARM.Collect$$rtentry$$0000000D  c_w.l(__rtentry2.o)
    0x0800021a   0x00000002   Code   RO         3010    .ARM.Collect$$rtexit$$00000000  c_w.l(rtexit.o)
    0x0800021c   0x00000000   Code   RO         3058    .ARM.Collect$$rtexit$$00000002  c_w.l(rtexit2.o)
    0x0800021c   0x00000004   Code   RO         3059    .ARM.Collect$$rtexit$$00000003  c_w.l(rtexit2.o)
    0x08000220   0x00000006   Code   RO         3060    .ARM.Collect$$rtexit$$00000004  c_w.l(rtexit2.o)
    0x08000226   0x00000002   PAD
    0x08000228   0x00000040   Code   RO          196    .text               startup_stm32f40_41xxx.o
    0x08000268   0x00000006   Code   RO         2977    .text               c_w.l(heapauxi.o)
    0x0800026e   0x0000004a   Code   RO         2997    .text               c_w.l(sys_stackheap_outer.o)
    0x080002b8   0x00000012   Code   RO         2999    .text               c_w.l(exit.o)
    0x080002ca   0x00000002   PAD
    0x080002cc   0x00000008   Code   RO         3007    .text               c_w.l(libspace.o)
    0x080002d4   0x0000000c   Code   RO         3068    .text               c_w.l(sys_exit.o)
    0x080002e0   0x00000002   Code   RO         3079    .text               c_w.l(use_no_semi.o)
    0x080002e2   0x00000000   Code   RO         3081    .text               c_w.l(indicate_semi.o)
    0x080002e2   0x00000002   PAD
    0x080002e4   0x0000004c   Code   RO         2520    i.AT24C02_GPIO_Init  at24c02.o
    0x08000330   0x00000058   Code   RO         2521    i.AT24C02_IIC_Ack   at24c02.o
    0x08000388   0x0000004c   Code   RO         2522    i.AT24C02_IIC_NAck  at24c02.o
    0x080003d4   0x00000058   Code   RO         2523    i.AT24C02_IIC_Start  at24c02.o
    0x0800042c   0x00000058   Code   RO         2524    i.AT24C02_IIC_Stop  at24c02.o
    0x08000484   0x0000006c   Code   RO         2525    i.AT24C02_IIC_Wait_Ack  at24c02.o
    0x080004f0   0x00000008   Code   RO         2526    i.AT24C02_Init      at24c02.o
    0x080004f8   0x00000022   Code   RO         2527    i.AT24C02_Read      at24c02.o
    0x0800051a   0x0000003a   Code   RO         2528    i.AT24C02_ReadOneByte  at24c02.o
    0x08000554   0x00000070   Code   RO         2529    i.AT24C02_Read_Byte  at24c02.o
    0x080005c4   0x00000074   Code   RO         2530    i.AT24C02_Send_Byte  at24c02.o
    0x08000638   0x00000040   Code   RO         2532    i.AT24C02_WriteOneByte  at24c02.o
    0x08000678   0x0000003e   Code   RO         2334    i.CloseSocket_RJ45_1  w5200.o
    0x080006b6   0x0000003e   Code   RO         2335    i.CloseSocket_RJ45_2  w5200.o
    0x080006f4   0x00000030   Code   RO         2247    i.EXTI0_IRQHandler  sm2200.o
    0x08000724   0x00000060   Code   RO         2336    i.EXTI15_10_IRQHandler  w5200.o
    0x08000784   0x0000006c   Code   RO         2337    i.EXTI9_5_IRQHandler  w5200.o
    0x080007f0   0x0000000c   Code   RO          270    i.EXTI_ClearITPendingBit  stm32f4xx_exti.o
    0x080007fc   0x00000018   Code   RO          274    i.EXTI_GetITStatus  stm32f4xx_exti.o
    0x08000814   0x00000094   Code   RO          275    i.EXTI_Init         stm32f4xx_exti.o
    0x080008a8   0x00000090   Code   RO          332    i.GPIO_Init         stm32f4xx_gpio.o
    0x08000938   0x00000046   Code   RO          333    i.GPIO_PinAFConfig  stm32f4xx_gpio.o
    0x0800097e   0x00000004   Code   RO          339    i.GPIO_ResetBits    stm32f4xx_gpio.o
    0x08000982   0x00000004   Code   RO          340    i.GPIO_SetBits      stm32f4xx_gpio.o
    0x08000986   0x00000008   Code   RO          342    i.GPIO_ToggleBits   stm32f4xx_gpio.o
    0x0800098e   0x00000002   PAD
    0x08000990   0x000001a8   Code   RO         2533    i.GetDeviceInformation  at24c02.o
    0x08000b38   0x00000028   Code   RO         2248    i.NVIC_EXTI         sm2200.o
    0x08000b60   0x00000078   Code   RO          202    i.NVIC_Init         misc.o
    0x08000bd8   0x00000014   Code   RO          203    i.NVIC_PriorityGroupConfig  misc.o
    0x08000bec   0x00000054   Code   RO         2249    i.OfdmXcvrRead      sm2200.o
    0x08000c40   0x00000058   Code   RO         2250    i.OfdmXcvrWrite     sm2200.o
    0x08000c98   0x00000504   Code   RO         2956    i.Poll              poll.o
    0x0800119c   0x00000020   Code   RO          429    i.RCC_AHB1PeriphClockCmd  stm32f4xx_rcc.o
    0x080011bc   0x00000020   Code   RO          438    i.RCC_APB1PeriphClockCmd  stm32f4xx_rcc.o
    0x080011dc   0x00000020   Code   RO          440    i.RCC_APB1PeriphResetCmd  stm32f4xx_rcc.o
    0x080011fc   0x00000020   Code   RO          441    i.RCC_APB2PeriphClockCmd  stm32f4xx_rcc.o
    0x0800121c   0x00000020   Code   RO          443    i.RCC_APB2PeriphResetCmd  stm32f4xx_rcc.o
    0x0800123c   0x0000018c   Code   RO         2338    i.RJ45_1_GPIO_Init  w5200.o
    0x080013c8   0x000000c4   Code   RO         2339    i.RJ45_1_Init       w5200.o
    0x0800148c   0x000000a4   Code   RO         2340    i.RJ45_1_Read       w5200.o
    0x08001530   0x00000038   Code   RO         2341    i.RJ45_1_ReadWriteByte  w5200.o
    0x08001568   0x00000054   Code   RO         2342    i.RJ45_1_Read_Buf   w5200.o
    0x080015bc   0x00000040   Code   RO         2343    i.RJ45_1_Read_Register  w5200.o
    0x080015fc   0x00000048   Code   RO         2344    i.RJ45_1_Reset      w5200.o
    0x08001644   0x00000054   Code   RO         2348    i.RJ45_1_Write_Buf  w5200.o
    0x08001698   0x00000044   Code   RO         2349    i.RJ45_1_Write_Register  w5200.o
    0x080016dc   0x0000018c   Code   RO         2350    i.RJ45_2_Deal       w5200.o
    0x08001868   0x00000180   Code   RO         2351    i.RJ45_2_GPIO_Init  w5200.o
    0x080019e8   0x000000c4   Code   RO         2352    i.RJ45_2_Init       w5200.o
    0x08001aac   0x000000a4   Code   RO         2353    i.RJ45_2_Read       w5200.o
    0x08001b50   0x00000038   Code   RO         2354    i.RJ45_2_ReadWriteByte  w5200.o
    0x08001b88   0x00000050   Code   RO         2355    i.RJ45_2_Read_Buf   w5200.o
    0x08001bd8   0x0000003c   Code   RO         2356    i.RJ45_2_Read_Register  w5200.o
    0x08001c14   0x00000044   Code   RO         2357    i.RJ45_2_Reset      w5200.o
    0x08001c58   0x000000ec   Code   RO         2358    i.RJ45_2_TCP_ServiceInit  w5200.o
    0x08001d44   0x00000084   Code   RO         2359    i.RJ45_2_Write      w5200.o
    0x08001dc8   0x00000050   Code   RO         2360    i.RJ45_2_Write_Buf  w5200.o
    0x08001e18   0x00000040   Code   RO         2361    i.RJ45_2_Write_Register  w5200.o
    0x08001e58   0x000000e4   Code   RO         2252    i.SM2200_GPIO       sm2200.o
    0x08001f3c   0x00000128   Code   RO         2253    i.SM2200_Init       sm2200.o
    0x08002064   0x0000008c   Code   RO         2254    i.SM2200_Receive    sm2200.o
    0x080020f0   0x0000009c   Code   RO         2255    i.SM2200_Send       sm2200.o
    0x0800218c   0x00000038   Code   RO         2256    i.SPI3_ReadWriteByte  sm2200.o
    0x080021c4   0x00000018   Code   RO          899    i.SPI_CalculateCRC  stm32f4xx_spi.o
    0x080021dc   0x00000018   Code   RO          900    i.SPI_Cmd           stm32f4xx_spi.o
    0x080021f4   0x000000b0   Code   RO          907    i.SPI_I2S_DeInit    stm32f4xx_spi.o
    0x080022a4   0x00000012   Code   RO          908    i.SPI_I2S_GetFlagStatus  stm32f4xx_spi.o
    0x080022b6   0x00000006   Code   RO          911    i.SPI_I2S_ReceiveData  stm32f4xx_spi.o
    0x080022bc   0x00000004   Code   RO          912    i.SPI_I2S_SendData  stm32f4xx_spi.o
    0x080022c0   0x0000003c   Code   RO          913    i.SPI_Init          stm32f4xx_spi.o
    0x080022fc   0x000000b8   Code   RO         2257    i.SPI_SM2200        sm2200.o
    0x080023b4   0x00000040   Code   RO         1061    i.SYSCFG_EXTILineConfig  stm32f4xx_syscfg.o
    0x080023f4   0x000000ec   Code   RO          158    i.SetSysClock       system_stm32f4xx.o
    0x080024e0   0x00000028   Code   RO          206    i.SysTick_CLKSourceConfig  misc.o
    0x08002508   0x00000068   Code   RO          160    i.SystemInit        system_stm32f4xx.o
    0x08002570   0x00000028   Code   RO         2743    i.TIM3_IRQHandler   time.o
    0x08002598   0x0000005c   Code   RO         2744    i.TIM3_Init         time.o
    0x080025f4   0x000000c0   Code   RO         2745    i.TIM4_IRQHandler   time.o
    0x080026b4   0x00000060   Code   RO         2746    i.TIM4_Init         time.o
    0x08002714   0x00000006   Code   RO         1125    i.TIM_ClearITPendingBit  stm32f4xx_tim.o
    0x0800271a   0x00000018   Code   RO         1130    i.TIM_Cmd           stm32f4xx_tim.o
    0x08002732   0x00000022   Code   RO         1151    i.TIM_GetITStatus   stm32f4xx_tim.o
    0x08002754   0x00000012   Code   RO         1155    i.TIM_ITConfig      stm32f4xx_tim.o
    0x08002766   0x00000002   PAD
    0x08002768   0x00000084   Code   RO         1202    i.TIM_TimeBaseInit  stm32f4xx_tim.o
    0x080027ec   0x0000009c   Code   RO         2625    i.USART1_IRQHandler  uart.o
    0x08002888   0x00000054   Code   RO         1684    i.USART_GetITStatus  stm32f4xx_usart.o
    0x080028dc   0x0000000a   Code   RO         1694    i.USART_ReceiveData  stm32f4xx_usart.o
    0x080028e6   0x00000002   PAD
    0x080028e8   0x0000000c   Code   RO         1992    i.WWDG_ClearFlag    stm32f4xx_wwdg.o
    0x080028f4   0x00000020   Code   RO         2663    i.WWDG_IRQHandler   wwdg.o
    0x08002914   0x00000010   Code   RO         1997    i.WWDG_SetCounter   stm32f4xx_wwdg.o
    0x08002924   0x0000003c   Code   RO         2697    i.delay_init        delay.o
    0x08002960   0x00000038   Code   RO         2698    i.delay_ms          delay.o
    0x08002998   0x0000004c   Code   RO         2700    i.delay_xms         delay.o
    0x080029e4   0x0000002a   Code   RO         2701    i.delayms           delay.o
    0x08002a0e   0x00000002   PAD
    0x08002a10   0x000000bc   Code   RO         2055    i.gpio_Init         led.o
    0x08002acc   0x00000148   Code   RO            8    i.main              main.o
    0x08002c14   0x0000000a   Code   RO         3066    x$fpl$fpinit        fz_wm.l(fpinit.o)
    0x08002c1e   0x00000002   PAD
    0x08002c20   0x00000020   Data   RO         3134    Region$$Table       anon$$obj.o


    Execution Region RW_IRAM1 (Base: 0x20000000, Size: 0x00003cb0, Max: 0x00020000, ABSOLUTE)

    Base Addr    Size         Type   Attr      Idx    E Section Name        Object

    0x20000000   0x000000bd   Data   RW           10    .data               main.o
    0x200000bd   0x00000001   PAD
    0x200000be   0x0000001a   Data   RW         2362    .data               w5200.o
    0x200000d8   0x00000002   Data   RW         2629    .data               uart.o
    0x200000da   0x00000001   Data   RW         2665    .data               wwdg.o
    0x200000db   0x00000001   PAD
    0x200000dc   0x00000004   Data   RW         2702    .data               delay.o
    0x200000e0   0x0000346c   Zero   RW            9    .bss                main.o
    0x2000354c   0x00000100   Zero   RW         2628    .bss                uart.o
    0x2000364c   0x00000060   Zero   RW         3008    .bss                c_w.l(libspace.o)
    0x200036ac   0x00000004   PAD
    0x200036b0   0x00000200   Zero   RW          194    HEAP                startup_stm32f40_41xxx.o
    0x200038b0   0x00000400   Zero   RW          193    STACK               startup_stm32f40_41xxx.o


==============================================================================

Image component sizes


      Code (inc. data)   RO Data    RW Data    ZI Data      Debug   Object Name

      1340        154          0          0          0       8751   at24c02.o
       234         12          0          4          0       2490   delay.o
       188         12          0          0          0        600   led.o
       328         46          0        189      13420     275871   main.o
       180         24          0          0          0     233477   misc.o
      1284        106          0          0          0       1315   poll.o
      1320        108          0          0          0       6499   sm2200.o
        64         26        392          0       1536        832   startup_stm32f40_41xxx.o
       184         16          0          0          0       2032   stm32f4xx_exti.o
       230          0          0          0          0       3349   stm32f4xx_gpio.o
         0          0          0          0          0       1444   stm32f4xx_it.o
       160         30          0          0          0       2885   stm32f4xx_rcc.o
       312         24          0          0          0       4590   stm32f4xx_spi.o
        64          4          0          0          0        640   stm32f4xx_syscfg.o
       214         28          0          0          0       3582   stm32f4xx_tim.o
        94          0          0          0          0       1944   stm32f4xx_usart.o
        28         10          0          0          0        979   stm32f4xx_wwdg.o
       340         32          0          0          0       1429   system_stm32f4xx.o
       420         38          0          0          0       2456   time.o
       156         22          0          2        256       1262   uart.o
      3428        258          0         26          0      19059   w5200.o
        32          4          0          1          0        721   wwdg.o

    ----------------------------------------------------------------------
     10608        954        424        224      15212     576207   Object Totals
         0          0         32          0          0          0   (incl. Generated)
         8          0          0          2          0          0   (incl. Padding)

    ----------------------------------------------------------------------

      Code (inc. data)   RO Data    RW Data    ZI Data      Debug   Library Member Name

         8          0          0          0          0         68   __main.o
         0          0          0          0          0          0   __rtentry.o
        12          0          0          0          0          0   __rtentry2.o
         6          0          0          0          0          0   __rtentry4.o
        52          8          0          0          0          0   __scatter.o
        26          0          0          0          0          0   __scatter_copy.o
        28          0          0          0          0          0   __scatter_zi.o
        18          0          0          0          0         80   exit.o
         6          0          0          0          0        152   heapauxi.o
         0          0          0          0          0          0   indicate_semi.o
         2          0          0          0          0          0   libinit.o
         6          0          0          0          0          0   libinit2.o
         2          0          0          0          0          0   libshutdown.o
         2          0          0          0          0          0   libshutdown2.o
         8          4          0          0         96         68   libspace.o
         2          0          0          0          0          0   rtexit.o
        10          0          0          0          0          0   rtexit2.o
        12          4          0          0          0         68   sys_exit.o
        74          0          0          0          0         80   sys_stackheap_outer.o
         2          0          0          0          0         68   use_no_semi.o
        10          0          0          0          0        116   fpinit.o

    ----------------------------------------------------------------------
       296         16          0          0        100        700   Library Totals
        10          0          0          0          4          0   (incl. Padding)

    ----------------------------------------------------------------------

      Code (inc. data)   RO Data    RW Data    ZI Data      Debug   Library Name

       276         16          0          0         96        584   c_w.l
        10          0          0          0          0        116   fz_wm.l

    ----------------------------------------------------------------------
       296         16          0          0        100        700   Library Totals

    ----------------------------------------------------------------------

==============================================================================


      Code (inc. data)   RO Data    RW Data    ZI Data      Debug   

     10904        970        424        224      15312     567551   Grand Totals
     10904        970        424        224      15312     567551   ELF Image Totals
     10904        970        424        224          0          0   ROM Totals

==============================================================================

    Total RO  Size (Code + RO Data)                11328 (  11.06kB)
    Total RW  Size (RW Data + ZI Data)             15536 (  15.17kB)
    Total ROM Size (Code + RO Data + RW Data)      11552 (  11.28kB)

==============================================================================

