<html>
<body>
<pre>
<h1>µVision Build Log</h1>
<h2>Tool Versions:</h2>
IDE-Version: ¦ÌVision V5.20.0.0
Copyright (C) 2016 ARM Ltd and ARM Germany GmbH. All rights reserved.
License Information: Xu Microsoft, Microsoft, LIC=KIVDY-I5PP9-PFFIX-H8FEG-5HIE6-NJ8QE
 
Tool Versions:
Toolchain:       MDK-ARM Professional  Version: 5.20
Toolchain Path:  D:\Keil_v5\ARM\ARMCC\Bin
C Compiler:      Armcc.exe V5.06 update 2 (build 183)
Assembler:       Armasm.exe V5.06 update 2 (build 183)
Linker/Locator:  ArmLink.exe V5.06 update 2 (build 183)
Library Manager: ArmAr.exe V5.06 update 2 (build 183)
Hex Converter:   FromElf.exe V5.06 update 2 (build 183)
CPU DLL:         SARMCM3.DLL V5.20
Dialog DLL:      DCM.DLL V1.13.7.0
Target DLL:      Segger\JL2CM3.dll V2.99.20.0
Dialog DLL:      TCM.DLL V1.14.9.0
 
<h2>Project:</h2>
F:\SM2200-Ultimate\Stm32_Code\USER\SM2200-Ultimate.uvprojx
Project File Date:  05/26/2016

<h2>Output:</h2>
*** Using Compiler 'V5.06 update 2 (build 183)', folder: 'D:\Keil_v5\ARM\ARMCC\Bin'
Build target 'SM2200'
compiling stm32f4xx_it.c...
assembling startup_stm32f40_41xxx.s...
compiling system_stm32f4xx.c...
compiling main.c...
Simulation.h(6): warning:  #1295-D: Deprecated declaration FindChatChannel - give arg types
  u8 FindChatChannel();
main.c(302): warning:  #128-D: loop is not reachable
  	while(1)
main.c(325): warning:  #111-D: statement is unreachable
  		RJ45_1_Write(M104_1,6);
main.c(347): warning:  #128-D: loop is not reachable
  	while(1)
main.c: 4 warnings, 0 errors
compiling misc.c...
compiling stm32f4xx_exti.c...
compiling stm32f4xx_gpio.c...
compiling stm32f4xx_rcc.c...
compiling stm32f4xx_fsmc.c...
compiling stm32f4xx_spi.c...
compiling stm32f4xx_syscfg.c...
compiling stm32f4xx_tim.c...
compiling stm32f4xx_usart.c...
compiling stm32f4xx_dma.c...
compiling stm32f4xx_wwdg.c...
compiling LED.c...
compiling LCD.c...
compiling SM2200.c...
..\HardWare\SM2200\SM2200.c(370): warning:  #550-D: variable "spiByteRead" was set but never used
  	u8 spiByteRead;
..\HardWare\SM2200\SM2200.c: 1 warning, 0 errors
compiling W5200.c...
..\HardWare\W5200\W5200.c(460): warning:  #177-D: variable "len" was declared but never referenced
  	u16 len;
..\HardWare\W5200\W5200.c(462): warning:  #177-D: variable "i" was declared but never referenced
  	u8 i;
..\HardWare\W5200\W5200.c(831): warning:  #177-D: variable "len" was declared but never referenced
  	u16 len;
..\HardWare\W5200\W5200.c(832): warning:  #177-D: variable "i" was declared but never referenced
  	u8 i,EventInformation;
..\HardWare\W5200\W5200.c(864): warning:  #177-D: variable "i" was declared but never referenced
  	u8 i;
..\HardWare\W5200\W5200.c: 5 warnings, 0 errors
compiling AT24C02.c...
compiling UART.c...
compiling wwdg.c...
..\HardWare\WWDG\wwdg.c(46): warning:  #1-D: last line of file ends without a newline
  }
..\HardWare\WWDG\wwdg.c: 1 warning, 0 errors
compiling delay.c...
compiling time.c...
compiling OPTest.c...
compiling SelfTest.c...
compiling NetCheck.c...
..\Check\NetCheck.c(12): warning:  #1-D: last line of file ends without a newline
  }
..\Check\NetCheck.c: 1 warning, 0 errors
compiling Simulation.c...
..\USER\Simulation.h(6): warning:  #1295-D: Deprecated declaration FindChatChannel - give arg types
  u8 FindChatChannel();
..\HardWare\Simulation.c(228): warning:  #940-D: missing return statement at end of non-void function "FindChatChannel"
  }
..\HardWare\Simulation.c(828): warning:  #940-D: missing return statement at end of non-void function "MasterCheck_3"
  }
..\HardWare\Simulation.c: 3 warnings, 0 errors
compiling SendReceive.c...
compiling DeviceToDevice.c...
..\Check\DeviceToDevice.c(15): warning:  #177-D: variable "i" was declared but never referenced
  	u8 i;
..\Check\DeviceToDevice.c: 1 warning, 0 errors
linking...
Program Size: Code=9248 RO-data=424 RW-data=252 ZI-data=14780  
FromELF: creating hex file...
"..\OBJ\SM2200-Ultimate.axf" - 0 Error(s), 16 Warning(s).

<h2>Collection of Component include folders:</h2>
  F:\SM2200-Ultimate\Stm32_Code\USER\RTE
  D:\Keil_v5\ARM\PACK\Keil\STM32F4xx_DFP\2.9.0\Drivers\CMSIS\Device\ST\STM32F4xx\Include

<h2>Collection of Component Files used:</h2>
Build Time Elapsed:  00:00:20
</pre>
</body>
</html>
